login as: root
root@fih3ex2dbadm02.emea.nsn-net.net's password:
Last login: Thu Oct 29 14:18:35 2020 from fihel1d-pulsemgate-int-fw01.emea.nsn-net.net
[root@fih3ex2dbadm02 ~]#
[root@fih3ex2dbadm02 ~]#
[root@fih3ex2dbadm02 ~]#
[root@fih3ex2dbadm02 ~]#
[root@fih3ex2dbadm02 ~]# ssh fih3ex2dbadm01
Last login: Wed Oct 28 17:14:27 2020 from fihel1d-pulsemgate-int-fw01.emea.nsn-net.net
[root@fih3ex2dbadm01 ~]#
[root@fih3ex2dbadm01 ~]#
[root@fih3ex2dbadm01 ~]#
[root@fih3ex2dbadm01 ~]#
[root@fih3ex2dbadm01 ~]#
[root@fih3ex2dbadm01 ~]#
[root@fih3ex2dbadm01 ~]# dcli -g ~/cell_group -l root cellcli -e list alerthistory where endTime=null and alertShortName=Hardware and alertType=stateful and severity=critical
fih3ex2celadm03.emea.nsn-net.net: 14_2   2019-11-06T13:32:44+02:00       critical        "The HDD disk controller battery has failed. All disk drives have been placed in WriteThrough caching mode. Disk write performance may be reduce    d. The flash drives are not affected. Battery Serial Number : 11801  Battery Type          : cvpm02  Battery Temperature   : 31 C  Pack Energy           : 14330 Joule  Ambient Temperature   : 23 C"
fih3ex2celadm03.emea.nsn-net.net: 17_1   2020-11-10T11:28:20+02:00       critical        "InfiniBand port HCA-1:2 is in an invalid state.  State               : Down  Physical Link State : Polling  Data Rate           : 10 Gps  Symbo    l Errors       : 0  Received Errors     : 0"
[root@fih3ex2dbadm01 ~]#
[root@fih3ex2dbadm01 ~]#
[root@fih3ex2dbadm01 ~]# cat cell_group
fih3ex2celadm03.emea.nsn-net.net
fih3ex2celadm02.emea.nsn-net.net
fih3ex2celadm01.emea.nsn-net.net
[root@fih3ex2dbadm01 ~]#
[root@fih3ex2dbadm01 ~]# ssh fih3ex2celadm03.emea.nsn-net.net
Last login: Wed Oct 28 18:30:48 2020 from fih3ex2dbadm01.emea.nsn-net.net
[root@fih3ex2celadm03 ~]#
[root@fih3ex2celadm03 ~]#
[root@fih3ex2celadm03 ~]# /opt/MegaRAID/MegaCli/MegaCli64 -AdpAllInfo -a0 | grep BBU
BBU              : Present
BBU                             : Yes
Cache When BBU Bad               : Disabled
[root@fih3ex2celadm03 ~]# /opt/MegaRAID/MegaCli/MegaCli64 -ldsetprop wt -lall -a0
Set Write Policy to WriteThrough on Adapter 0, VD 0 (target id: 0) success
Set Write Policy to WriteThrough on Adapter 0, VD 1 (target id: 1) success
Set Write Policy to WriteThrough on Adapter 0, VD 2 (target id: 2) success
Set Write Policy to WriteThrough on Adapter 0, VD 3 (target id: 3) success
Set Write Policy to WriteThrough on Adapter 0, VD 4 (target id: 4) success
Set Write Policy to WriteThrough on Adapter 0, VD 5 (target id: 5) success
Set Write Policy to WriteThrough on Adapter 0, VD 6 (target id: 6) success
Set Write Policy to WriteThrough on Adapter 0, VD 7 (target id: 7) success
Set Write Policy to WriteThrough on Adapter 0, VD 8 (target id: 8) success
Set Write Policy to WriteThrough on Adapter 0, VD 9 (target id: 9) success
Set Write Policy to WriteThrough on Adapter 0, VD 10 (target id: 10) success
Set Write Policy to WriteThrough on Adapter 0, VD 11 (target id: 11) success

Exit Code: 0x00
[root@fih3ex2celadm03 ~]#
[root@fih3ex2celadm03 ~]#
[root@fih3ex2celadm03 ~]# /opt/MegaRAID/MegaCli/MegaCli64 -ldpdinfo -a0 | grep BBU
Default Cache Policy: WriteThrough, ReadAheadNone, Direct, No Write Cache if Bad BBU
Current Cache Policy: WriteThrough, ReadAheadNone, Direct, No Write Cache if Bad BBU
Default Cache Policy: WriteThrough, ReadAheadNone, Direct, No Write Cache if Bad BBU
Current Cache Policy: WriteThrough, ReadAheadNone, Direct, No Write Cache if Bad BBU
Default Cache Policy: WriteThrough, ReadAheadNone, Direct, No Write Cache if Bad BBU
Current Cache Policy: WriteThrough, ReadAheadNone, Direct, No Write Cache if Bad BBU
Default Cache Policy: WriteThrough, ReadAheadNone, Direct, No Write Cache if Bad BBU
Current Cache Policy: WriteThrough, ReadAheadNone, Direct, No Write Cache if Bad BBU
Default Cache Policy: WriteThrough, ReadAheadNone, Direct, No Write Cache if Bad BBU
Current Cache Policy: WriteThrough, ReadAheadNone, Direct, No Write Cache if Bad BBU
Default Cache Policy: WriteThrough, ReadAheadNone, Direct, No Write Cache if Bad BBU
Current Cache Policy: WriteThrough, ReadAheadNone, Direct, No Write Cache if Bad BBU
Default Cache Policy: WriteThrough, ReadAheadNone, Direct, No Write Cache if Bad BBU
Current Cache Policy: WriteThrough, ReadAheadNone, Direct, No Write Cache if Bad BBU
Default Cache Policy: WriteThrough, ReadAheadNone, Direct, No Write Cache if Bad BBU
Current Cache Policy: WriteThrough, ReadAheadNone, Direct, No Write Cache if Bad BBU
Default Cache Policy: WriteThrough, ReadAheadNone, Direct, No Write Cache if Bad BBU
Current Cache Policy: WriteThrough, ReadAheadNone, Direct, No Write Cache if Bad BBU
Default Cache Policy: WriteThrough, ReadAheadNone, Direct, No Write Cache if Bad BBU
Current Cache Policy: WriteThrough, ReadAheadNone, Direct, No Write Cache if Bad BBU
Default Cache Policy: WriteThrough, ReadAheadNone, Direct, No Write Cache if Bad BBU
Current Cache Policy: WriteThrough, ReadAheadNone, Direct, No Write Cache if Bad BBU
Default Cache Policy: WriteThrough, ReadAheadNone, Direct, No Write Cache if Bad BBU
Current Cache Policy: WriteThrough, ReadAheadNone, Direct, No Write Cache if Bad BBU
[root@fih3ex2celadm03 ~]# cellcli -e list griddisk attributes name,asmmodestatus,asmdeactivationoutcome
         DATAC1_CD_00_fih3ex2celadm03    ONLINE  Yes
         DATAC1_CD_01_fih3ex2celadm03    ONLINE  Yes
         DATAC1_CD_02_fih3ex2celadm03    ONLINE  Yes
         DATAC1_CD_03_fih3ex2celadm03    ONLINE  Yes
         DATAC1_CD_04_fih3ex2celadm03    ONLINE  Yes
         DATAC1_CD_05_fih3ex2celadm03    ONLINE  Yes
         DATA_CD_06_fih3ex2celadm03      ONLINE  Yes
         DATA_CD_07_fih3ex2celadm03      ONLINE  Yes
         DATA_CD_08_fih3ex2celadm03      ONLINE  Yes
         DATA_CD_09_fih3ex2celadm03      ONLINE  Yes
         DATA_CD_10_fih3ex2celadm03      ONLINE  Yes
         DATA_CD_11_fih3ex2celadm03      ONLINE  Yes
         DBFS_DG_CD_02_fih3ex2celadm03   ONLINE  Yes
         DBFS_DG_CD_03_fih3ex2celadm03   ONLINE  Yes
         DBFS_DG_CD_04_fih3ex2celadm03   ONLINE  Yes
         DBFS_DG_CD_05_fih3ex2celadm03   ONLINE  Yes
         DBFS_DG_CD_06_fih3ex2celadm03   ONLINE  Yes
         DBFS_DG_CD_07_fih3ex2celadm03   ONLINE  Yes
         DBFS_DG_CD_08_fih3ex2celadm03   ONLINE  Yes
         DBFS_DG_CD_09_fih3ex2celadm03   ONLINE  Yes
         DBFS_DG_CD_10_fih3ex2celadm03   ONLINE  Yes
         DBFS_DG_CD_11_fih3ex2celadm03   ONLINE  Yes
         RECOC1_CD_00_fih3ex2celadm03    ONLINE  Yes
         RECOC1_CD_01_fih3ex2celadm03    ONLINE  Yes
         RECOC1_CD_02_fih3ex2celadm03    ONLINE  Yes
         RECOC1_CD_03_fih3ex2celadm03    ONLINE  Yes
         RECOC1_CD_04_fih3ex2celadm03    ONLINE  Yes
         RECOC1_CD_05_fih3ex2celadm03    ONLINE  Yes
         RECO_CD_06_fih3ex2celadm03      ONLINE  Yes
         RECO_CD_07_fih3ex2celadm03      ONLINE  Yes
         RECO_CD_08_fih3ex2celadm03      ONLINE  Yes
         RECO_CD_09_fih3ex2celadm03      ONLINE  Yes
         RECO_CD_10_fih3ex2celadm03      ONLINE  Yes
         RECO_CD_11_fih3ex2celadm03      ONLINE  Yes
[root@fih3ex2celadm03 ~]# ALTER GRIDDISK ALL INACTIVE
-bash: ALTER: command not found
[root@fih3ex2celadm03 ~]#
[root@fih3ex2celadm03 ~]#
[root@fih3ex2celadm03 ~]# cellcli
CellCLI: Release 18.1.7.0.0 - Production on Tue Nov 10 13:45:41 EET 2020

Copyright (c) 2007, 2016, Oracle and/or its affiliates. All rights reserved.

CellCLI>

CellCLI>

CellCLI>

CellCLI> ALTER GRIDDISK ALL INACTIVE
GridDisk DATAC1_CD_00_fih3ex2celadm03 successfully altered
GridDisk DATAC1_CD_01_fih3ex2celadm03 successfully altered
GridDisk DATAC1_CD_02_fih3ex2celadm03 successfully altered
GridDisk DATAC1_CD_03_fih3ex2celadm03 successfully altered
GridDisk DATAC1_CD_04_fih3ex2celadm03 successfully altered
GridDisk DATAC1_CD_05_fih3ex2celadm03 successfully altered
GridDisk DATA_CD_06_fih3ex2celadm03 successfully altered
GridDisk DATA_CD_07_fih3ex2celadm03 successfully altered
GridDisk DATA_CD_08_fih3ex2celadm03 successfully altered
GridDisk DATA_CD_09_fih3ex2celadm03 successfully altered
GridDisk DATA_CD_10_fih3ex2celadm03 successfully altered
GridDisk DATA_CD_11_fih3ex2celadm03 successfully altered
GridDisk DBFS_DG_CD_02_fih3ex2celadm03 successfully altered
GridDisk DBFS_DG_CD_03_fih3ex2celadm03 successfully altered
GridDisk DBFS_DG_CD_04_fih3ex2celadm03 successfully altered
GridDisk DBFS_DG_CD_05_fih3ex2celadm03 successfully altered
GridDisk DBFS_DG_CD_06_fih3ex2celadm03 successfully altered
GridDisk DBFS_DG_CD_07_fih3ex2celadm03 successfully altered
GridDisk DBFS_DG_CD_08_fih3ex2celadm03 successfully altered
GridDisk DBFS_DG_CD_09_fih3ex2celadm03 successfully altered
GridDisk DBFS_DG_CD_10_fih3ex2celadm03 successfully altered
GridDisk DBFS_DG_CD_11_fih3ex2celadm03 successfully altered
GridDisk RECOC1_CD_00_fih3ex2celadm03 successfully altered
GridDisk RECOC1_CD_01_fih3ex2celadm03 successfully altered
GridDisk RECOC1_CD_02_fih3ex2celadm03 successfully altered
GridDisk RECOC1_CD_03_fih3ex2celadm03 successfully altered
GridDisk RECOC1_CD_04_fih3ex2celadm03 successfully altered
GridDisk RECOC1_CD_05_fih3ex2celadm03 successfully altered
GridDisk RECO_CD_06_fih3ex2celadm03 successfully altered
GridDisk RECO_CD_07_fih3ex2celadm03 successfully altered
GridDisk RECO_CD_08_fih3ex2celadm03 successfully altered
GridDisk RECO_CD_09_fih3ex2celadm03 successfully altered
GridDisk RECO_CD_10_fih3ex2celadm03 successfully altered
GridDisk RECO_CD_11_fih3ex2celadm03 successfully altered

CellCLI>

CellCLI>

CellCLI> list griddisk attributes name,status,asmmodestatus,asmdeactivationoutcome
         DATAC1_CD_00_fih3ex2celadm03    inactive        OFFLINE         Yes
         DATAC1_CD_01_fih3ex2celadm03    inactive        OFFLINE         Yes
         DATAC1_CD_02_fih3ex2celadm03    inactive        OFFLINE         Yes
         DATAC1_CD_03_fih3ex2celadm03    inactive        OFFLINE         Yes
         DATAC1_CD_04_fih3ex2celadm03    inactive        OFFLINE         Yes
         DATAC1_CD_05_fih3ex2celadm03    inactive        OFFLINE         Yes
         DATA_CD_06_fih3ex2celadm03      inactive        OFFLINE         Yes
         DATA_CD_07_fih3ex2celadm03      inactive        OFFLINE         Yes
         DATA_CD_08_fih3ex2celadm03      inactive        OFFLINE         Yes
         DATA_CD_09_fih3ex2celadm03      inactive        OFFLINE         Yes
         DATA_CD_10_fih3ex2celadm03      inactive        OFFLINE         Yes
         DATA_CD_11_fih3ex2celadm03      inactive        OFFLINE         Yes
         DBFS_DG_CD_02_fih3ex2celadm03   inactive        OFFLINE         Yes
         DBFS_DG_CD_03_fih3ex2celadm03   inactive        OFFLINE         Yes
         DBFS_DG_CD_04_fih3ex2celadm03   inactive        OFFLINE         Yes
         DBFS_DG_CD_05_fih3ex2celadm03   inactive        OFFLINE         Yes
         DBFS_DG_CD_06_fih3ex2celadm03   inactive        OFFLINE         Yes
         DBFS_DG_CD_07_fih3ex2celadm03   inactive        OFFLINE         Yes
         DBFS_DG_CD_08_fih3ex2celadm03   inactive        OFFLINE         Yes
         DBFS_DG_CD_09_fih3ex2celadm03   inactive        OFFLINE         Yes
         DBFS_DG_CD_10_fih3ex2celadm03   inactive        OFFLINE         Yes
Initializing Intel(R) Boot Agent XE v2.3.20
PXE 2.1 Build 092 (WfM 2.0)

Press Ctrl+S to enter the Setup Menu..




















                                                                             B2
[root@fih3ex2celadm03 ~]#
[root@fih3ex2celadm03 ~]# hostname
fih3ex2celadm03.emea.nsn-net.net
[root@fih3ex2celadm03 ~]#
[root@fih3ex2celadm03 ~]#
[root@fih3ex2celadm03 ~]# shutdown -hP now

Broadcast message from root@fih3ex2celadm03.emea.nsn-net.net
        (/dev/pts/0) at 13:49 ...

The system is going down for power off NOW!
[root@fih3ex2celadm03 ~]# Connection to fih3ex2celadm03.emea.nsn-net.net closed by remote host.
Connection to fih3ex2celadm03.emea.nsn-net.net closed.
[root@fih3ex2dbadm01 ~]#
[root@fih3ex2dbadm01 ~]#
[root@fih3ex2dbadm01 ~]# date
Tue Nov 10 13:52:42 EET 2020
[root@fih3ex2dbadm01 ~]#
[root@fih3ex2dbadm01 ~]#
[root@fih3ex2dbadm01 ~]#
[root@fih3ex2dbadm01 ~]# ssh fih3ex2celadm03-ilom
Password:

Oracle(R) Integrated Lights Out Manager

Version 4.0.2.26.b r125868

Copyright (c) 2018, Oracle and/or its affiliates. All rights reserved.

Warning: HTTPS certificate is set to factory default.

Hostname: fih3ex2celadm03-ilom

-> start /SP/console
Are you sure you want to start /SP/console (y/n)? y

Serial console started.  To stop, type ESC (
.



      Exadata_DBM_0: CELL_USB_BOOT_trying_C0D0_as_HD0
      Exadata_DBM_1: CELL_USB_BOOT_trying_C0D1_as_HD0
      Exadata_DBM_2: CELL_USB_BOOT_trying_C0D0_as_HD1
      Exadata_DBM_3: CELL_USB_BOOT_trying_C0D1_as_HD2
      Exadata_DBM_4: CELL_USB_BOOT_trying_C0D0_as_HD3
      Exadata_DBM_5: CELL_USB_BOOT_trying_C0D1_as_HD3
      Exadata_DBM_6: CELL_USB_BOOT_trying_CELLBOOT_usb_as_final_resort
      Exadata_DBM_7: CELL_USB_BOOT_CELLBOOT_usb_in_rescue_mode








      Use the ^ and v keys to change the selection.
      Press 'e' to edit the selected item, or 'c' for a command prompt.
   The selected entry will be started automatically in 0s.
[    0.000000] Initializing cgroup subsys cpuset
[    0.000000] Initializing cgroup subsys cpu
[    0.000000] Initializing cgroup subsys cpuacct
[    0.000000] Linux version 4.1.12-94.8.4.el6uek.x86_64 (mockbuild@x86-ol6-builder-04) (gcc version 4.9.2 20150212 (Red Hat 4.9.2-6.2.0.3) (GCC) ) #2 SMP Sat May 5 16:14:51 PDT 2018
[    0.000000] Command line: BOOT_IMAGE=/vmlinuz-4.1.12-94.8.4.el6uek.x86_64 root=/dev/md5 bootarea=c0d0 bootfrom=CELLBOOT ro loglevel=7 panic=60 debug pci=noaer log_buf_len=1m nmi_watchdog=0 transparent_hugepage=never rd_NO_PLYMOUTH crashkernel=448M@128M audit=1 console=tty1 console=ttyS0,115200n8 numa=off
[    0.000000] e820: BIOS-provided physical RAM map:
[    0.000000] BIOS-e820: [mem 0x0000000000000000-0x000000000009afff] usable
[    0.000000] BIOS-e820: [mem 0x000000000009b000-0x000000000009ffff] reserved
[    0.000000] BIOS-e820: [mem 0x00000000000e0000-0x00000000000fffff] reserved
[    0.000000] BIOS-e820: [mem 0x0000000000100000-0x0000000077928fff] usable
[    0.000000] BIOS-e820: [mem 0x0000000077929000-0x0000000079356fff] reserved
[    0.000000] BIOS-e820: [mem 0x0000000079357000-0x0000000079391fff] ACPI data
[    0.000000] BIOS-e820: [mem 0x0000000079392000-0x0000000079900fff] ACPI NVS
[    0.000000] BIOS-e820: [mem 0x0000000079901000-0x000000007bd4dfff] reserved
[    0.000000] BIOS-e820: [mem 0x000000007bd4e000-0x000000007bd57fff] usable
[    0.000000] BIOS-e820: [mem 0x000000007bd58000-0x000000007bd58fff] reserved
[    0.000000] BIOS-e820: [mem 0x000000007bd59000-0x000000007bd5bfff] usable
[    0.000000] BIOS-e820: [mem 0x000000007bd5c000-0x000000007bd5cfff] reserved
[    0.000000] BIOS-e820: [mem 0x000000007bd5d000-0x000000007bd5dfff] usable
[    0.000000] BIOS-e820: [mem 0x000000007bd5e000-0x000000007bde3fff] reserved
[    0.000000] BIOS-e820: [mem 0x000000007bde4000-0x000000007bffffff] usable
[    0.000000] BIOS-e820: [mem 0x0000000080000000-0x000000008fffffff] reserved
[    0.000000] BIOS-e820: [mem 0x00000000fed1c000-0x00000000fed1ffff] reserved
[    0.000000] BIOS-e820: [mem 0x00000000ff000000-0x00000000ffffffff] reserved
[    0.000000] BIOS-e820: [mem 0x0000000100000000-0x000000187fffffff] usable
[    0.000000] NX (Execute Disable) protection: active
[    0.000000] SMBIOS 2.8 present.
[    0.000000] DMI: Oracle Corporation ORACLE SERVER X5-2L/ASM,MOBO TRAY,2U, BIOS 31130500 06/01/2018
[    0.000000] e820: update [mem 0x00000000-0x00000fff] usable ==> reserved
[    0.000000] e820: remove [mem 0x000a0000-0x000fffff] usable
[    0.000000] AGP: No AGP bridge found
[    0.000000] e820: last_pfn = 0x1880000 max_arch_pfn = 0x400000000
[    0.000000] MTRR default type: write-back
[    0.000000] MTRR fixed ranges enabled:
[    0.000000]   00000-9FFFF write-back
[    0.000000]   A0000-BFFFF uncachable
[    0.000000]   C0000-FFFFF write-protect
[    0.000000] MTRR variable ranges enabled:
[    0.000000]   0 base 000080000000 mask 3FFF80000000 uncachable
[    0.000000]   1 base 380000000000 mask 3F8000000000 uncachable
[    0.000000]   2 base 0000C7A00000 mask 3FFFFFE00000 write-through
[    0.000000]   3 base 0000C7C00000 mask 3FFFFFE00000 write-through
[    0.000000]   4 base 0000C7E00000 mask 3FFFFFF00000 write-through
[    0.000000]   5 base 0000FB200000 mask 3FFFFFE00000 write-through
[    0.000000]   6 base 0000FB400000 mask 3FFFFFE00000 write-through
[    0.000000]   7 base 0000FB600000 mask 3FFFFFF00000 write-through
[    0.000000]   8 disabled
[    0.000000]   9 disabled
[    0.000000] PAT configuration [0-7]: WB  WC  UC- UC  WB  WC  UC- UC
[    0.000000] e820: last_pfn = 0x7c000 max_arch_pfn = 0x400000000
[    0.000000] found SMP MP-table at [mem 0x000fdc50-0x000fdc5f] mapped at [ffff8800000fdc50]
[    0.000000] Base memory trampoline at [ffff880000094000] 94000 size 28672
[    0.000000] Using GB pages for direct mapping
[    0.000000] BRK [0x02095000, 0x02095fff] PGTABLE
[    0.000000] BRK [0x02096000, 0x02096fff] PGTABLE
[    0.000000] BRK [0x02097000, 0x02097fff] PGTABLE
[    0.000000] BRK [0x02098000, 0x02098fff] PGTABLE
[    0.000000] RAMDISK: [mem 0x374fe000-0x37a76fff]
[    0.000000] ACPI: Early table checksum verification disabled
[    0.000000] ACPI: RSDP 0x00000000000F0530 000024 (v02 ORACLE)
[    0.000000] ACPI: XSDT 0x000000007936B0A8 0000D4 (v01 ORACLE X5-2L    31130500 AMI  00010013)
[    0.000000] ACPI: FACP 0x0000000079380610 00010C (v05 ORACLE X5-2L    31130500 AMI  00010013)
[    0.000000] ACPI: DSDT 0x000000007936B210 015400 (v02 ORACLE X5-2L    31130500 INTL 20091013)
[    0.000000] ACPI: FACS 0x00000000798FEF80 000040
[    0.000000] ACPI: APIC 0x0000000079380720 000224 (v03 ORACLE X5-2L    31130500 AMI  00010013)
[    0.000000] ACPI: FPDT 0x0000000079380948 000044 (v01 ORACLE X5-2L    31130500 AMI  00010013)
[    0.000000] ACPI: FIDT 0x0000000079380990 00009C (v01 ORACLE X5-2L    31130500 AMI  00010013)
[    0.000000] ACPI: SPMI 0x0000000079380A30 000041 (v05 ORACLE X5-2L    31130500 AMI. 00000000)
[    0.000000] ACPI: MCFG 0x0000000079380A78 00003C (v01 ORACLE X5-2L    31130500 MSFT 00000097)
[    0.000000] ACPI: OEMS 0x0000000079380AB8 0007DC (v01 ORACLE X5-2L    31130500 ORCL 00000001)
[    0.000000] ACPI: UEFI 0x0000000079381298 000042 (v01 ORACLE X5-2L    31130500      00000000)
[    0.000000] ACPI: BDAT 0x00000000793812E0 000030 (v01 ORACLE X5-2L    31130500 INTL 20091013)
[    0.000000] ACPI: HPET 0x0000000079381310 000038 (v01 ORACLE X5-2L    31130500 INTL 20091013)
[    0.000000] ACPI: MPST 0x0000000079381348 000DF8 (v01 ORACLE X5-2L    31130500 INTL 20091013)
[    0.000000] ACPI: PCCT 0x0000000079382140 00006E (v01 ORACLE X5-2L    31130500 INTL 20091013)
[    0.000000] ACPI: PMCT 0x00000000793821B0 000064 (v01 ORACLE X5-2L    31130500 INTL 20091013)
[    0.000000] ACPI: PMTT 0x0000000079382218 000268 (v01 ORACLE X5-2L    31130500 INTL 20091013)
[    0.000000] ACPI: WDDT 0x0000000079382480 000040 (v01 ORACLE X5-2L    31130500 INTL 20091013)
[    0.000000] ACPI: SSDT 0x00000000793824C0 00ED2F (v01 ORACLE PmMgt    31130500 INTL 20120913)
[    0.000000] ACPI: OEMP 0x00000000793911F0 000158 (v01 ORACLE X5-2L    31130500 ORCL 00000001)
[    0.000000] ACPI: DMAR 0x0000000079391348 000168 (v01 ORACLE X5-2L    31130500 INTL 20091013)
[    0.000000] ACPI: HEST 0x00000000793914B0 00013C (v01 ORACLE X5-2L    31130500 INTL 00000001)
[    0.000000] ACPI: BERT 0x00000000793915F0 000030 (v01 ORACLE X5-2L    31130500 INTL 00000001)
[    0.000000] ACPI: ERST 0x0000000079391620 000230 (v01 ORACLE X5-2L    31130500 INTL 00000001)
[    0.000000] ACPI: EINJ 0x0000000079391850 000130 (v01 ORACLE X5-2L    31130500 INTL 00000001)
[    0.000000] ACPI: Local APIC address 0xfee00000
[    0.000000] NUMA turned off
[    0.000000] Faking a node at [mem 0x0000000000000000-0x000000187fffffff]
[    0.000000] NODE_DATA(0) allocated [mem 0x187ffd7000-0x187fffdfff]
[    0.000000] cma: Reserved 16 MiB at 0x000000187ec00000
[    0.000000] Reserving 448MB of memory at 128MB for crashkernel (System RAM: 98170MB)
[    0.000000] Zone ranges:
[    0.000000]   DMA      [mem 0x0000000000001000-0x0000000000ffffff]
[    0.000000]   DMA32    [mem 0x0000000001000000-0x00000000ffffffff]
[    0.000000]   Normal   [mem 0x0000000100000000-0x000000187fffffff]
[    0.000000] Movable zone start for each node
[    0.000000] Early memory node ranges
[    0.000000]   node   0: [mem 0x0000000000001000-0x000000000009afff]
[    0.000000]   node   0: [mem 0x0000000000100000-0x0000000077928fff]
[    0.000000]   node   0: [mem 0x000000007bd4e000-0x000000007bd57fff]
[    0.000000]   node   0: [mem 0x000000007bd59000-0x000000007bd5bfff]
[    0.000000]   node   0: [mem 0x000000007bd5d000-0x000000007bd5dfff]
[    0.000000]   node   0: [mem 0x000000007bde4000-0x000000007bffffff]
[    0.000000]   node   0: [mem 0x0000000100000000-0x000000187fffffff]
[    0.000000] Initmem setup node 0 [mem 0x0000000000001000-0x000000187fffffff]
[    0.000000] On node 0 totalpages: 25131757
[    0.000000]   DMA zone: 64 pages used for memmap
[    0.000000]   DMA zone: 22 pages reserved
[    0.000000]   DMA zone: 3994 pages, LIFO batch:0
[    0.000000]   DMA32 zone: 7598 pages used for memmap
[    0.000000]   DMA32 zone: 486227 pages, LIFO batch:31
[    0.000000]   Normal zone: 385024 pages used for memmap
[    0.000000]   Normal zone: 24641536 pages, LIFO batch:31
[    0.000000] ACPI: PM-Timer IO Port: 0x408
[    0.000000] ACPI: Local APIC address 0xfee00000
[    0.000000] ACPI: LAPIC_NMI (acpi_id[0x00] high edge lint[0x1])
[    0.000000] ACPI: LAPIC_NMI (acpi_id[0x02] high edge lint[0x1])
[    0.000000] ACPI: LAPIC_NMI (acpi_id[0x04] high edge lint[0x1])
[    0.000000] ACPI: LAPIC_NMI (acpi_id[0x06] high edge lint[0x1])
[    0.000000] ACPI: LAPIC_NMI (acpi_id[0x08] high edge lint[0x1])
[    0.000000] ACPI: LAPIC_NMI (acpi_id[0x0a] high edge lint[0x1])
[    0.000000] ACPI: LAPIC_NMI (acpi_id[0x0c] high edge lint[0x1])
[    0.000000] ACPI: LAPIC_NMI (acpi_id[0x0e] high edge lint[0x1])
[    0.000000] ACPI: LAPIC_NMI (acpi_id[0x10] high edge lint[0x1])
[    0.000000] ACPI: LAPIC_NMI (acpi_id[0x12] high edge lint[0x1])
[    0.000000] ACPI: LAPIC_NMI (acpi_id[0x14] high edge lint[0x1])
[    0.000000] ACPI: LAPIC_NMI (acpi_id[0x16] high edge lint[0x1])
[    0.000000] ACPI: LAPIC_NMI (acpi_id[0x18] high edge lint[0x1])
[    0.000000] ACPI: LAPIC_NMI (acpi_id[0x1a] high edge lint[0x1])
[    0.000000] ACPI: LAPIC_NMI (acpi_id[0x1c] high edge lint[0x1])
[    0.000000] ACPI: LAPIC_NMI (acpi_id[0x1e] high edge lint[0x1])
[    0.000000] ACPI: LAPIC_NMI (acpi_id[0x01] high edge lint[0x1])
[    0.000000] ACPI: LAPIC_NMI (acpi_id[0x03] high edge lint[0x1])
[    0.000000] ACPI: LAPIC_NMI (acpi_id[0x05] high edge lint[0x1])
[    0.000000] ACPI: LAPIC_NMI (acpi_id[0x07] high edge lint[0x1])
[    0.000000] ACPI: LAPIC_NMI (acpi_id[0x09] high edge lint[0x1])
[    0.000000] ACPI: LAPIC_NMI (acpi_id[0x0b] high edge lint[0x1])
[    0.000000] ACPI: LAPIC_NMI (acpi_id[0x0d] high edge lint[0x1])
[    0.000000] ACPI: LAPIC_NMI (acpi_id[0x0f] high edge lint[0x1])
[    0.000000] ACPI: LAPIC_NMI (acpi_id[0x11] high edge lint[0x1])
[    0.000000] ACPI: LAPIC_NMI (acpi_id[0x13] high edge lint[0x1])
[    0.000000] ACPI: LAPIC_NMI (acpi_id[0x15] high edge lint[0x1])
[    0.000000] ACPI: LAPIC_NMI (acpi_id[0x17] high edge lint[0x1])
[    0.000000] ACPI: LAPIC_NMI (acpi_id[0x19] high edge lint[0x1])
[    0.000000] ACPI: LAPIC_NMI (acpi_id[0x1b] high edge lint[0x1])
[    0.000000] ACPI: LAPIC_NMI (acpi_id[0x1d] high edge lint[0x1])
[    0.000000] ACPI: LAPIC_NMI (acpi_id[0x1f] high edge lint[0x1])
[    0.000000] IOAPIC[0]: apic_id 8, version 32, address 0xfec00000, GSI 0-23
[    0.000000] IOAPIC[1]: apic_id 9, version 32, address 0xfec01000, GSI 24-47
[    0.000000] IOAPIC[2]: apic_id 10, version 32, address 0xfec40000, GSI 48-71
[    0.000000] ACPI: INT_SRC_OVR (bus 0 bus_irq 0 global_irq 2 dfl dfl)
[    0.000000] ACPI: INT_SRC_OVR (bus 0 bus_irq 9 global_irq 9 high level)
[    0.000000] ACPI: IRQ0 used by override.
[    0.000000] ACPI: IRQ9 used by override.
[    0.000000] Using ACPI (MADT) for SMP configuration information
[    0.000000] ACPI: HPET id: 0x8086a701 base: 0xfed00000
[    0.000000] smpboot: Allowing 32 CPUs, 0 hotplug CPUs
[    0.000000] PM: Registered nosave memory: [mem 0x00000000-0x00000fff]
[    0.000000] PM: Registered nosave memory: [mem 0x0009b000-0x0009ffff]
[    0.000000] PM: Registered nosave memory: [mem 0x000a0000-0x000dffff]
[    0.000000] PM: Registered nosave memory: [mem 0x000e0000-0x000fffff]
[    0.000000] PM: Registered nosave memory: [mem 0x77929000-0x79356fff]
[    0.000000] PM: Registered nosave memory: [mem 0x79357000-0x79391fff]
[    0.000000] PM: Registered nosave memory: [mem 0x79392000-0x79900fff]
[    0.000000] PM: Registered nosave memory: [mem 0x79901000-0x7bd4dfff]
[    0.000000] PM: Registered nosave memory: [mem 0x7bd58000-0x7bd58fff]
[    0.000000] PM: Registered nosave memory: [mem 0x7bd5c000-0x7bd5cfff]
[    0.000000] PM: Registered nosave memory: [mem 0x7bd5e000-0x7bde3fff]
[    0.000000] PM: Registered nosave memory: [mem 0x7c000000-0x7fffffff]
[    0.000000] PM: Registered nosave memory: [mem 0x80000000-0x8fffffff]
[    0.000000] PM: Registered nosave memory: [mem 0x90000000-0xfed1bfff]
[    0.000000] PM: Registered nosave memory: [mem 0xfed1c000-0xfed1ffff]
[    0.000000] PM: Registered nosave memory: [mem 0xfed20000-0xfeffffff]
[    0.000000] PM: Registered nosave memory: [mem 0xff000000-0xffffffff]
[    0.000000] e820: [mem 0x90000000-0xfed1bfff] available for PCI devices
[    0.000000] Booting paravirtualized kernel on bare hardware
[    0.000000] clocksource refined-jiffies: mask: 0xffffffff max_cycles: 0xffffffff, max_idle_ns: 1910969940391419 ns
[    0.000000] setup_percpu: NR_CPUS:8192 nr_cpumask_bits:32 nr_cpu_ids:32 nr_node_ids:1
[    0.000000] PERCPU: Embedded 35 pages/cpu @ffff88187e400000 s104472 r8192 d30696 u262144
[    0.000000] pcpu-alloc: s104472 r8192 d30696 u262144 alloc=1*2097152
[    0.000000] pcpu-alloc: [0] 00 01 02 03 04 05 06 07 [0] 08 09 10 11 12 13 14 15
[    0.000000] pcpu-alloc: [0] 16 17 18 19 20 21 22 23 [0] 24 25 26 27 28 29 30 31
[    0.000000] Built 1 zonelists in Node order, mobility grouping on.  Total pages: 24739049
[    0.000000] Policy zone: Normal
[    0.000000] Kernel command line: BOOT_IMAGE=/vmlinuz-4.1.12-94.8.4.el6uek.x86_64 root=/dev/md5 bootarea=c0d0 bootfrom=CELLBOOT ro loglevel=7 panic=60 debug pci=noaer log_buf_len=1m nmi_watchdog=0 transparent_hugepage=never rd_NO_PLYMOUTH crashkernel=448M@128M audit=1 console=tty1 console=ttyS0,115200n8 numa=off
[    0.000000] audit: enabled (after initialization)
[    0.000000] PID hash table entries: 4096 (order: 3, 32768 bytes)
[    0.000000] xsave: enabled xstate_bv 0x7, cntxt size 0x340 using standard form
[    0.000000] AGP: Checking aperture...
[    0.000000] AGP: No AGP bridge found
[    0.000000] Memory: 98385336K/100527028K available (6886K kernel code, 1601K rwdata, 3692K rodata, 1868K init, 2880K bss, 2125308K reserved, 16384K cma-reserved)
[    0.000000] SLUB: HWalign=64, Order=0-3, MinObjects=0, CPUs=32, Nodes=1
[    0.000000] Kernel/User page tables isolation: enabled
[    0.000000] Hierarchical RCU implementation.
[    0.000000]  RCU restricting CPUs from NR_CPUS=8192 to nr_cpu_ids=32.
[    0.000000] RCU: Adjusting geometry for rcu_fanout_leaf=16, nr_cpu_ids=32
[    0.000000] NR_IRQS:524544 nr_irqs:1496 16
[    0.000000]  Offload RCU callbacks from all CPUs
[    0.000000]  Offload RCU callbacks from CPUs: 0-31.
[    0.000000] Console: colour VGA+ 80x25
[    0.000000] console [tty1] enabled
[    0.000000] console [ttyS0] enabled
[    0.000000] clocksource hpet: mask: 0xffffffff max_cycles: 0xffffffff, max_idle_ns: 133484882848 ns
[    0.000000] hpet clockevent registered
[    0.000000] tsc: Fast TSC calibration using PIT
[    0.000000] tsc: Detected 2394.627 MHz processor
[    0.000039] Calibrating delay loop (skipped), value calculated using timer frequency.. 4789.25 BogoMIPS (lpj=2394627)
[    0.012418] pid_max: default: 32768 minimum: 301
[    0.017832] ACPI: Core revision 20150410
[    0.043079] ACPI: All ACPI Tables successfully acquired
[    0.049351] Security Framework initialized
[    0.054184] SELinux:  Initializing.
[    0.058340] SELinux:  Starting in permissive mode
[    0.071861] Dentry cache hash table entries: 16777216 (order: 15, 134217728 bytes)
[    0.104611] Inode-cache hash table entries: 8388608 (order: 14, 67108864 bytes)
[    0.123122] Mount-cache hash table entries: 262144 (order: 9, 2097152 bytes)
[    0.131395] Mountpoint-cache hash table entries: 262144 (order: 9, 2097152 bytes)
[    0.140856] Initializing cgroup subsys blkio
[    0.145883] Initializing cgroup subsys memory
[    0.151010] Initializing cgroup subsys devices
[    0.156227] Initializing cgroup subsys freezer
[    0.161443] Initializing cgroup subsys net_cls
[    0.166657] Initializing cgroup subsys perf_event
[    0.172166] Initializing cgroup subsys net_prio
[    0.177481] Initializing cgroup subsys hugetlb
[    0.182722] FEATURE SPEC_CTRL Present
[    0.187061] FEATURE IBPB Present
[    0.190920] CPU: Physical Processor ID: 0
[    0.195650] CPU: Processor Core ID: 0
[    0.200750] mce: CPU supports 22 MCE banks
[    0.205605] CPU0: Thermal monitoring enabled (TM1)
[    0.211231] process: using mwait in idle threads
[    0.216713] Last level iTLB entries: 4KB 1024, 2MB 1024, 4MB 1024
[    0.223775] Last level dTLB entries: 4KB 1024, 2MB 1024, 4MB 1024, 1GB 4
[    0.231524] Spectre V2 : Options: IBRS IBPB retpoline
[    0.237421] Spectre V2 : Mitigation: Full generic retpoline
[    0.243899] Spectre V2 : Enabling Indirect Branch Prediction Barrier
[    0.251253] Spectre V2 : Enabling Restricted Speculation for firmware calls
[    0.259671] Freeing SMP alternatives memory: 24K (ffffffff81dbd000 - ffffffff81dc3000)
[    0.270264] ftrace: allocating 26527 entries in 104 pages
[    0.299591] dmar: Host address width 46
[    0.304132] dmar: DRHD base: 0x000000fbffc000 flags: 0x0
[    0.310329] dmar: IOMMU 0: reg_base_addr fbffc000 ver 1:0 cap d2078c106f0466 ecap f020df
[    0.319803] dmar: DRHD base: 0x000000c7ffc000 flags: 0x1
[    0.325992] dmar: IOMMU 1: reg_base_addr c7ffc000 ver 1:0 cap d2078c106f0466 ecap f020df
[    0.335470] dmar: RMRR base: 0x0000007bb85000 end: 0x0000007bb93fff
[    0.342728] dmar: ATSR flags: 0x0
[    0.346680] dmar: RHSA base: 0x000000c7ffc000 proximity domain: 0x0
[    0.353940] dmar: RHSA base: 0x000000fbffc000 proximity domain: 0x1
[    0.361200] IOAPIC id 10 under DRHD base  0xfbffc000 IOMMU 0
[    0.367775] IOAPIC id 8 under DRHD base  0xc7ffc000 IOMMU 1
[    0.374257] IOAPIC id 9 under DRHD base  0xc7ffc000 IOMMU 1
[    0.380738] HPET id 0 under DRHD base 0xc7ffc000
[    0.386660] Queued invalidation will be enabled to support x2apic and Intr-remapping.
[    0.395846] Enabled IRQ remapping in x2apic mode
[    0.401248] x2apic enabled
[    0.404519] Switched APIC routing to cluster x2apic.
[    0.410963] ..TIMER: vector=0x30 apic1=0 pin1=2 apic2=-1 pin2=-1
[    0.427931] TSC deadline timer enabled
[    0.432364] smpboot: CPU0: Intel(R) Xeon(R) CPU E5-2630 v3 @ 2.40GHz (fam: 06, model: 3f, stepping: 02)
[    0.443549] Performance Events: PEBS fmt2+, 16-deep LBR, Haswell events, full-width counters, Intel PMU driver.
[    0.455648] ... version:                3
[    0.460362] ... bit width:              48
[    0.465181] ... generic registers:      4
[    0.469904] ... value mask:             0000ffffffffffff
[    0.476082] ... max period:             0000ffffffffffff
[    0.482263] ... fixed-purpose events:   3
[    0.486986] ... event mask:             000000070000000f
[    0.494137] x86: Booting SMP configuration:
[    0.499060] .... node  #0, CPUs:        #1  #2  #3  #4  #5  #6  #7  #8  #9 #10 #11 #12 #13 #14 #15 #16 #17 #18 #19 #20 #21 #22 #23 #24 #25 #26 #27 #28 #29 #30 #31
[    1.030466] x86: Booted up 1 node, 32 CPUs
[    1.035731] smpboot: Total of 32 processors activated (153340.92 BogoMIPS)
[    1.105871] devtmpfs: initialized
[    1.109888] Using 2GB memory block size for large-memory system
[    1.118605] PM: Registering ACPI NVS region [mem 0x79392000-0x79900fff] (5697536 bytes)
[    1.128156] clocksource jiffies: mask: 0xffffffff max_cycles: 0xffffffff, max_idle_ns: 1911260446275000 ns
[    1.139642] pinctrl core: initialized pinctrl subsystem
[    1.146534] NET: Registered protocol family 16
[    1.154775] cpuidle: using governor menu
[    1.159497] ACPI FADT declares the system doesn't support PCIe ASPM, so disable it
[    1.168386] ACPI: bus type PCI registered
[    1.173110] acpiphp: ACPI Hot Plug PCI Controller Driver version: 0.5
[    1.180647] PCI: MMCONFIG for domain 0000 [bus 00-ff] at [mem 0x80000000-0x8fffffff] (base 0x80000000)
[    1.191485] PCI: MMCONFIG at [mem 0x80000000-0x8fffffff] reserved in E820
[    1.199676] PCI: Using configuration type 1 for base access
[    1.207163] perf_event_intel: PMU erratum BJ122, BV98, HSD29 worked around, HT is on
[    1.219894] ACPI: Added _OSI(Module Device)
[    1.224818] ACPI: Added _OSI(Processor Device)
[    1.230027] ACPI: Added _OSI(3.0 _SCP Extensions)
[    1.235530] ACPI: Added _OSI(Processor Aggregator Device)
[    1.259067] [Firmware Bug]: ACPI: BIOS _OSI(Linux) query ignored
[    1.280062] ACPI: Interpreter enabled
[    1.284404] ACPI Exception: AE_NOT_FOUND, While evaluating Sleep State [\_S1_] (20150410/hwxface-580)
[    1.295292] ACPI Exception: AE_NOT_FOUND, While evaluating Sleep State [\_S2_] (20150410/hwxface-580)
[    1.306174] ACPI Exception: AE_NOT_FOUND, While evaluating Sleep State [\_S3_] (20150410/hwxface-580)
[    1.317058] ACPI Exception: AE_NOT_FOUND, While evaluating Sleep State [\_S4_] (20150410/hwxface-580)
[    1.327946] ACPI: (supports S0 S5)
[    1.331989] ACPI: Using IOAPIC for interrupt routing
[    1.337828] HEST: Table parsing has been initialized.
[    1.343723] PCI: Using host bridge windows from ACPI; if necessary, use "pci=nocrs" and report a bug
[    1.366525] ACPI: PCI Root Bridge [UNC1] (domain 0000 [bus ff])
[    1.373386] acpi PNP0A03:02: _OSC: OS supports [ExtendedConfig ASPM ClockPM Segments MSI]
[    1.382976] acpi PNP0A03:02: _OSC: OS now controls [PCIeHotplug PME PCIeCapability]
[    1.391965] acpi PNP0A03:02: FADT indicates ASPM is unsupported, using BIOS configuration
[    1.401569] PCI host bridge to bus 0000:ff
[    1.406393] pci_bus 0000:ff: root bus resource [bus ff]
[    1.412488] pci 0000:ff:08.0: [8086:2f80] type 00 class 0x088000
[    1.419503] pci 0000:ff:08.2: [8086:2f32] type 00 class 0x110100
[    1.426513] pci 0000:ff:08.3: [8086:2f83] type 00 class 0x088000
[    1.433524] pci 0000:ff:09.0: [8086:2f90] type 00 class 0x088000
[    1.440535] pci 0000:ff:09.2: [8086:2f33] type 00 class 0x110100
[    1.447533] pci 0000:ff:09.3: [8086:2f93] type 00 class 0x088000
[    1.458521] pci 0000:ff:0b.0: [8086:2f81] type 00 class 0x088000
[    1.465527] pci 0000:ff:0b.1: [8086:2f36] type 00 class 0x110100
[    1.472533] pci 0000:ff:0b.2: [8086:2f37] type 00 class 0x110100
[    1.479539] pci 0000:ff:0c.0: [8086:2fe0] type 00 class 0x088000
[    1.486543] pci 0000:ff:0c.1: [8086:2fe1] type 00 class 0x088000
[    1.493545] pci 0000:ff:0c.2: [8086:2fe2] type 00 class 0x088000
[    1.500542] pci 0000:ff:0c.3: [8086:2fe3] type 00 class 0x088000
[    1.507546] pci 0000:ff:0c.4: [8086:2fe4] type 00 class 0x088000
[    1.514553] pci 0000:ff:0c.5: [8086:2fe5] type 00 class 0x088000
[    1.521558] pci 0000:ff:0c.6: [8086:2fe6] type 00 class 0x088000
[    1.528559] pci 0000:ff:0c.7: [8086:2fe7] type 00 class 0x088000
[    1.535567] pci 0000:ff:0f.0: [8086:2ff8] type 00 class 0x088000
[    1.542568] pci 0000:ff:0f.1: [8086:2ff9] type 00 class 0x088000
[    1.549566] pci 0000:ff:0f.4: [8086:2ffc] type 00 class 0x088000
[    1.556571] pci 0000:ff:0f.5: [8086:2ffd] type 00 class 0x088000
[    1.563575] pci 0000:ff:0f.6: [8086:2ffe] type 00 class 0x088000
[    1.570579] pci 0000:ff:10.0: [8086:2f1d] type 00 class 0x088000
[    1.577585] pci 0000:ff:10.1: [8086:2f34] type 00 class 0x110100
[    1.584589] pci 0000:ff:10.5: [8086:2f1e] type 00 class 0x088000
[    1.591593] pci 0000:ff:10.6: [8086:2f7d] type 00 class 0x110100
[    1.598596] pci 0000:ff:10.7: [8086:2f1f] type 00 class 0x088000
[    1.605601] pci 0000:ff:12.0: [8086:2fa0] type 00 class 0x088000
[    1.612605] pci 0000:ff:12.1: [8086:2f30] type 00 class 0x110100
[    1.619614] pci 0000:ff:13.0: [8086:2fa8] type 00 class 0x088000
[    1.626622] pci 0000:ff:13.1: [8086:2f71] type 00 class 0x088000
[    1.633630] pci 0000:ff:13.2: [8086:2faa] type 00 class 0x088000
[    1.640639] pci 0000:ff:13.3: [8086:2fab] type 00 class 0x088000
[    1.647648] pci 0000:ff:13.4: [8086:2fac] type 00 class 0x088000
[    1.654656] pci 0000:ff:13.5: [8086:2fad] type 00 class 0x088000
[    1.661665] pci 0000:ff:13.6: [8086:2fae] type 00 class 0x088000
[    1.668673] pci 0000:ff:13.7: [8086:2faf] type 00 class 0x088000
[    1.675680] pci 0000:ff:14.0: [8086:2fb0] type 00 class 0x088000
[    1.682690] pci 0000:ff:14.1: [8086:2fb1] type 00 class 0x088000
[    1.689701] pci 0000:ff:14.2: [8086:2fb2] type 00 class 0x088000
[    1.696712] pci 0000:ff:14.3: [8086:2fb3] type 00 class 0x088000
[    1.703712] pci 0000:ff:14.4: [8086:2fbc] type 00 class 0x088000
[    1.710720] pci 0000:ff:14.5: [8086:2fbd] type 00 class 0x088000
[    1.717727] pci 0000:ff:14.6: [8086:2fbe] type 00 class 0x088000
[    1.724737] pci 0000:ff:14.7: [8086:2fbf] type 00 class 0x088000
[    1.731743] pci 0000:ff:15.0: [8086:2fb4] type 00 class 0x088000
[    1.738753] pci 0000:ff:15.1: [8086:2fb5] type 00 class 0x088000
[    1.745763] pci 0000:ff:15.2: [8086:2fb6] type 00 class 0x088000
[    1.752773] pci 0000:ff:15.3: [8086:2fb7] type 00 class 0x088000
[    1.759780] pci 0000:ff:16.0: [8086:2f68] type 00 class 0x088000
[    1.766790] pci 0000:ff:16.6: [8086:2f6e] type 00 class 0x088000
[    1.773798] pci 0000:ff:16.7: [8086:2f6f] type 00 class 0x088000
[    1.780807] pci 0000:ff:17.0: [8086:2fd0] type 00 class 0x088000
[    1.787814] pci 0000:ff:17.4: [8086:2fb8] type 00 class 0x088000
[    1.794821] pci 0000:ff:17.5: [8086:2fb9] type 00 class 0x088000
[    1.801828] pci 0000:ff:17.6: [8086:2fba] type 00 class 0x088000
[    1.808837] pci 0000:ff:17.7: [8086:2fbb] type 00 class 0x088000
[    1.815853] pci 0000:ff:1e.0: [8086:2f98] type 00 class 0x088000
[    1.822860] pci 0000:ff:1e.1: [8086:2f99] type 00 class 0x088000
[    1.829868] pci 0000:ff:1e.2: [8086:2f9a] type 00 class 0x088000
[    1.836876] pci 0000:ff:1e.3: [8086:2fc0] type 00 class 0x088000
[    1.843842] pci 0000:ff:1e.3: [Firmware Bug]: reg 0x10: invalid BAR (can't size)
[    1.852578] pci 0000:ff:1e.4: [8086:2f9c] type 00 class 0x088000
[    1.859578] pci 0000:ff:1f.0: [8086:2f88] type 00 class 0x088000
[    1.866587] pci 0000:ff:1f.2: [8086:2f8a] type 00 class 0x088000
[    1.873639] ACPI: PCI Root Bridge [UNC0] (domain 0000 [bus 7f])
[    1.880508] acpi PNP0A03:03: _OSC: OS supports [ExtendedConfig ASPM ClockPM Segments MSI]
[    1.890093] acpi PNP0A03:03: _OSC: OS now controls [PCIeHotplug PME PCIeCapability]
[    1.899081] acpi PNP0A03:03: FADT indicates ASPM is unsupported, using BIOS configuration
[    1.908683] PCI host bridge to bus 0000:7f
[    1.913506] pci_bus 0000:7f: root bus resource [bus 7f]
[    1.919598] pci 0000:7f:08.0: [8086:2f80] type 00 class 0x088000
[    1.926603] pci 0000:7f:08.2: [8086:2f32] type 00 class 0x110100
[    1.933608] pci 0000:7f:08.3: [8086:2f83] type 00 class 0x088000
[    1.940614] pci 0000:7f:09.0: [8086:2f90] type 00 class 0x088000
[    1.947618] pci 0000:7f:09.2: [8086:2f33] type 00 class 0x110100
[    1.954621] pci 0000:7f:09.3: [8086:2f93] type 00 class 0x088000
[    1.961632] pci 0000:7f:0b.0: [8086:2f81] type 00 class 0x088000
[    1.968632] pci 0000:7f:0b.1: [8086:2f36] type 00 class 0x110100
[    1.975634] pci 0000:7f:0b.2: [8086:2f37] type 00 class 0x110100
[    1.982637] pci 0000:7f:0c.0: [8086:2fe0] type 00 class 0x088000
[    1.989638] pci 0000:7f:0c.1: [8086:2fe1] type 00 class 0x088000
[    1.996637] pci 0000:7f:0c.2: [8086:2fe2] type 00 class 0x088000
[    2.003638] pci 0000:7f:0c.3: [8086:2fe3] type 00 class 0x088000
[    2.010637] pci 0000:7f:0c.4: [8086:2fe4] type 00 class 0x088000
[    2.017639] pci 0000:7f:0c.5: [8086:2fe5] type 00 class 0x088000
[    2.024630] pci 0000:7f:0c.6: [8086:2fe6] type 00 class 0x088000
[    2.031632] pci 0000:7f:0c.7: [8086:2fe7] type 00 class 0x088000
[    2.038623] pci 0000:7f:0f.0: [8086:2ff8] type 00 class 0x088000
[    2.045627] pci 0000:7f:0f.1: [8086:2ff9] type 00 class 0x088000
[    2.052631] pci 0000:7f:0f.4: [8086:2ffc] type 00 class 0x088000
[    2.059634] pci 0000:7f:0f.5: [8086:2ffd] type 00 class 0x088000
[    2.066637] pci 0000:7f:0f.6: [8086:2ffe] type 00 class 0x088000
[    2.073640] pci 0000:7f:10.0: [8086:2f1d] type 00 class 0x088000
[    2.080644] pci 0000:7f:10.1: [8086:2f34] type 00 class 0x110100
[    2.087646] pci 0000:7f:10.5: [8086:2f1e] type 00 class 0x088000
[    2.094650] pci 0000:7f:10.6: [8086:2f7d] type 00 class 0x110100
[    2.101652] pci 0000:7f:10.7: [8086:2f1f] type 00 class 0x088000
[    2.108654] pci 0000:7f:12.0: [8086:2fa0] type 00 class 0x088000
[    2.115659] pci 0000:7f:12.1: [8086:2f30] type 00 class 0x110100
[    2.122665] pci 0000:7f:13.0: [8086:2fa8] type 00 class 0x088000
[    2.129673] pci 0000:7f:13.1: [8086:2f71] type 00 class 0x088000
[    2.136679] pci 0000:7f:13.2: [8086:2faa] type 00 class 0x088000
[    2.143684] pci 0000:7f:13.3: [8086:2fab] type 00 class 0x088000
[    2.150691] pci 0000:7f:13.4: [8086:2fac] type 00 class 0x088000
[    2.157697] pci 0000:7f:13.5: [8086:2fad] type 00 class 0x088000
[    2.164703] pci 0000:7f:13.6: [8086:2fae] type 00 class 0x088000
[    2.171706] pci 0000:7f:13.7: [8086:2faf] type 00 class 0x088000
[    2.178708] pci 0000:7f:14.0: [8086:2fb0] type 00 class 0x088000
[    2.185714] pci 0000:7f:14.1: [8086:2fb1] type 00 class 0x088000
[    2.192721] pci 0000:7f:14.2: [8086:2fb2] type 00 class 0x088000
[    2.199730] pci 0000:7f:14.3: [8086:2fb3] type 00 class 0x088000
[    2.206738] pci 0000:7f:14.4: [8086:2fbc] type 00 class 0x088000
[    2.213742] pci 0000:7f:14.5: [8086:2fbd] type 00 class 0x088000
[    2.220749] pci 0000:7f:14.6: [8086:2fbe] type 00 class 0x088000
[    2.227754] pci 0000:7f:14.7: [8086:2fbf] type 00 class 0x088000
[    2.234763] pci 0000:7f:15.0: [8086:2fb4] type 00 class 0x088000
[    2.241770] pci 0000:7f:15.1: [8086:2fb5] type 00 class 0x088000
[    2.248778] pci 0000:7f:15.2: [8086:2fb6] type 00 class 0x088000
[    2.255785] pci 0000:7f:15.3: [8086:2fb7] type 00 class 0x088000
[    2.262795] pci 0000:7f:16.0: [8086:2f68] type 00 class 0x088000
[    2.269803] pci 0000:7f:16.6: [8086:2f6e] type 00 class 0x088000
[    2.276807] pci 0000:7f:16.7: [8086:2f6f] type 00 class 0x088000
[    2.283812] pci 0000:7f:17.0: [8086:2fd0] type 00 class 0x088000
[    2.290822] pci 0000:7f:17.4: [8086:2fb8] type 00 class 0x088000
[    2.297828] pci 0000:7f:17.5: [8086:2fb9] type 00 class 0x088000
[    2.304833] pci 0000:7f:17.6: [8086:2fba] type 00 class 0x088000
[    2.311836] pci 0000:7f:17.7: [8086:2fbb] type 00 class 0x088000
[    2.318845] pci 0000:7f:1e.0: [8086:2f98] type 00 class 0x088000
[    2.325852] pci 0000:7f:1e.1: [8086:2f99] type 00 class 0x088000
[    2.332855] pci 0000:7f:1e.2: [8086:2f9a] type 00 class 0x088000
[    2.339860] pci 0000:7f:1e.3: [8086:2fc0] type 00 class 0x088000
[    2.346826] pci 0000:7f:1e.3: [Firmware Bug]: reg 0x10: invalid BAR (can't size)
[    2.355553] pci 0000:7f:1e.4: [8086:2f9c] type 00 class 0x088000
[    2.362551] pci 0000:7f:1f.0: [8086:2f88] type 00 class 0x088000
[    2.369552] pci 0000:7f:1f.2: [8086:2f8a] type 00 class 0x088000
[    2.378041] ACPI: PCI Root Bridge [PCI0] (domain 0000 [bus 00-7e])
[    2.385203] acpi PNP0A08:00: _OSC: OS supports [ExtendedConfig ASPM ClockPM Segments MSI]
[    2.394969] acpi PNP0A08:00: _OSC: OS now controls [PCIeHotplug PME PCIeCapability]
[    2.403955] acpi PNP0A08:00: FADT indicates ASPM is unsupported, using BIOS configuration
[    2.413991] PCI host bridge to bus 0000:00
[    2.418814] pci_bus 0000:00: root bus resource [bus 00-7e]
[    2.425194] pci_bus 0000:00: root bus resource [io  0x0000-0x03af window]
[    2.433032] pci_bus 0000:00: root bus resource [io  0x03e0-0x0cf7 window]
[    2.440871] pci_bus 0000:00: root bus resource [io  0x03b0-0x03df window]
[    2.448710] pci_bus 0000:00: root bus resource [io  0x1000-0x7fff window]
[    2.456548] pci_bus 0000:00: root bus resource [mem 0x000a0000-0x000bffff window]
[    2.465339] pci_bus 0000:00: root bus resource [mem 0x90000000-0xc7ffbfff window]
[    2.474130] pci_bus 0000:00: root bus resource [mem 0x380000000000-0x383fffffffff window]
[    2.483707] pci 0000:00:00.0: [8086:2f00] type 00 class 0x060000
[    2.490771] pci 0000:00:01.0: [8086:2f02] type 01 class 0x060400
[    2.497773] pci 0000:00:01.0: PME# supported from D0 D3hot D3cold
[    2.504897] pci 0000:00:01.0: System wakeup disabled by ACPI
[    2.511500] pci 0000:00:02.0: [8086:2f04] type 01 class 0x060400
[    2.518502] pci 0000:00:02.0: PME# supported from D0 D3hot D3cold
[    2.525623] pci 0000:00:02.0: System wakeup disabled by ACPI
[    2.532227] pci 0000:00:03.0: [8086:2f08] type 01 class 0x060400
[    2.539227] pci 0000:00:03.0: PME# supported from D0 D3hot D3cold
[    2.546347] pci 0000:00:03.0: System wakeup disabled by ACPI
[    2.552952] pci 0000:00:03.2: [8086:2f0a] type 01 class 0x060400
[    2.559943] pci 0000:00:03.2: PME# supported from D0 D3hot D3cold
[    2.567048] pci 0000:00:03.2: System wakeup disabled by ACPI
[    2.573655] pci 0000:00:04.0: [8086:2f20] type 00 class 0x088000
[    2.580627] pci 0000:00:04.0: reg 0x10: [mem 0x383ffff1c000-0x383ffff1ffff 64bit]
[    2.589512] pci 0000:00:04.1: [8086:2f21] type 00 class 0x088000
[    2.596482] pci 0000:00:04.1: reg 0x10: [mem 0x383ffff18000-0x383ffff1bfff 64bit]
[    2.605369] pci 0000:00:04.2: [8086:2f22] type 00 class 0x088000
[    2.612340] pci 0000:00:04.2: reg 0x10: [mem 0x383ffff14000-0x383ffff17fff 64bit]
[    2.621223] pci 0000:00:04.3: [8086:2f23] type 00 class 0x088000
[    2.628193] pci 0000:00:04.3: reg 0x10: [mem 0x383ffff10000-0x383ffff13fff 64bit]
[    2.637080] pci 0000:00:04.4: [8086:2f24] type 00 class 0x088000
[    2.648027] pci 0000:00:04.4: reg 0x10: [mem 0x383ffff0c000-0x383ffff0ffff 64bit]
[    2.656908] pci 0000:00:04.5: [8086:2f25] type 00 class 0x088000
[    2.663874] pci 0000:00:04.5: reg 0x10: [mem 0x383ffff08000-0x383ffff0bfff 64bit]
[    2.672759] pci 0000:00:04.6: [8086:2f26] type 00 class 0x088000
[    2.679722] pci 0000:00:04.6: reg 0x10: [mem 0x383ffff04000-0x383ffff07fff 64bit]
[    2.688604] pci 0000:00:04.7: [8086:2f27] type 00 class 0x088000
[    2.695575] pci 0000:00:04.7: reg 0x10: [mem 0x383ffff00000-0x383ffff03fff 64bit]
[    2.704461] pci 0000:00:05.0: [8086:2f28] type 00 class 0x088000
[    2.711511] pci 0000:00:05.1: [8086:2f29] type 00 class 0x088000
[    2.718568] pci 0000:00:05.2: [8086:2f2a] type 00 class 0x088000
[    2.725614] pci 0000:00:05.4: [8086:2f2c] type 00 class 0x080020
[    2.732584] pci 0000:00:05.4: reg 0x10: [mem 0xc7204000-0xc7204fff]
[    2.739940] pci 0000:00:11.0: [8086:8d7c] type 00 class 0xff0000
[    2.747059] pci 0000:00:16.0: [8086:8d3a] type 00 class 0x078000
[    2.754039] pci 0000:00:16.0: reg 0x10: [mem 0x383ffff22000-0x383ffff2200f 64bit]
[    2.762887] pci 0000:00:16.0: PME# supported from D0 D3hot D3cold
[    2.770016] pci 0000:00:16.1: [8086:8d3b] type 00 class 0x078000
[    2.776991] pci 0000:00:16.1: reg 0x10: [mem 0x383ffff21000-0x383ffff2100f 64bit]
[    2.785838] pci 0000:00:16.1: PME# supported from D0 D3hot D3cold
[    2.792978] pci 0000:00:1a.0: [8086:8d2d] type 00 class 0x0c0320
[    2.799955] pci 0000:00:1a.0: reg 0x10: [mem 0xc7202000-0xc72023ff]
[    2.807280] pci 0000:00:1a.0: PME# supported from D0 D3hot D3cold
[    2.814394] pci 0000:00:1a.0: System wakeup disabled by ACPI
[    2.821000] pci 0000:00:1c.0: [8086:8d10] type 01 class 0x060400
[    2.828010] pci 0000:00:1c.0: PME# supported from D0 D3hot D3cold
[    2.835103] pci 0000:00:1c.0: System wakeup disabled by ACPI
[    2.841713] pci 0000:00:1c.7: [8086:8d1e] type 01 class 0x060400
[    2.848727] pci 0000:00:1c.7: PME# supported from D0 D3hot D3cold
[    2.855830] pci 0000:00:1c.7: System wakeup disabled by ACPI
[    2.862435] pci 0000:00:1d.0: [8086:8d26] type 00 class 0x0c0320
[    2.869406] pci 0000:00:1d.0: reg 0x10: [mem 0xc7201000-0xc72013ff]
[    2.876736] pci 0000:00:1d.0: PME# supported from D0 D3hot D3cold
[    2.883848] pci 0000:00:1d.0: System wakeup disabled by ACPI
[    2.890456] pci 0000:00:1f.0: [8086:8d44] type 00 class 0x060100
[    2.897576] pci 0000:00:1f.2: [8086:8d02] type 00 class 0x010601
[    2.904550] pci 0000:00:1f.2: reg 0x10: [io  0x7050-0x7057]
[    2.911033] pci 0000:00:1f.2: reg 0x14: [io  0x7040-0x7043]
[    2.917506] pci 0000:00:1f.2: reg 0x18: [io  0x7030-0x7037]
[    2.923987] pci 0000:00:1f.2: reg 0x1c: [io  0x7020-0x7023]
[    2.930469] pci 0000:00:1f.2: reg 0x20: [io  0x7000-0x701f]
[    2.936943] pci 0000:00:1f.2: reg 0x24: [mem 0xc7200000-0xc72007ff]
[    2.944228] pci 0000:00:1f.2: PME# supported from D3hot
[    2.950385] pci 0000:00:1f.3: [8086:8d22] type 00 class 0x0c0500
[    2.957358] pci 0000:00:1f.3: reg 0x10: [mem 0x383ffff20000-0x383ffff200ff 64bit]
[    2.966169] pci 0000:00:1f.3: reg 0x20: [io  0x0580-0x059f]
[    2.972869] pci 0000:03:00.0: [1000:005d] type 00 class 0x010400
[    2.979839] pci 0000:03:00.0: reg 0x10: [io  0x6000-0x60ff]
[    2.986323] pci 0000:03:00.0: reg 0x14: [mem 0xc6f00000-0xc6f0ffff 64bit]
[    2.994170] pci 0000:03:00.0: reg 0x1c: [mem 0xc6e00000-0xc6efffff 64bit]
[    3.002019] pci 0000:03:00.0: reg 0x30: [mem 0xc6d00000-0xc6dfffff pref]
[    3.009791] pci 0000:03:00.0: supports D1 D2
[    3.016831] pci 0000:00:01.0: PCI bridge to [bus 03-12]
[    3.022924] pci 0000:00:01.0:   bridge window [io  0x6000-0x6fff]
[    3.029986] pci 0000:00:01.0:   bridge window [mem 0xc6d00000-0xc6ffffff]
[    3.037975] pci 0000:13:00.0: [8086:0953] type 00 class 0x010802
[    3.044948] pci 0000:13:00.0: reg 0x10: [mem 0xc7100000-0xc7103fff 64bit]
[    3.052804] pci 0000:13:00.0: reg 0x30: [mem 0x00000000-0x0000ffff pref]
[    3.062571] pci 0000:00:02.0: PCI bridge to [bus 13-22]
[    3.068664] pci 0000:00:02.0:   bridge window [mem 0xc7100000-0xc71fffff]
[    3.076645] pci 0000:23:00.0: [8086:0953] type 00 class 0x010802
[    3.083619] pci 0000:23:00.0: reg 0x10: [mem 0xc7000000-0xc7003fff 64bit]
[    3.091476] pci 0000:23:00.0: reg 0x30: [mem 0x00000000-0x0000ffff pref]
[    3.101235] pci 0000:00:03.0: PCI bridge to [bus 23-39]
[    3.107326] pci 0000:00:03.0:   bridge window [mem 0xc7000000-0xc70fffff]
[    3.115311] pci 0000:3a:00.0: [8086:1528] type 00 class 0x020000
[    3.122288] pci 0000:3a:00.0: reg 0x10: [mem 0xc7c00000-0xc7dfffff 64bit pref]
[    3.130809] pci 0000:3a:00.0: reg 0x20: [mem 0xc7e04000-0xc7e07fff 64bit pref]
[    3.139355] pci 0000:3a:00.0: PME# supported from D0 D3hot D3cold
[    3.146434] pci 0000:3a:00.0: reg 0x184: [mem 0xc6c00000-0xc6c03fff 64bit]
[    3.154372] pci 0000:3a:00.0: VF(n) BAR0 space: [mem 0xc6c00000-0xc6cfffff 64bit] (contains BAR0 for 64 VFs)
[    3.165799] pci 0000:3a:00.0: reg 0x190: [mem 0xc6b00000-0xc6b03fff 64bit]
[    3.173734] pci 0000:3a:00.0: VF(n) BAR3 space: [mem 0xc6b00000-0xc6bfffff 64bit] (contains BAR3 for 64 VFs)
[    3.185310] pci 0000:3a:00.1: [8086:1528] type 00 class 0x020000
[    3.192286] pci 0000:3a:00.1: reg 0x10: [mem 0xc7a00000-0xc7bfffff 64bit pref]
[    3.200805] pci 0000:3a:00.1: reg 0x20: [mem 0xc7e00000-0xc7e03fff 64bit pref]
[    3.209352] pci 0000:3a:00.1: PME# supported from D0 D3hot D3cold
[    3.216429] pci 0000:3a:00.1: reg 0x184: [mem 0xc6a00000-0xc6a03fff 64bit]
[    3.224365] pci 0000:3a:00.1: VF(n) BAR0 space: [mem 0xc6a00000-0xc6afffff 64bit] (contains BAR0 for 64 VFs)
[    3.235793] pci 0000:3a:00.1: reg 0x190: [mem 0xc6900000-0xc6903fff 64bit]
[    3.243727] pci 0000:3a:00.1: VF(n) BAR3 space: [mem 0xc6900000-0xc69fffff 64bit] (contains BAR3 for 64 VFs)
[    3.257172] pci 0000:00:03.2: PCI bridge to [bus 3a-3b]
[    3.263263] pci 0000:00:03.2:   bridge window [mem 0xc6900000-0xc6cfffff]
[    3.271105] pci 0000:00:03.2:   bridge window [mem 0xc7a00000-0xc7efffff 64bit pref]
[    3.280226] pci 0000:00:1c.0: PCI bridge to [bus 3c]
[    3.286085] pci 0000:3d:00.0: [102b:0522] type 00 class 0x030000
[    3.293072] pci 0000:3d:00.0: reg 0x10: [mem 0xc5000000-0xc5ffffff]
[    3.300339] pci 0000:3d:00.0: reg 0x14: [mem 0xc6810000-0xc6813fff]
[    3.307606] pci 0000:3d:00.0: reg 0x18: [mem 0xc6000000-0xc67fffff]
[    3.314912] pci 0000:3d:00.0: reg 0x30: [mem 0xc6800000-0xc680ffff pref]
[    3.324685] pci 0000:00:1c.7: PCI bridge to [bus 3d]
[    3.330483] pci 0000:00:1c.7:   bridge window [mem 0xc5000000-0xc68fffff]
[    3.338350] pci_bus 0000:00: on NUMA node 0
[    3.343626] ACPI: PCI Root Bridge [PCI1] (domain 0000 [bus 80-fe])
[    3.350787] acpi PNP0A08:01: _OSC: OS supports [ExtendedConfig ASPM ClockPM Segments MSI]
[    3.360556] acpi PNP0A08:01: _OSC: OS now controls [PCIeHotplug PME PCIeCapability]
[    3.369543] acpi PNP0A08:01: FADT indicates ASPM is unsupported, using BIOS configuration
[    3.379243] PCI host bridge to bus 0000:80
[    3.384067] pci_bus 0000:80: root bus resource [bus 80-fe]
[    3.390451] pci_bus 0000:80: root bus resource [io  0x8000-0xffff window]
[    3.398291] pci_bus 0000:80: root bus resource [mem 0xc8000000-0xfbffbfff window]
[    3.407085] pci_bus 0000:80: root bus resource [mem 0x384000000000-0x387fffffffff window]
[    3.416665] pci 0000:80:01.0: [8086:2f02] type 01 class 0x060400
[    3.423670] pci 0000:80:01.0: PME# supported from D0 D3hot D3cold
[    3.430759] pci 0000:80:01.0: System wakeup disabled by ACPI
[    3.437365] pci 0000:80:02.0: [8086:2f04] type 01 class 0x060400
[    3.444368] pci 0000:80:02.0: PME# supported from D0 D3hot D3cold
[    3.451479] pci 0000:80:02.0: System wakeup disabled by ACPI
[    3.458085] pci 0000:80:02.2: [8086:2f06] type 01 class 0x060400
[    3.465088] pci 0000:80:02.2: PME# supported from D0 D3hot D3cold
[    3.472196] pci 0000:80:02.2: System wakeup disabled by ACPI
[    3.478796] pci 0000:80:03.0: [8086:2f08] type 01 class 0x060400
[    3.485800] pci 0000:80:03.0: PME# supported from D0 D3hot D3cold
[    3.492907] pci 0000:80:03.0: System wakeup disabled by ACPI
[    3.499501] pci 0000:80:04.0: [8086:2f20] type 00 class 0x088000
[    3.506473] pci 0000:80:04.0: reg 0x10: [mem 0x387ffff1c000-0x387ffff1ffff 64bit]
[    3.515349] pci 0000:80:04.1: [8086:2f21] type 00 class 0x088000
[    3.522320] pci 0000:80:04.1: reg 0x10: [mem 0x387ffff18000-0x387ffff1bfff 64bit]
[    3.531190] pci 0000:80:04.2: [8086:2f22] type 00 class 0x088000
[    3.538160] pci 0000:80:04.2: reg 0x10: [mem 0x387ffff14000-0x387ffff17fff 64bit]
[    3.547033] pci 0000:80:04.3: [8086:2f23] type 00 class 0x088000
[    3.554005] pci 0000:80:04.3: reg 0x10: [mem 0x387ffff10000-0x387ffff13fff 64bit]
[    3.562881] pci 0000:80:04.4: [8086:2f24] type 00 class 0x088000
[    3.569850] pci 0000:80:04.4: reg 0x10: [mem 0x387ffff0c000-0x387ffff0ffff 64bit]
[    3.578725] pci 0000:80:04.5: [8086:2f25] type 00 class 0x088000
[    3.585695] pci 0000:80:04.5: reg 0x10: [mem 0x387ffff08000-0x387ffff0bfff 64bit]
[    3.594566] pci 0000:80:04.6: [8086:2f26] type 00 class 0x088000
[    3.601535] pci 0000:80:04.6: reg 0x10: [mem 0x387ffff04000-0x387ffff07fff 64bit]
[    3.610410] pci 0000:80:04.7: [8086:2f27] type 00 class 0x088000
[    3.617378] pci 0000:80:04.7: reg 0x10: [mem 0x387ffff00000-0x387ffff03fff 64bit]
[    3.626257] pci 0000:80:05.0: [8086:2f28] type 00 class 0x088000
[    3.633297] pci 0000:80:05.1: [8086:2f29] type 00 class 0x088000
[    3.640343] pci 0000:80:05.2: [8086:2f2a] type 00 class 0x088000
[    3.647383] pci 0000:80:05.4: [8086:2f2c] type 00 class 0x080020
[    3.654354] pci 0000:80:05.4: reg 0x10: [mem 0xfbf00000-0xfbf00fff]
[    3.661747] pci 0000:82:00.0: [8086:1528] type 00 class 0x020000
[    3.668722] pci 0000:82:00.0: reg 0x10: [mem 0xfb400000-0xfb5fffff 64bit pref]
[    3.677244] pci 0000:82:00.0: reg 0x20: [mem 0xfb604000-0xfb607fff 64bit pref]
[    3.685792] pci 0000:82:00.0: PME# supported from D0 D3hot D3cold
[    3.692872] pci 0000:82:00.0: reg 0x184: [mem 0xfbb00000-0xfbb03fff 64bit]
[    3.700805] pci 0000:82:00.0: VF(n) BAR0 space: [mem 0xfbb00000-0xfbbfffff 64bit] (contains BAR0 for 64 VFs)
[    3.712233] pci 0000:82:00.0: reg 0x190: [mem 0xfba00000-0xfba03fff 64bit]
[    3.720168] pci 0000:82:00.0: VF(n) BAR3 space: [mem 0xfba00000-0xfbafffff 64bit] (contains BAR3 for 64 VFs)
[    3.731749] pci 0000:82:00.1: [8086:1528] type 00 class 0x020000
[    3.738718] pci 0000:82:00.1: reg 0x10: [mem 0xfb200000-0xfb3fffff 64bit pref]
[    3.747238] pci 0000:82:00.1: reg 0x20: [mem 0xfb600000-0xfb603fff 64bit pref]
[    3.759762] pci 0000:82:00.1: PME# supported from D0 D3hot D3cold
[    3.766840] pci 0000:82:00.1: reg 0x184: [mem 0xfb900000-0xfb903fff 64bit]
[    3.774776] pci 0000:82:00.1: VF(n) BAR0 space: [mem 0xfb900000-0xfb9fffff 64bit] (contains BAR0 for 64 VFs)
[    3.786202] pci 0000:82:00.1: reg 0x190: [mem 0xfb800000-0xfb803fff 64bit]
[    3.794137] pci 0000:82:00.1: VF(n) BAR3 space: [mem 0xfb800000-0xfb8fffff 64bit] (contains BAR3 for 64 VFs)
[    3.807574] pci 0000:80:01.0: PCI bridge to [bus 82-83]
[    3.813665] pci 0000:80:01.0:   bridge window [mem 0xfb800000-0xfbbfffff]
[    3.821504] pci 0000:80:01.0:   bridge window [mem 0xfb200000-0xfb6fffff 64bit pref]
[    3.831082] pci 0000:84:00.0: [8086:0953] type 00 class 0x010802
[    3.838055] pci 0000:84:00.0: reg 0x10: [mem 0xfbe00000-0xfbe03fff 64bit]
[    3.845912] pci 0000:84:00.0: reg 0x30: [mem 0x00000000-0x0000ffff pref]
[    3.855670] pci 0000:80:02.0: PCI bridge to [bus 84-93]
[    3.861761] pci 0000:80:02.0:   bridge window [mem 0xfbe00000-0xfbefffff]
[    3.869753] pci 0000:94:00.0: [8086:0953] type 00 class 0x010802
[    3.876726] pci 0000:94:00.0: reg 0x10: [mem 0xfbd00000-0xfbd03fff 64bit]
[    3.884585] pci 0000:94:00.0: reg 0x30: [mem 0x00000000-0x0000ffff pref]
[    3.894342] pci 0000:80:02.2: PCI bridge to [bus 94-af]
[    3.900432] pci 0000:80:02.2:   bridge window [mem 0xfbd00000-0xfbdfffff]
[    3.908646] pci 0000:b0:00.0: [15b3:1003] type 00 class 0x0c0600
[    3.915898] pci 0000:b0:00.0: reg 0x10: [mem 0xfbc00000-0xfbcfffff 64bit]
[    3.923941] pci 0000:b0:00.0: reg 0x18: [mem 0x387ff0000000-0x387ff7ffffff 64bit pref]
[    3.935154] pci 0000:b0:00.0: reg 0x134: [mem 0x387df0000000-0x387df7ffffff 64bit pref]
[    3.944529] pci 0000:b0:00.0: VF(n) BAR2 space: [mem 0x387df0000000-0x387fefffffff 64bit pref] (contains BAR2 for 64 VFs)
[    3.962350] pci 0000:80:03.0: PCI bridge to [bus b0-fe]
[    3.968442] pci 0000:80:03.0:   bridge window [mem 0xfbc00000-0xfbcfffff]
[    3.976282] pci 0000:80:03.0:   bridge window [mem 0x387df0000000-0x387ff7ffffff 64bit pref]
[    3.986303] ACPI: PCI Interrupt Link [LNKA] (IRQs 3 4 5 6 7 10 *11 12 14 15)
[    3.995330] ACPI: PCI Interrupt Link [LNKB] (IRQs 3 4 5 6 7 *10 11 12 14 15)
[    4.004370] ACPI: PCI Interrupt Link [LNKC] (IRQs 3 4 *5 6 10 11 12 14 15)
[    4.013147] ACPI: PCI Interrupt Link [LNKD] (IRQs *3 4 5 6 10 11 12 14 15)
[    4.021926] ACPI: PCI Interrupt Link [LNKE] (IRQs 3 4 5 6 7 10 11 12 14 15) *0, disabled.
[    4.032556] ACPI: PCI Interrupt Link [LNKF] (IRQs 3 4 5 6 7 10 11 12 14 15) *0, disabled.
[    4.043190] ACPI: PCI Interrupt Link [LNKG] (IRQs 3 4 5 6 7 10 11 12 14 15) *0, disabled.
[    4.053811] ACPI: PCI Interrupt Link [LNKH] (IRQs 3 4 5 6 7 10 11 12 14 15) *0, disabled.
[    4.064443] ACPI: Enabled 1 GPEs in block 00 to 3F
[    4.070386] vgaarb: setting as boot device: PCI:0000:3d:00.0
[    4.076969] vgaarb: device added: PCI:0000:3d:00.0,decodes=io+mem,owns=io+mem,locks=none
[    4.086451] vgaarb: loaded
[    4.089722] vgaarb: bridge control possible 0000:3d:00.0
[    4.096040] SCSI subsystem initialized
[    4.100557] libata version 3.00 loaded.
[    4.105135] ACPI: bus type USB registered
[    4.109885] usbcore: registered new interface driver usbfs
[    4.116276] usbcore: registered new interface driver hub
[    4.122541] usbcore: registered new device driver usb
[    4.128618] PCI: Using ACPI for IRQ routing
[    4.138002] PCI: pci_cache_line_size set to 64 bytes
[    4.144034] e820: reserve RAM buffer [mem 0x0009b000-0x0009ffff]
[    4.151002] e820: reserve RAM buffer [mem 0x77929000-0x77ffffff]
[    4.157970] e820: reserve RAM buffer [mem 0x7bd58000-0x7bffffff]
[    4.164927] e820: reserve RAM buffer [mem 0x7bd5c000-0x7bffffff]
[    4.171896] e820: reserve RAM buffer [mem 0x7bd5e000-0x7bffffff]
[    4.178994] NetLabel: Initializing
[    4.183046] NetLabel:  domain hash size = 128
[    4.188166] NetLabel:  protocols = UNLABELED CIPSOv4
[    4.193977] NetLabel:  unlabeled traffic allowed by default
[    4.200529] hpet0: at MMIO 0xfed00000, IRQs 2, 8, 0, 0, 0, 0, 0, 0
[    4.208351] hpet0: 8 comparators, 64-bit 14.318180 MHz counter
[    4.217157] amd_nb: Cannot enumerate AMD northbridges
[    4.223129] Switched to clocksource hpet
[    4.234356] pnp: PnP ACPI init
[    4.238196] pnp 00:00: Plug and Play ACPI device, IDs PNP0b00 (active)
[    4.245886] system 00:01: [io  0x0500-0x057f] has been reserved
[    4.252761] system 00:01: [io  0x0400-0x047f] could not be reserved
[    4.260016] system 00:01: [io  0x0580-0x059f] has been reserved
[    4.266883] system 00:01: [io  0x0600-0x061f] has been reserved
[    4.273749] system 00:01: [io  0x0880-0x0883] has been reserved
[    4.280615] system 00:01: [io  0x0800-0x081f] has been reserved
[    4.287483] system 00:01: [mem 0xfed1c000-0xfed3ffff] could not be reserved
[    4.295517] system 00:01: [mem 0xfed45000-0xfed8bfff] has been reserved
[    4.303162] system 00:01: [mem 0xff000000-0xffffffff] has been reserved
[    4.310807] system 00:01: [mem 0xfee00000-0xfeefffff] has been reserved
[    4.318454] system 00:01: [mem 0xfed12000-0xfed1200f] has been reserved
[    4.326098] system 00:01: [mem 0xfed12010-0xfed1201f] has been reserved
[    4.333744] system 00:01: [mem 0xfed1b000-0xfed1bfff] has been reserved
[    4.341388] system 00:01: Plug and Play ACPI device, IDs PNP0c02 (active)
[    4.349344] pnp 00:02: [dma 0 disabled]
[    4.353923] pnp 00:02: Plug and Play ACPI device, IDs PNP0501 (active)
[    4.361550] pnp 00:03: Plug and Play ACPI device, IDs IPI0001 (active)
[    4.369475] pnp: PnP ACPI: found 4 devices
[    4.380923] clocksource acpi_pm: mask: 0xffffff max_cycles: 0xffffff, max_idle_ns: 2085701024 ns
[    4.391270] pci 0000:00:01.0: PCI bridge to [bus 03-12]
[    4.397365] pci 0000:00:01.0:   bridge window [io  0x6000-0x6fff]
[    4.404435] pci 0000:00:01.0:   bridge window [mem 0xc6d00000-0xc6ffffff]
[    4.412287] pci 0000:13:00.0: BAR 6: assigned [mem 0xc7110000-0xc711ffff pref]
[    4.420800] pci 0000:00:02.0: PCI bridge to [bus 13-22]
[    4.426897] pci 0000:00:02.0:   bridge window [mem 0xc7100000-0xc71fffff]
[    4.434748] pci 0000:23:00.0: BAR 6: assigned [mem 0xc7010000-0xc701ffff pref]
[    4.443261] pci 0000:00:03.0: PCI bridge to [bus 23-39]
[    4.449357] pci 0000:00:03.0:   bridge window [mem 0xc7000000-0xc70fffff]
[    4.457207] pci 0000:00:03.2: PCI bridge to [bus 3a-3b]
[    4.463303] pci 0000:00:03.2:   bridge window [mem 0xc6900000-0xc6cfffff]
[    4.471150] pci 0000:00:03.2:   bridge window [mem 0xc7a00000-0xc7efffff 64bit pref]
[    4.480250] pci 0000:00:1c.0: PCI bridge to [bus 3c]
[    4.486061] pci 0000:00:1c.7: PCI bridge to [bus 3d]
[    4.491869] pci 0000:00:1c.7:   bridge window [mem 0xc5000000-0xc68fffff]
[    4.499719] pci_bus 0000:00: resource 4 [io  0x0000-0x03af window]
[    4.506887] pci_bus 0000:00: resource 5 [io  0x03e0-0x0cf7 window]
[    4.514049] pci_bus 0000:00: resource 6 [io  0x03b0-0x03df window]
[    4.521215] pci_bus 0000:00: resource 7 [io  0x1000-0x7fff window]
[    4.528379] pci_bus 0000:00: resource 8 [mem 0x000a0000-0x000bffff window]
[    4.536322] pci_bus 0000:00: resource 9 [mem 0x90000000-0xc7ffbfff window]
[    4.544266] pci_bus 0000:00: resource 10 [mem 0x380000000000-0x383fffffffff 64bit window]
[    4.553849] pci_bus 0000:03: resource 0 [io  0x6000-0x6fff]
[    4.560323] pci_bus 0000:03: resource 1 [mem 0xc6d00000-0xc6ffffff]
[    4.567586] pci_bus 0000:13: resource 1 [mem 0xc7100000-0xc71fffff]
[    4.574848] pci_bus 0000:23: resource 1 [mem 0xc7000000-0xc70fffff]
[    4.582110] pci_bus 0000:3a: resource 1 [mem 0xc6900000-0xc6cfffff]
[    4.589371] pci_bus 0000:3a: resource 2 [mem 0xc7a00000-0xc7efffff 64bit pref]
[    4.597885] pci_bus 0000:3d: resource 1 [mem 0xc5000000-0xc68fffff]
[    4.605168] pci 0000:80:01.0: PCI bridge to [bus 82-83]
[    4.611266] pci 0000:80:01.0:   bridge window [mem 0xfb800000-0xfbbfffff]
[    4.619114] pci 0000:80:01.0:   bridge window [mem 0xfb200000-0xfb6fffff 64bit pref]
[    4.628216] pci 0000:84:00.0: BAR 6: assigned [mem 0xfbe10000-0xfbe1ffff pref]
[    4.636730] pci 0000:80:02.0: PCI bridge to [bus 84-93]
[    4.642828] pci 0000:80:02.0:   bridge window [mem 0xfbe00000-0xfbefffff]
[    4.650679] pci 0000:94:00.0: BAR 6: assigned [mem 0xfbd10000-0xfbd1ffff pref]
[    4.659190] pci 0000:80:02.2: PCI bridge to [bus 94-af]
[    4.665286] pci 0000:80:02.2:   bridge window [mem 0xfbd00000-0xfbdfffff]
[    4.673134] pci 0000:80:03.0: PCI bridge to [bus b0-fe]
[    4.679234] pci 0000:80:03.0:   bridge window [mem 0xfbc00000-0xfbcfffff]
[    4.687082] pci 0000:80:03.0:   bridge window [mem 0x387df0000000-0x387ff7ffffff 64bit pref]
[    4.696957] pci_bus 0000:80: resource 4 [io  0x8000-0xffff window]
[    4.704122] pci_bus 0000:80: resource 5 [mem 0xc8000000-0xfbffbfff window]
[    4.712066] pci_bus 0000:80: resource 6 [mem 0x384000000000-0x387fffffffff 64bit window]
[    4.721551] pci_bus 0000:82: resource 1 [mem 0xfb800000-0xfbbfffff]
[    4.728811] pci_bus 0000:82: resource 2 [mem 0xfb200000-0xfb6fffff 64bit pref]
[    4.737324] pci_bus 0000:84: resource 1 [mem 0xfbe00000-0xfbefffff]
[    4.744587] pci_bus 0000:94: resource 1 [mem 0xfbd00000-0xfbdfffff]
[    4.751849] pci_bus 0000:b0: resource 1 [mem 0xfbc00000-0xfbcfffff]
[    4.759112] pci_bus 0000:b0: resource 2 [mem 0x387df0000000-0x387ff7ffffff 64bit pref]
[    4.768449] NET: Registered protocol family 2
[    4.774054] TCP established hash table entries: 524288 (order: 10, 4194304 bytes)
[    4.783497] TCP bind hash table entries: 65536 (order: 8, 1048576 bytes)
[    4.791392] TCP: Hash tables configured (established 524288 bind 65536)
[    4.799192] UDP hash table entries: 65536 (order: 9, 2097152 bytes)
[    4.806821] UDP-Lite hash table entries: 65536 (order: 9, 2097152 bytes)
[    4.814959] NET: Registered protocol family 1
[    4.852240] pci 0000:03:00.0: [Firmware Bug]: VPD access disabled
[    4.859312] PCI: CLS mismatch (64 != 32), using 64 bytes
[    4.865511] pci 0000:3d:00.0: Video device with shadowed ROM
[    4.872159] Trying to unpack rootfs image as initramfs...
[    4.967198] Freeing initrd memory: 5604K (ffff8800374fe000 - ffff880037a77000)
[    4.975817] PCI-DMA: Using software bounce buffering for IO (SWIOTLB)
[    4.983281] software IO TLB [mem 0x73929000-0x77929000] (64MB) mapped at [ffff880073929000-ffff880077928fff]
[    4.994827] RAPL PMU detected, API unit is 2^-32 Joules, 3 fixed counters 655360 ms ovfl timer
[    5.004901] hw unit of domain pp0-core 2^-14 Joules
[    5.010609] hw unit of domain package 2^-14 Joules
[    5.016216] hw unit of domain dram 2^-16 Joules
[    5.021542] Intel CQM monitoring enabled
[    5.027021] microcode: CPU0 sig=0x306f2, pf=0x1, revision=0x3d
[    5.037782] microcode: CPU1 sig=0x306f2, pf=0x1, revision=0x3d
[    5.044558] microcode: CPU2 sig=0x306f2, pf=0x1, revision=0x3d
[    5.051332] microcode: CPU3 sig=0x306f2, pf=0x1, revision=0x3d
[    5.058104] microcode: CPU4 sig=0x306f2, pf=0x1, revision=0x3d
[    5.064877] microcode: CPU5 sig=0x306f2, pf=0x1, revision=0x3d
[    5.071653] microcode: CPU6 sig=0x306f2, pf=0x1, revision=0x3d
[    5.078429] microcode: CPU7 sig=0x306f2, pf=0x1, revision=0x3d
[    5.085203] microcode: CPU8 sig=0x306f2, pf=0x1, revision=0x3d
[    5.091985] microcode: CPU9 sig=0x306f2, pf=0x1, revision=0x3d
[    5.098763] microcode: CPU10 sig=0x306f2, pf=0x1, revision=0x3d
[    5.105640] microcode: CPU11 sig=0x306f2, pf=0x1, revision=0x3d
[    5.112517] microcode: CPU12 sig=0x306f2, pf=0x1, revision=0x3d
[    5.119394] microcode: CPU13 sig=0x306f2, pf=0x1, revision=0x3d
[    5.126271] microcode: CPU14 sig=0x306f2, pf=0x1, revision=0x3d
[    5.133148] microcode: CPU15 sig=0x306f2, pf=0x1, revision=0x3d
[    5.140031] microcode: CPU16 sig=0x306f2, pf=0x1, revision=0x3d
[    5.146903] microcode: CPU17 sig=0x306f2, pf=0x1, revision=0x3d
[    5.153771] microcode: CPU18 sig=0x306f2, pf=0x1, revision=0x3d
[    5.160638] microcode: CPU19 sig=0x306f2, pf=0x1, revision=0x3d
[    5.167507] microcode: CPU20 sig=0x306f2, pf=0x1, revision=0x3d
[    5.174376] microcode: CPU21 sig=0x306f2, pf=0x1, revision=0x3d
[    5.181245] microcode: CPU22 sig=0x306f2, pf=0x1, revision=0x3d
[    5.188118] microcode: CPU23 sig=0x306f2, pf=0x1, revision=0x3d
[    5.194986] microcode: CPU24 sig=0x306f2, pf=0x1, revision=0x3d
[    5.201860] microcode: CPU25 sig=0x306f2, pf=0x1, revision=0x3d
[    5.208735] microcode: CPU26 sig=0x306f2, pf=0x1, revision=0x3d
[    5.215610] microcode: CPU27 sig=0x306f2, pf=0x1, revision=0x3d
[    5.222485] microcode: CPU28 sig=0x306f2, pf=0x1, revision=0x3d
[    5.229363] microcode: CPU29 sig=0x306f2, pf=0x1, revision=0x3d
[    5.236236] microcode: CPU30 sig=0x306f2, pf=0x1, revision=0x3d
[    5.243111] microcode: CPU31 sig=0x306f2, pf=0x1, revision=0x3d
[    5.250033] microcode: Microcode Update Driver: v2.00 <tigran@aivazian.fsnet.co.uk>, Peter Oruba
[    5.262203] futex hash table entries: 8192 (order: 7, 524288 bytes)
[    5.269550] Initialise system trusted keyring
[    5.274705] audit: initializing netlink subsys (enabled)
[    5.280915] audit: type=2000 audit(1605011582.331:1): initialized
[    5.288639] HugeTLB registered 1 GB page size, pre-allocated 0 pages
[    5.296003] HugeTLB registered 2 MB page size, pre-allocated 0 pages
[    5.304687] page_owner is disabled
[    5.308751] zpool: loaded
[    5.311932] zbud: loaded
[    5.315324] VFS: Disk quotas dquot_6.6.0
[    5.320000] VFS: Dquot-cache hash table entries: 512 (order 0, 4096 bytes)
[    5.328124] Key type big_key registered
[    5.332668] SELinux:  Registering netfilter hooks
[    5.339403] alg: No test for stdrng (krng)
[    5.344252] Key type asymmetric registered
[    5.349088] Asymmetric key parser 'x509' registered
[    5.354816] bounce: pool size: 64 pages
[    5.359366] Block layer SCSI generic (bsg) driver version 0.4 loaded (major 249)
[    5.368170] io scheduler noop registered
[    5.372811] io scheduler deadline registered (default)
[    5.378837] io scheduler cfq registered
[    5.384758] pcieport 0000:00:01.0: Signaling PME through PCIe PME interrupt
[    5.392794] pci 0000:03:00.0: Signaling PME through PCIe PME interrupt
[    5.400352] pcie_pme 0000:00:01.0:pcie01: service driver pcie_pme loaded
[    5.408108] pcieport 0000:00:02.0: Signaling PME through PCIe PME interrupt
[    5.416150] pci 0000:13:00.0: Signaling PME through PCIe PME interrupt
[    5.423705] pcie_pme 0000:00:02.0:pcie01: service driver pcie_pme loaded
[    5.431469] pcieport 0000:00:03.0: Signaling PME through PCIe PME interrupt
[    5.439514] pci 0000:23:00.0: Signaling PME through PCIe PME interrupt
[    5.447070] pcie_pme 0000:00:03.0:pcie01: service driver pcie_pme loaded
[    5.454832] pcieport 0000:00:03.2: Signaling PME through PCIe PME interrupt
[    5.462873] pci 0000:3a:00.0: Signaling PME through PCIe PME interrupt
[    5.470430] pci 0000:3a:00.1: Signaling PME through PCIe PME interrupt
[    5.477984] pcie_pme 0000:00:03.2:pcie01: service driver pcie_pme loaded
[    5.485748] pcieport 0000:00:1c.0: Signaling PME through PCIe PME interrupt
[    5.493791] pcie_pme 0000:00:1c.0:pcie01: service driver pcie_pme loaded
[    5.501554] pcieport 0000:00:1c.7: Signaling PME through PCIe PME interrupt
[    5.509595] pci 0000:3d:00.0: Signaling PME through PCIe PME interrupt
[    5.517154] pcie_pme 0000:00:1c.7:pcie01: service driver pcie_pme loaded
[    5.524917] pcieport 0000:80:01.0: Signaling PME through PCIe PME interrupt
[    5.532959] pci 0000:82:00.0: Signaling PME through PCIe PME interrupt
[    5.540514] pci 0000:82:00.1: Signaling PME through PCIe PME interrupt
[    5.548068] pcie_pme 0000:80:01.0:pcie01: service driver pcie_pme loaded
[    5.555831] pcieport 0000:80:02.0: Signaling PME through PCIe PME interrupt
[    5.563876] pci 0000:84:00.0: Signaling PME through PCIe PME interrupt
[    5.571435] pcie_pme 0000:80:02.0:pcie01: service driver pcie_pme loaded
[    5.579187] pcieport 0000:80:02.2: Signaling PME through PCIe PME interrupt
[    5.587233] pci 0000:94:00.0: Signaling PME through PCIe PME interrupt
[    5.594787] pcie_pme 0000:80:02.2:pcie01: service driver pcie_pme loaded
[    5.602549] pcieport 0000:80:03.0: Signaling PME through PCIe PME interrupt
[    5.610593] pci 0000:b0:00.0: Signaling PME through PCIe PME interrupt
[    5.618150] pcie_pme 0000:80:03.0:pcie01: service driver pcie_pme loaded
[    5.625903] pci_hotplug: PCI Hot Plug PCI Core version: 0.5
[    5.632405] pciehp: PCI Express Hot Plug Controller Driver version: 0.4
[    5.640101] intel_idle: MWAIT substates: 0x2120
[    5.645420] intel_idle: v0.4.1 model 0x3F
[    5.650994] intel_idle: lapic_timer_reliable_states 0xffffffff
[    5.657910] input: Power Button as /devices/LNXSYSTM:00/LNXSYBUS:00/PNP0C0C:00/input/input0
[    5.667692] ACPI: Power Button [PWRB]
[    5.672068] input: Power Button as /devices/LNXSYSTM:00/LNXPWRBN:00/input/input1
[    5.680778] ACPI: Power Button [PWRF]
[    5.689436] ERST: Error Record Serialization Table (ERST) support is initialized.
[    5.698259] pstore: Registered erst as persistent store backend
[    5.705360] GHES: APEI firmware first mode is enabled by APEI bit and WHEA _OSC.
[    5.714180] Serial: 8250/16550 driver, 4 ports, IRQ sharing enabled
[    5.742103] 00:02: ttyS0 at I/O 0x3f8 (irq = 4, base_baud = 115200) is a 16550A
[    5.751289] Non-volatile memory driver v1.3
[    5.756278] AMD IOMMUv2 driver by Joerg Roedel <jroedel@suse.de>
[    5.763250] AMD IOMMUv2 functionality not available on this system
[    5.774683] brd: module loaded
[    5.780068] loop: module loaded
[    5.783923] libphy: Fixed MDIO Bus: probed
[    5.788804] ehci_hcd: USB 2.0 'Enhanced' Host Controller (EHCI) Driver
[    5.796364] ehci-pci: EHCI PCI platform driver
[    5.801724] ehci-pci 0000:00:1a.0: EHCI Host Controller
[    5.807887] ehci-pci 0000:00:1a.0: new USB bus registered, assigned bus number 1
[    5.816607] ehci-pci 0000:00:1a.0: debug port 2
[    5.826174] ehci-pci 0000:00:1a.0: cache line size of 64 is not supported
[    5.834036] ehci-pci 0000:00:1a.0: irq 18, io mem 0xc7202000
[    5.846133] ehci-pci 0000:00:1a.0: USB 2.0 started, EHCI 1.00
[    5.852854] usb usb1: New USB device found, idVendor=1d6b, idProduct=0002
[    5.860703] usb usb1: New USB device strings: Mfr=3, Product=2, SerialNumber=1
[    5.869217] usb usb1: Product: EHCI Host Controller
[    5.874923] usb usb1: Manufacturer: Linux 4.1.12-94.8.4.el6uek.x86_64 ehci_hcd
[    5.883433] usb usb1: SerialNumber: 0000:00:1a.0
[    5.888974] hub 1-0:1.0: USB hub found
[    5.893421] hub 1-0:1.0: 2 ports detected
[    5.898363] ehci-pci 0000:00:1d.0: EHCI Host Controller
[    5.904520] ehci-pci 0000:00:1d.0: new USB bus registered, assigned bus number 2
[    5.913239] ehci-pci 0000:00:1d.0: debug port 2
[    5.922632] ehci-pci 0000:00:1d.0: cache line size of 64 is not supported
[    5.930473] ehci-pci 0000:00:1d.0: irq 18, io mem 0xc7201000
[    5.942132] ehci-pci 0000:00:1d.0: USB 2.0 started, EHCI 1.00
[    5.948838] usb usb2: New USB device found, idVendor=1d6b, idProduct=0002
[    5.956689] usb usb2: New USB device strings: Mfr=3, Product=2, SerialNumber=1
[    5.965194] usb usb2: Product: EHCI Host Controller
[    5.970899] usb usb2: Manufacturer: Linux 4.1.12-94.8.4.el6uek.x86_64 ehci_hcd
[    5.979411] usb usb2: SerialNumber: 0000:00:1d.0
[    5.984939] hub 2-0:1.0: USB hub found
[    5.989388] hub 2-0:1.0: 2 ports detected
[    5.994126] tsc: Refined TSC clocksource calibration: 2394.653 MHz
[    6.001297] clocksource tsc: mask: 0xffffffffffffffff max_cycles: 0x22847c5d6d0, max_idle_ns: 440795298929 ns
[    6.001501] ohci_hcd: USB 1.1 'Open' Host Controller (OHCI) Driver
[    6.001507] ohci-pci: OHCI PCI platform driver
[    6.001529] uhci_hcd: USB Universal Host Controller Interface driver
[    6.001577] i8042: PNP: No PS/2 controller found. Probing ports directly.
[    6.242132] usb 1-1: new high-speed USB device number 2 using ehci-pci
[    6.363540] usb 1-1: New USB device found, idVendor=8087, idProduct=800a
[    6.371298] usb 1-1: New USB device strings: Mfr=0, Product=0, SerialNumber=0
[    6.379697] hub 1-1:1.0: USB hub found
[    6.384304] hub 1-1:1.0: 6 ports detected
[    6.663139] usb 1-1.2: new high-speed USB device number 3 using ehci-pci
[    7.040043] i8042: No controller found
[    7.044514] Switched to clocksource tsc
[    7.044575] mousedev: PS/2 mouse device common for all mice
[    7.044724] rtc_cmos 00:00: RTC can wake from S4
[    7.044900] rtc_cmos 00:00: rtc core: registered rtc_cmos as rtc0
[    7.044938] rtc_cmos 00:00: alarms up to one month, y3k, 114 bytes nvram, hpet irqs
[    7.045073] Intel P-state driver initializing.
[    7.050058] usbcore: registered new interface driver usbhid
[    7.050058] usbhid: USB HID core driver
[    7.050241] drop_monitor: Initializing network drop monitor service
[    7.050396] gre: GRE over IPv4 demultiplexor driver
[    7.050416] Initializing XFRM netlink socket
[    7.050424] NET: Registered protocol family 17
[    7.052243] Loading compiled-in X.509 certificates
[    7.053797] Loaded X.509 cert 'Oracle America, Inc.: Ksplice Kernel Module Signing Key: 09010ebef5545fa7c54b626ef518e077b5b1ee4c'
[    7.054222] usb 1-1.2: New USB device found, idVendor=1005, idProduct=b155
[    7.054225] usb 1-1.2: New USB device strings: Mfr=1, Product=2, SerialNumber=3
[    7.054228] usb 1-1.2: Product: SSM
[    7.054230] usb 1-1.2: Manufacturer: ORACLE
[    7.054233] usb 1-1.2: SerialNumber: 07084C5991940702
[    7.055335] Loaded X.509 cert 'Oracle Linux Kernel Module Signing Key: 2bb352412969a3653f0eb6021763408ebb9bb5ab'
[    7.056885] Loaded X.509 cert 'Oracle CA Server: 7d2835cce88750061bd8c98466aa33633fa2ab8e'
[    7.056914] registered taskstats version 1
[    7.057000] ima: No TPM chip found, activating TPM-bypass!
[    7.060938] rtc_cmos 00:00: setting system clock to 2020-11-10 12:33:09 UTC (1605011589)
[    7.213945] Freeing unused kernel memory: 1868K (ffffffff81bea000 - ffffffff81dbd000)
[    7.243272] dracut: dracut-004-409.0.8.el6_8.2
[    7.246187] usb 2-1: new high-speed USB device number 2 using ehci-pci
/init: 140: cannot create /sys/c[    7.272482] udev: starting version 147
lass/firmware/timeout: Directory nonexistent
[    7.360533] usb 2-1: New USB device found, idVendor=8087, idProduct=8002
[    7.368297] usb 2-1: New USB device strings: Mfr=0, Product=0, SerialNumber=0
[    7.376845] hub 2-1:1.0: USB hub found
[    7.381389] hub 2-1:1.0: 8 ports detected
[    7.536025] megasas: 06.812.07.00-rc1
[    7.540934] megaraid_sas 0000:03:00.0: FW now in Ready state
[    7.547835] megaraid_sas 0000:03:00.0: firmware supports msix        : (96)
[    7.555190] megaraid_sas 0000:03:00.0: current msix/online cpus      : (32/32)
[    7.563045] megaraid_sas 0000:03:00.0: RDPQ mode     : (disabled)
[    7.569741] megaraid_sas 0000:03:00.0: Current firmware maximum commands: 928         LDIO threshold: 0
[    7.604949] megaraid_sas 0000:03:00.0: FW supports sync cache        : Yes
[    7.633194] megaraid_sas 0000:03:00.0: Init cmd success
[    7.660176] megaraid_sas 0000:03:00.0: firmware type : Extended VD(240 VD)firmware
[    7.669084] megaraid_sas 0000:03:00.0: controller type       : MR(1024MB)
[    7.676349] megaraid_sas 0000:03:00.0: Online Controller Reset(OCR)  : Enabled
[    7.684582] megaraid_sas 0000:03:00.0: Secure JBOD support   : Yes
[    7.713722] megaraid_sas 0000:03:00.0: INIT adapter done
[    7.720375] megaraid_sas 0000:03:00.0: pci id                : (0x1000)/(0x005d)/(0x1000)/(0x9361)
[    7.729479] megaraid_sas 0000:03:00.0: unevenspan support    : no
[    7.736256] megaraid_sas 0000:03:00.0: firmware crash dump   : yes
[    7.743230] megaraid_sas 0000:03:00.0: jbod sync map         : yes
[    7.749715] megaraid_sas 0000:03:00.0: max_sectors per request is set to 2048
[    7.757959] scsi host0: Avago SAS based MegaRAID driver
[    7.764715] scsi 0:0:8:0: Enclosure         ORACLE   X5-2L            0408 PQ: 0 ANSI: 5
[    7.781825] scsi 0:2:0:0: Direct-Access     LSI      MR9361-8i        4.67 PQ: 0 ANSI: 5
[    7.791453] scsi 0:2:1:0: Direct-Access     LSI      MR9361-8i        4.67 PQ: 0 ANSI: 5
[    7.801054] scsi 0:2:2:0: Direct-Access     LSI      MR9361-8i        4.67 PQ: 0 ANSI: 5
[    7.810666] scsi 0:2:3:0: Direct-Access     LSI      MR9361-8i        4.67 PQ: 0 ANSI: 5
[    7.820263] scsi 0:2:4:0: Direct-Access     LSI      MR9361-8i        4.67 PQ: 0 ANSI: 5
[    7.829853] scsi 0:2:5:0: Direct-Access     LSI      MR9361-8i        4.67 PQ: 0 ANSI: 5
[    7.839445] scsi 0:2:6:0: Direct-Access     LSI      MR9361-8i        4.67 PQ: 0 ANSI: 5
[    7.849028] scsi 0:2:7:0: Direct-Access     LSI      MR9361-8i        4.67 PQ: 0 ANSI: 5
[    7.858612] scsi 0:2:8:0: Direct-Access     LSI      MR9361-8i        4.67 PQ: 0 ANSI: 5
[    7.868189] scsi 0:2:9:0: Direct-Access     LSI      MR9361-8i        4.67 PQ: 0 ANSI: 5
[    7.877771] scsi 0:2:10:0: Direct-Access     LSI      MR9361-8i        4.67 PQ: 0 ANSI: 5
[    7.887447] scsi 0:2:11:0: Direct-Access     LSI      MR9361-8i        4.67 PQ: 0 ANSI: 5
[    7.913790] nvme nvme0: pci function 0000:13:00.0
[    7.919402] nvme nvme1: pci function 0000:23:00.0
[    7.924989] nvme nvme2: pci function 0000:84:00.0
[    7.930582] nvme nvme3: pci function 0000:94:00.0
[    7.968013] ahci 0000:00:1f.2: version 3.0
[    7.973052] ahci 0000:00:1f.2: AHCI 0001.0300 32 slots 6 ports 6 Gbps 0x1 impl SATA mode
[    7.982546] ahci 0000:00:1f.2: flags: 64bit ncq pm led clo pio slum part ems apst
[    7.992279] scsi host1: ahci
[    7.995859] scsi host2: ahci
[    7.999415] scsi host3: ahci
[    8.002971] scsi host4: ahci
[    8.006533] scsi host5: ahci
[    8.010085] scsi host6: ahci
[    8.013585] ata1: SATA max UDMA/133 abar m2048@0xc7200000 port 0xc7200100 irq 79
[    8.022291] ata2: DUMMY
[    8.025272] ata3: DUMMY
[    8.028255] ata4: DUMMY
[    8.031235] ata5: DUMMY
[    8.034216] ata6: DUMMY
[    8.342161] ata1: SATA link down (SStatus 0 SControl 300)
[    8.355609] usb-storage 1-1.2:1.0: USB Mass Storage device detected
[    8.363282] scsi host7: usb-storage 1-1.2:1.0
[    8.368501] usbcore: registered new interface driver usb-storage
[    8.520929] sd 0:2:0:0: [sda] 7812499456 512-byte logical blocks: (3.99 TB/3.63 TiB)
[    8.520958] sd 0:2:2:0: [sdc] 7812499456 512-byte logical blocks: (3.99 TB/3.63 TiB)
[    8.520962] sd 0:2:1:0: [sdb] 7812499456 512-byte logical blocks: (3.99 TB/3.63 TiB)
[    8.521018] sd 0:2:3:0: [sdd] 7812499456 512-byte logical blocks: (3.99 TB/3.63 TiB)
[    8.521039] sd 0:2:2:0: [sdc] Write Protect is off
[    8.521042] sd 0:2:2:0: [sdc] Mode Sense: 1f 00 10 08
[    8.521056] sd 0:2:1:0: [sdb] Write Protect is off
[    8.521061] sd 0:2:1:0: [sdb] Mode Sense: 1f 00 10 08
[    8.521093] sd 0:2:4:0: [sde] 7812499456 512-byte logical blocks: (3.99 TB/3.63 TiB)
[    8.521108] sd 0:2:2:0: [sdc] Write cache: disabled, read cache: disabled, supports DPO and FUA
[    8.521112] sd 0:2:1:0: [sdb] Write cache: disabled, read cache: disabled, supports DPO and FUA
[    8.521128] sd 0:2:5:0: [sdf] 7812499456 512-byte logical blocks: (3.99 TB/3.63 TiB)
[    8.521178] sd 0:2:3:0: [sdd] Write Protect is off
[    8.521179] sd 0:2:3:0: [sdd] Mode Sense: 1f 00 10 08
[    8.521209] sd 0:2:4:0: [sde] Write Protect is off
[    8.521212] sd 0:2:3:0: [sdd] Write cache: disabled, read cache: disabled, supports DPO and FUA
[    8.521214] sd 0:2:4:0: [sde] Mode Sense: 1f 00 10 08
[    8.521239] sd 0:2:6:0: [sdg] 7812499456 512-byte logical blocks: (3.99 TB/3.63 TiB)
[    8.521243] sd 0:2:5:0: [sdf] Write Protect is off
[    8.521250] sd 0:2:5:0: [sdf] Mode Sense: 1f 00 10 08
[    8.521258] sd 0:2:4:0: [sde] Write cache: disabled, read cache: disabled, supports DPO and FUA
[    8.521323] sd 0:2:5:0: [sdf] Write cache: disabled, read cache: disabled, supports DPO and FUA
[    8.521325] sd 0:2:7:0: [sdh] 7812499456 512-byte logical blocks: (3.99 TB/3.63 TiB)
[    8.521346] sd 0:2:6:0: [sdg] Write Protect is off
[    8.521348] sd 0:2:6:0: [sdg] Mode Sense: 1f 00 10 08
[    8.521393] sd 0:2:8:0: [sdi] 7812499456 512-byte logical blocks: (3.99 TB/3.63 TiB)
[    8.521400] sd 0:2:6:0: [sdg] Write cache: disabled, read cache: disabled, supports DPO and FUA
[    8.521461] sd 0:2:7:0: [sdh] Write Protect is off
[    8.521465] sd 0:2:9:0: [sdj] 7812499456 512-byte logical blocks: (3.99 TB/3.63 TiB)
[    8.521467] sd 0:2:7:0: [sdh] Mode Sense: 1f 00 10 08
[    8.521499] sd 0:2:10:0: [sdk] 7812499456 512-byte logical blocks: (3.99 TB/3.63 TiB)
[    8.521576] sd 0:2:7:0: [sdh] Write cache: disabled, read cache: disabled, supports DPO and FUA
[    8.521598] sd 0:2:8:0: [sdi] Write Protect is off
[    8.521600] sd 0:2:8:0: [sdi] Mode Sense: 1f 00 10 08
[    8.521608] sd 0:2:11:0: [sdl] 7812499456 512-byte logical blocks: (3.99 TB/3.63 TiB)
[    8.521695] sd 0:2:9:0: [sdj] Write Protect is off
[    8.521699] sd 0:2:9:0: [sdj] Mode Sense: 1f 00 10 08
[    8.521719] sd 0:2:8:0: [sdi] Write cache: disabled, read cache: disabled, supports DPO and FUA
[    8.521735] sd 0:2:10:0: [sdk] Write Protect is off
[    8.521737] sd 0:2:10:0: [sdk] Mode Sense: 1f 00 10 08
[    8.521782] sd 0:2:9:0: [sdj] Write cache: disabled, read cache: disabled, supports DPO and FUA
[    8.521794] sd 0:2:11:0: [sdl] Write Protect is off
[    8.521800] sd 0:2:11:0: [sdl] Mode Sense: 1f 00 10 08
[    8.521804] sd 0:2:10:0: [sdk] Write cache: disabled, read cache: disabled, supports DPO and FUA
[    8.521873] sd 0:2:11:0: [sdl] Write cache: disabled, read cache: disabled, supports DPO and FUA
[    8.541872] sd 0:2:3:0: [sdd] Attached SCSI disk
[    8.546269] sd 0:2:8:0: [sdi] Attached SCSI disk
[    8.546569] sd 0:2:9:0: [sdj] Attached SCSI disk
[    8.548592] sd 0:2:7:0: [sdh] Attached SCSI disk
[    8.549248] random: nonblocking pool is initialized
[    8.550369] sd 0:2:6:0: [sdg] Attached SCSI disk
[    8.551230] sd 0:2:5:0: [sdf] Attached SCSI disk
[    8.554560] sd 0:2:4:0: [sde] Attached SCSI disk
[    8.557703] sd 0:2:2:0: [sdc] Attached SCSI disk
[    8.557735] sd 0:2:10:0: [sdk] Attached SCSI disk
[    8.558558] sd 0:2:11:0: [sdl] Attached SCSI disk
[    8.582493]  sdb: sdb1 sdb2 sdb3 sdb4 sdb5 sdb6 sdb7 sdb8 sdb9 sdb10 sdb11
[    8.583490] sd 0:2:1:0: [sdb] Attached SCSI disk
[    8.942669] sd 0:2:0:0: [sda] Write Protect is off
[    8.948295] sd 0:2:0:0: [sda] Mode Sense: 1f 00 10 08
[    8.954234] sd 0:2:0:0: [sda] Write cache: disabled, read cache: disabled, supports DPO and FUA
[    9.019800]  sda: sda1 sda2 sda3 sda4 sda5 sda6 sda7 sda8 sda9 sda10 sda11
[    9.029013] sd 0:2:0:0: [sda] Attached SCSI disk
[    9.128151] md: bind<sda1>
[    9.144436] md: bind<sdb1>
[    9.152440] md: raid1 personality registered for level 1
[    9.158973] md/raid1:md4: active with 2 out of 2 mirrors
[    9.165245] md4: detected capacity change from 0 to 123273216
[    9.168720] md: bind<sda9>
[    9.171773] md: bind<sda7>
[    9.173619] md: bind<sda8>
[    9.175366] md: bind<sdb11>
[    9.177617] md: bind<sda11>
[    9.179818] md: bind<sda6>
[    9.180592] md/raid1:md11: active with 2 out of 2 mirrors
[    9.180642] md11: detected capacity change from 0 to 5368578048
[    9.182530] md: bind<sda10>
[    9.189992] md: bind<sdb5>
[    9.200722] md: bind<sdb10>
[    9.204470] md/raid1:md1: active with 2 out of 2 mirrors
[    9.204511] md1: detected capacity change from 0 to 731906048
[    9.218092] md: bind<sda5>
[    9.231355] md/raid1:md5: active with 2 out of 2 mirrors
[    9.234317] md: bind<sdb6>
[    9.236087] md: bind<sdb9>
[    9.236988] md/raid1:md6: active with 2 out of 2 mirrors
[    9.237031] md6: detected capacity change from 0 to 10737352704
[    9.238634] md/raid1:md2: active with 2 out of 2 mirrors
[    9.238690] md2: detected capacity change from 0 to 2147418112
[    9.244042] md: bind<sdb8>
[    9.245574] md: bind<sdb7>
[    9.246428] md/raid1:md8: active with 2 out of 2 mirrors
[    9.246468] md8: detected capacity change from 0 to 3221159936
[    9.247882] md/raid1:md7: active with 2 out of 2 mirrors
[    9.247912] md7: detected capacity change from 0 to 3221159936
[    9.302760] md5: detected capacity change from 0 to 10737352704
[    9.369228] scsi 7:0:0:0: Direct-Access     ORACLE   SSM              PMAP PQ: 0 ANSI: 6
[    9.379932] sd 7:0:0:0: [sdm] 15646720 512-byte logical blocks: (8.01 GB/7.46 GiB)
[    9.390055] sd 7:0:0:0: [sdm] Write Protect is off
[    9.395680] sd 7:0:0:0: [sdm] Mode Sense: 23 00 00 00
[    9.402815] sd 7:0:0:0: [sdm] No Caching mode page found
[    9.409017] sd 7:0:0:0: [sdm] Assuming drive cache: write through
[    9.430334]  sdm: sdm1 sdm2
[    9.437535] sd 7:0:0:0: [sdm] Attached SCSI removable disk
[    9.839036] EXT4-fs (md5): mounted filesystem with ordered data mode. Opts: (null)
[    9.884920] dracut: Remounting /dev/md5 with -o usrquota,grpquota,ro
[    9.904353] EXT4-fs (md5): mounted filesystem with ordered data mode. Opts: usrquota,grpquota
[    9.920201] dracut: Mounted root filesystem /dev/md5
[   10.131328] SELinux:  Disabled at runtime.
[   10.136212] SELinux:  Unregistering netfilter hooks
[   10.167198] audit: type=1404 audit(1605011592.572:2): selinux=0 auid=4294967295 ses=4294967295
[   10.177288] audit: type=1300 audit(1605011592.572:2): arch=c000003e syscall=1 success=yes exit=1 a0=3 a1=7fffc9f15870 a2=1 a3=7fffc9f145f0 items=0 ppid=1 pid=1158 auid=4294967295 uid=0 gid=0 euid=0 suid=0 fsuid=0 egid=0 sgid=0 fsgid=0 tty=(none) ses=4294967295 comm="load_policy" exe="/sbin/load_policy" key=(null)
[   10.209113] audit: type=1327 audit(1605011592.572:2): proctitle=2F7362696E2F6C6F61645F706F6C696379002D69
[   10.226478] dracut:
[   10.308688] dracut: Switching root
mount: mount point /proc/bus/usb does not exist
                Welcome to Oracle Linux Server
Starting udev: [  OK  ]
Setting hostname fih3ex2celadm03.emea.nsn-net.net:  [  OK  ]
Run MD devices:  [  OK  ]
Setting up Logical Volume Management: [  OK  ]
Checking filesystems
Checking all file systems.
[/sbin/fsck.ext4 (1) -- /] fsck.ext4 -a /dev/md5
CELLSYS: clean, 39150/655360 files, 1516989/2621424 blocks
[/sbin/fsck.ext4 (1) -- /opt/oracle] fsck.ext4 -a /dev/md7
CELLSW: clean, 10643/196608 files, 360577/786416 blocks
[/sbin/fsck.ext4 (1) -- /boot] fsck.ext4 -a /dev/md4
BOOT: clean, 361/30120 files, 50381/120384 blocks
[/sbin/fsck.ext4 (1) -- /var/log/oracle] fsck.ext4 -a /dev/md11
DIAG: clean, 7758/327680 files, 813425/1310688 blocks
[  OK  ]
Remounting root filesystem in read-write mode:  [  OK  ]
Mounting local filesystems:  [  OK  ]
Enabling local filesystem quotas:  [  OK  ]
Enabling /etc/fstab swaps:  [  OK  ]
init: rcS main process (1175) terminated with status 1
Entering non-interactive startup
Calling the system activity data collector (sadc)...
[INFO     ] /opt/oracle.cellos/cellFirstboot.sh started from preipconf service
[INFO     ] Checking if devices in /etc/fstab are mounted
[INFO     ] Expected devices to be mounted: /dev/md5 /dev/md7 /dev/md4 /dev/md11
[INFO     ] Actual devices mounted        : /dev/md5 /dev/md7 /dev/md4 /dev/md11
ls: cannot access /sys/devices/pci0000:00/0000:00:17.0/ata*/host*/target*:0:0/*:0:0:0/block/sd*: No such file or directory
ls: cannot access /sys/devices/pci0000:00/0000:00:11.5/ata*/host*/target*/block/sd*: No such file or directory
[INFO     ] Exadata configuration file /opt/oracle.cellos/cell.conf already exists
RDMA: Loading OpenIB kernel modules.
Setting up InfiniBand network interfaces:
Bringing up interface ib1:[  OK  ]
Bringing up interface ib0:[  OK  ]
Setting up service network . . .[  OK  ]
rdma init[  OK  ]

[INFO     ] /opt/oracle.cellos/cellFirstboot.sh started from precell service
2020-11-10 14:34:00 +0200 [INFO] Update rules in /etc/audit/audit.rules
uptrack: Applying Ksplice Uptrack updates: [   68.432461] Reserved Feature: CPU3 does not support speculative store bypass disable
[   68.432482] Reserved Feature: CPU0 does not support speculative store bypass disable
[   68.432495] Reserved Feature: CPU16 does not support speculative store bypass disable
[   68.432497] Reserved Feature: CPU18 does not support speculative store bypass disable
[   68.432498] Reserved Feature: CPU5 does not support speculative store bypass disable
[   68.432499] Reserved Feature: CPU4 does not support speculative store bypass disable
[   68.432501] Reserved Feature: CPU17 does not support speculative store bypass disable
[   68.432502] Reserved Feature: CPU1 does not support speculative store bypass disable
[   68.432504] Reserved Feature: CPU8 does not support speculative store bypass disable
[   68.432506] Reserved Feature: CPU6 does not support speculative store bypass disable
[   68.432508] Reserved Feature: CPU9 does not support speculative store bypass disable
[   68.432514] Reserved Feature: CPU20 does not support speculative store bypass disable
[   68.432516] Reserved Feature: CPU7 does not support speculative store bypass disable
[   68.432518] Reserved Feature: CPU21 does not support speculative store bypass disable
[   68.432520] Reserved Feature: CPU22 does not support speculative store bypass disable
[   68.432521] Reserved Feature: CPU23 does not support speculative store bypass disable
[   68.432523] Reserved Feature: CPU13 does not support speculative store bypass disable
[   68.432525] Reserved Feature: CPU14 does not support speculative store bypass disable
[   68.432527] Reserved Feature: CPU12 does not support speculative store bypass disable
[   68.432529] Reserved Feature: CPU15 does not support speculative store bypass disable
[   68.432531] Reserved Feature: CPU10 does not support speculative store bypass disable
[   68.432533] Reserved Feature: CPU11 does not support speculative store bypass disable
[   68.432534] Reserved Feature: CPU24 does not support speculative store bypass disable
[   68.432536] Reserved Feature: CPU26 does not support speculative store bypass disable
[   68.432537] Reserved Feature: CPU2 does not support speculative store bypass disable
[   68.432539] Reserved Feature: CPU27 does not support speculative store bypass disable
[   68.432541] Reserved Feature: CPU25 does not support speculative store bypass disable
[   68.432542] Reserved Feature: CPU28 does not support speculative store bypass disable
[   68.432544] Reserved Feature: CPU29 does not support speculative store bypass disable
[   68.432545] Reserved Feature: CPU30 does not support speculative store bypass disable
[   68.432547] Reserved Feature: CPU31 does not support speculative store bypass disable
[  OK  ]
Bringing up loopback interface:  [  OK  ]
Bringing up interface eth0:  Determining if ip address 10.174.103.104 is already in use for device eth0...
[  OK  ]
Bringing up interface ib0:  RTNETLINK answers: File exists
[  OK  ]
Bringing up interface ib1:  RTNETLINK answers: File exists
[  OK  ]
Starting auditd: [  OK  ]
Starting system logger: [  OK  ]
Starting mdmonitor: [  OK  ]
Mounting filesystems:  [  OK  ]
Starting acpi daemon: [  OK  ]
Starting ipmi drivers: [  OK  ]
Starting ipmi_poweroff driver: [  OK  ]
Retrigger failed udev events[  OK  ]
cellwall: Checking network interfaces: [  OK  ]
cellwall: Checking ILOM interface: [  OK  ]
cellwall: Flushing firewall rules: [  OK  ]
cellwall: Applying firewall rules: [  OK  ]
Starting nscd: [  OK  ]
Starting kdump:[  OK  ]
Starting mcelog daemon
Starting snmpd: [  OK  ]
Starting LSI SNMP Agent:LSI MegaRAID SNMP Agent Ver 3.18.0.2 (Oct 30th, 2012) Started
[  OK  ]
Starting sshd: [  OK  ]
ntpdate: Synchronizing with time server: [  OK  ]
Starting ntpd: [  OK  ]
uptrack: Downloading any new Ksplice Uptrack updates...[  OK  ]
Starting sendmail: [  OK  ]
Starting sm-client: [  OK  ]
Starting crond: [  OK  ]
[INFO     ] Stop ssh access while checking for firmware updates. Use serial console or ILOM web console if access is needed.
Stopping sshd: [  OK  ]
Server_Model=ORACLE_SERVER_X5-2L
The system does not need update because all firmware matches the profile.
[INFO     ] Start ssh access after checking for firmware updates is done
Starting sshd: [  OK  ]

   1: 4919 usec
   1: 4350 usec

Starting the RS services...
Getting the state of RS services...  running

Starting CELLSRV services...
The STARTUP of CELLSRV services was successful.

Starting MS services...
The STARTUP of MS services was successful.
Starting cellirqbalance: [  OK  ]
[  170.406191] Disabling speculative store bypass disable
[  OK  ] mrdiagd: [  OK  ]
Logging started to /var/log/cellos/validations.log
Command line is /opt/oracle.cellos/validations/bin/vldrun.pl -quiet -all
Run validation ipmisettings - PASSED
Run validation misceachboot - PASSED
Run validation celldstatus - PASSED
Run validation biosbootorder - PASSED
Run validation oswatcher - PASSED
Run validation checkconfigs - [  264.925743] blk_update_request: critical medium error, dev sdf, sector 6144
PASSED
Run validation saveconfig - BACKGROUND RUN
2020-11-10 14:37:56 +0200 The each boot completed with SUCCESS


fih3ex2celadm03.emea.nsn-net.net login:
Serial console stopped.

->
->
-> exit
Connection to fih3ex2celadm03-ilom closed.
[root@fih3ex2dbadm01 ~]#
[root@fih3ex2dbadm01 ~]#
[root@fih3ex2dbadm01 ~]#
[root@fih3ex2dbadm01 ~]# ssh fih3ex2celadm03.emea.nsn-net.net
Last login: Tue Nov 10 13:42:46 2020 from fih3ex2dbadm01.emea.nsn-net.net
[root@fih3ex2celadm03 ~]#
[root@fih3ex2celadm03 ~]#
[root@fih3ex2celadm03 ~]#
[root@fih3ex2celadm03 ~]# ps -ef|grep service
root      8596  8454  0 14:40 pts/0    00:00:00 grep service
[root@fih3ex2celadm03 ~]# ps -ef|grep ms
root      8633 18558  0 14:40 ?        00:00:00 sh -c /usr/bin/vmstat  5  2 >> /opt/oracle.ExaWatcher/archive/Vmstat.ExaWatcher/2020_11_10_14_37_34_VmstatExaWatcher_fih3ex2celadm03.emea.nsn-net.net.dat
root      8634  8633  0 14:40 ?        00:00:00 /usr/bin/vmstat 5 2
root      9004  8454  0 14:40 pts/0    00:00:00 grep ms
smmsp    17710     1  0 14:34 ?        00:00:00 sendmail: Queue runner@01:00:00 for /var/spool/clientmqueue
root     19988 19981  0 14:35 ?        00:00:00 /opt/oracle/cell/cellsrv/bin/cellrsbmt -rs_conf /opt/oracle/cell/cellsrv/deploy/config/cellinit.ora -ms_conf /opt/oracle/cell/cellsrv/deploy/config/cellrsms.state -cellsrv_conf /opt/oracle/cell/cellsrv/deploy/config/cellrsos.state -debug 0
root     19989 19988  0 14:35 ?        00:00:00 /opt/oracle/cell/cellsrv/bin/cellrsbkm -rs_conf /opt/oracle/cell/cellsrv/deploy/config/cellinit.ora -ms_conf /opt/oracle/cell/cellsrv/deploy/config/cellrsms.state -cellsrv_conf /opt/oracle/cell/cellsrv/deploy/config/cellrsos.state -debug 0
root     19993 19989  0 14:35 ?        00:00:00 /opt/oracle/cell/cellsrv/bin/cellrssmt -rs_conf /opt/oracle/cell/cellsrv/deploy/config/cellinit.ora -ms_conf /opt/oracle/cell/cellsrv/deploy/config/cellrsms.state -cellsrv_conf /opt/oracle/cell/cellsrv/deploy/config/cellrsos.state -debug 0
root     20087 19981  0 14:35 ?        00:00:00 /opt/oracle/cell/cellsrv/bin/cellrsomt -rs_conf /opt/oracle/cell/cellsrv/deploy/config/cellinit.ora -ms_conf /opt/oracle/cell/cellsrv/deploy/config/cellrsms.state -cellsrv_conf /opt/oracle/cell/cellsrv/deploy/config/cellrsos.state -debug 0
root     22562 19981  0 14:35 ?        00:00:00 /opt/oracle/cell/cellsrv/bin/cellrsmmt -rs_conf /opt/oracle/cell/cellsrv/deploy/config/cellinit.ora -ms_conf /opt/oracle/cell/cellsrv/deploy/config/cellrsms.state -cellsrv_conf /opt/oracle/cell/cellsrv/deploy/config/cellrsos.state -debug 0
root     22563 22562  0 14:35 ?        00:00:00 /bin/sh /opt/oracle/cell/cellsrv/deploy/msdomain/bin/startWebLogic.sh
root     22644 22563 13 14:35 ?        00:00:38 /usr/java/default//bin/java -server -Xms256m -Xmx512m -Dweblogic.Name=msServer -Djava.security.policy=/opt/oracle/cell18.1.7.0.0_LINUX.X64_180821/cellsrv/deploy/wls/wlserver_10.3/server/lib/weblogic.policy -Dweblogic.ProductionModeEnabled=true -XX:-UseLargePages -XX:ParallelGCThreads=8 -verbose:gc -Xloggc:../log/wls_gc10193.trc -XX:NumberOfGCLogFiles=5 -XX:+UseGCLogFileRotation -XX:GCLogFileSize=100k -XX:+PrintGCDateStamps -Dweblogic.ListenPort=8888 -Djava.security.egd=file:/dev/./urandom -Dweblogic.ssl.JSSEEnabled=true -Dweblogic.security.SSL.enableJSSE=true -Dweblogic.security.SSL.minimumProtocolVersion=TLSv1.2 -DserverType=wlx -da -Dplatform.home=/opt/oracle/cell18.1.7.0.0_LINUX.X64_180821/cellsrv/deploy/wls/wlserver_10.3 -Dwls.home=/opt/oracle/cell18.1.7.0.0_LINUX.X64_180821/cellsrv/deploy/wls/wlserver_10.3/server -Dweblogic.home=/opt/oracle/cell18.1.7.0.0_LINUX.X64_180821/cellsrv/deploy/wls/wlserver_10.3/server -Dweblogic.management.discover=true -Dwlw.iterativeDev=false -Dwlw.testConsole=false -Dwlw.logErrorsToConsole=false -Dweblogic.ext.dirs=/opt/oracle/cell18.1.7.0.0_LINUX.X64_180821/cellsrv/deploy/wls/patch_wls1036/profiles/default/sysext_manifest_classpath weblogic.Server
[root@fih3ex2celadm03 ~]#
[root@fih3ex2celadm03 ~]#
[root@fih3ex2celadm03 ~]# /opt/MegaRAID/MegaCli/MegaCli64 -ldpdinfo -a0 | grep BBU
Default Cache Policy: WriteBack, ReadAheadNone, Direct, No Write Cache if Bad BBU
Current Cache Policy: WriteBack, ReadAheadNone, Direct, No Write Cache if Bad BBU
Default Cache Policy: WriteBack, ReadAheadNone, Direct, No Write Cache if Bad BBU
Current Cache Policy: WriteBack, ReadAheadNone, Direct, No Write Cache if Bad BBU
Default Cache Policy: WriteBack, ReadAheadNone, Direct, No Write Cache if Bad BBU
Current Cache Policy: WriteBack, ReadAheadNone, Direct, No Write Cache if Bad BBU
Default Cache Policy: WriteBack, ReadAheadNone, Direct, No Write Cache if Bad BBU
Current Cache Policy: WriteBack, ReadAheadNone, Direct, No Write Cache if Bad BBU
Default Cache Policy: WriteBack, ReadAheadNone, Direct, No Write Cache if Bad BBU
Current Cache Policy: WriteBack, ReadAheadNone, Direct, No Write Cache if Bad BBU
Default Cache Policy: WriteBack, ReadAheadNone, Direct, No Write Cache if Bad BBU
Current Cache Policy: WriteBack, ReadAheadNone, Direct, No Write Cache if Bad BBU
Default Cache Policy: WriteBack, ReadAheadNone, Direct, No Write Cache if Bad BBU
Current Cache Policy: WriteBack, ReadAheadNone, Direct, No Write Cache if Bad BBU
Default Cache Policy: WriteBack, ReadAheadNone, Direct, No Write Cache if Bad BBU
Current Cache Policy: WriteBack, ReadAheadNone, Direct, No Write Cache if Bad BBU
Default Cache Policy: WriteBack, ReadAheadNone, Direct, No Write Cache if Bad BBU
Current Cache Policy: WriteBack, ReadAheadNone, Direct, No Write Cache if Bad BBU
Default Cache Policy: WriteBack, ReadAheadNone, Direct, No Write Cache if Bad BBU
Current Cache Policy: WriteBack, ReadAheadNone, Direct, No Write Cache if Bad BBU
Default Cache Policy: WriteBack, ReadAheadNone, Direct, No Write Cache if Bad BBU
Current Cache Policy: WriteBack, ReadAheadNone, Direct, No Write Cache if Bad BBU
Default Cache Policy: WriteBack, ReadAheadNone, Direct, No Write Cache if Bad BBU
Current Cache Policy: WriteBack, ReadAheadNone, Direct, No Write Cache if Bad BBU
[root@fih3ex2celadm03 ~]#
[root@fih3ex2celadm03 ~]#
[root@fih3ex2celadm03 ~]#
[root@fih3ex2celadm03 ~]# exit
logout
Connection to fih3ex2celadm03.emea.nsn-net.net closed.
[root@fih3ex2dbadm01 ~]#
[root@fih3ex2dbadm01 ~]#
[root@fih3ex2dbadm01 ~]# dcli -g ~/cell_group -l root cellcli -e list alerthistory where endTime=null and alertShortName=Hardware and alertType=stateful and severity=critical
fih3ex2celadm03.emea.nsn-net.net: 17_1   2020-11-10T11:28:20+02:00       critical        "InfiniBand port HCA-1:2 is in an invalid state.  State               : Down  Physical Link State : Polling  Data Rate           : 10 Gps  Symbol Errors       : 0  Received Errors     : 0"
[root@fih3ex2dbadm01 ~]#
[root@fih3ex2dbadm01 ~]#
[root@fih3ex2dbadm01 ~]# ssh fih3ex2celadm03.emea.nsn-net.net
Last login: Tue Nov 10 14:40:02 2020 from fih3ex2dbadm01.emea.nsn-net.net
[root@fih3ex2celadm03 ~]#
[root@fih3ex2celadm03 ~]#
[root@fih3ex2celadm03 ~]# cellcli
CellCLI: Release 18.1.7.0.0 - Production on Tue Nov 10 14:42:02 EET 2020

Copyright (c) 2007, 2016, Oracle and/or its affiliates. All rights reserved.

CellCLI>

CellCLI>

CellCLI> exit
quitting

[root@fih3ex2celadm03 ~]#
[root@fih3ex2celadm03 ~]# /opt/MegaRAID/MegaCli/MegaCli64 -AdpAllInfo -a0 | grep BBU
BBU              : Present
BBU                             : Yes
Cache When BBU Bad               : Disabled
[root@fih3ex2celadm03 ~]#
[root@fih3ex2celadm03 ~]#
[root@fih3ex2celadm03 ~]# /opt/MegaRAID/MegaCli/MegaCli64 -adpbbucmd -a0
BBU status for Adapter: 0

BatteryType: CVPM02
Voltage: 10465 mV
Current: 0 mA
Temperature: 28 C
Battery State: Optimal
BBU Firmware Status:

  Charging Status              : None
  Voltage                                 : OK
  Temperature                             : OK
  Learn Cycle Requested                   : No
  Learn Cycle Active                      : No
  Learn Cycle Status                      : OK
  Learn Cycle Timeout                     : No
  I2c Errors Detected                     : No
  Battery Pack Missing                    : No
  Battery Replacement required            : No
  Remaining Capacity Low                  : No
  Periodic Learn Required                 : No
  Transparent Learn                       : No
  No space to cache offload               : No
  Pack is about to fail & should be replaced : No
  Cache Offload premium feature required  : No
  Module microcode update required        : No
  Pack energy             : 302 J
  Capacitance             : 100
  Remaining reserve space : 0

  Battery backup charge time : 0 hours

BBU Design Info for Adapter: 0

Date of Manufacture: 11/04, 2014
Design Capacity: 288 J
Design Voltage: 9500 mV
Serial Number: 563
Manufacture Name: LSI
Firmware Version   : 6071-04A
Device Name: CVPM02
Device Chemistry: EDLC
Battery FRU: N/A
TMM FRU: N/A
Module Version = 6071-04A
  Transparent Learn = 1
  App Data = 0

BBU Properties for Adapter: 0

  Auto Learn Period: 27 Days
  Next Learn time: Tue Dec  8 12:39:44 2020
   Learn Delay Interval:0 Hours
  Auto-Learn Mode: Transparent

Exit Code: 0x00
[root@fih3ex2celadm03 ~]# /opt/MegaRAID/MegaCli/MegaCli64 -ldpdinfo -a0 | grep BBU
Default Cache Policy: WriteBack, ReadAheadNone, Direct, No Write Cache if Bad BBU
Current Cache Policy: WriteBack, ReadAheadNone, Direct, No Write Cache if Bad BBU
Default Cache Policy: WriteBack, ReadAheadNone, Direct, No Write Cache if Bad BBU
Current Cache Policy: WriteBack, ReadAheadNone, Direct, No Write Cache if Bad BBU
Default Cache Policy: WriteBack, ReadAheadNone, Direct, No Write Cache if Bad BBU
Current Cache Policy: WriteBack, ReadAheadNone, Direct, No Write Cache if Bad BBU
Default Cache Policy: WriteBack, ReadAheadNone, Direct, No Write Cache if Bad BBU
Current Cache Policy: WriteBack, ReadAheadNone, Direct, No Write Cache if Bad BBU
Default Cache Policy: WriteBack, ReadAheadNone, Direct, No Write Cache if Bad BBU
Current Cache Policy: WriteBack, ReadAheadNone, Direct, No Write Cache if Bad BBU
Default Cache Policy: WriteBack, ReadAheadNone, Direct, No Write Cache if Bad BBU
Current Cache Policy: WriteBack, ReadAheadNone, Direct, No Write Cache if Bad BBU
Default Cache Policy: WriteBack, ReadAheadNone, Direct, No Write Cache if Bad BBU
Current Cache Policy: WriteBack, ReadAheadNone, Direct, No Write Cache if Bad BBU
Default Cache Policy: WriteBack, ReadAheadNone, Direct, No Write Cache if Bad BBU
Current Cache Policy: WriteBack, ReadAheadNone, Direct, No Write Cache if Bad BBU
Default Cache Policy: WriteBack, ReadAheadNone, Direct, No Write Cache if Bad BBU
Current Cache Policy: WriteBack, ReadAheadNone, Direct, No Write Cache if Bad BBU
Default Cache Policy: WriteBack, ReadAheadNone, Direct, No Write Cache if Bad BBU
Current Cache Policy: WriteBack, ReadAheadNone, Direct, No Write Cache if Bad BBU
Default Cache Policy: WriteBack, ReadAheadNone, Direct, No Write Cache if Bad BBU
Current Cache Policy: WriteBack, ReadAheadNone, Direct, No Write Cache if Bad BBU
Default Cache Policy: WriteBack, ReadAheadNone, Direct, No Write Cache if Bad BBU
Current Cache Policy: WriteBack, ReadAheadNone, Direct, No Write Cache if Bad BBU
[root@fih3ex2celadm03 ~]# cellcli
CellCLI: Release 18.1.7.0.0 - Production on Tue Nov 10 14:43:22 EET 2020

Copyright (c) 2007, 2016, Oracle and/or its affiliates. All rights reserved.

CellCLI>  list griddisk attributes name, status, asmmodestatus, asmdeactivationoutcome
         DATAC1_CD_00_fih3ex2celadm03    inactive        OFFLINE         Yes
         DATAC1_CD_01_fih3ex2celadm03    inactive        OFFLINE         Yes
         DATAC1_CD_02_fih3ex2celadm03    inactive        OFFLINE         Yes
         DATAC1_CD_03_fih3ex2celadm03    inactive        OFFLINE         Yes
         DATAC1_CD_04_fih3ex2celadm03    inactive        OFFLINE         Yes
         DATAC1_CD_05_fih3ex2celadm03    inactive        OFFLINE         Yes
         DATA_CD_06_fih3ex2celadm03      inactive        OFFLINE         Yes
         DATA_CD_07_fih3ex2celadm03      inactive        OFFLINE         Yes
         DATA_CD_08_fih3ex2celadm03      inactive        OFFLINE         Yes
         DATA_CD_09_fih3ex2celadm03      inactive        OFFLINE         Yes
         DATA_CD_10_fih3ex2celadm03      inactive        OFFLINE         Yes
         DATA_CD_11_fih3ex2celadm03      inactive        OFFLINE         Yes
         DBFS_DG_CD_02_fih3ex2celadm03   inactive        OFFLINE         Yes
         DBFS_DG_CD_03_fih3ex2celadm03   inactive        OFFLINE         Yes
         DBFS_DG_CD_04_fih3ex2celadm03   inactive        OFFLINE         Yes
         DBFS_DG_CD_05_fih3ex2celadm03   inactive        OFFLINE         Yes
         DBFS_DG_CD_06_fih3ex2celadm03   inactive        OFFLINE         Yes
         DBFS_DG_CD_07_fih3ex2celadm03   inactive        OFFLINE         Yes
         DBFS_DG_CD_08_fih3ex2celadm03   inactive        OFFLINE         Yes
         DBFS_DG_CD_09_fih3ex2celadm03   inactive        OFFLINE         Yes
         DBFS_DG_CD_10_fih3ex2celadm03   inactive        OFFLINE         Yes
         DBFS_DG_CD_11_fih3ex2celadm03   inactive        OFFLINE         Yes
         RECOC1_CD_00_fih3ex2celadm03    inactive        OFFLINE         Yes
         RECOC1_CD_01_fih3ex2celadm03    inactive        OFFLINE         Yes
         RECOC1_CD_02_fih3ex2celadm03    inactive        OFFLINE         Yes
         RECOC1_CD_03_fih3ex2celadm03    inactive        OFFLINE         Yes
         RECOC1_CD_04_fih3ex2celadm03    inactive        OFFLINE         Yes
         RECOC1_CD_05_fih3ex2celadm03    inactive        OFFLINE         Yes
         RECO_CD_06_fih3ex2celadm03      inactive        OFFLINE         Yes
         RECO_CD_07_fih3ex2celadm03      inactive        OFFLINE         Yes
         RECO_CD_08_fih3ex2celadm03      inactive        OFFLINE         Yes
         RECO_CD_09_fih3ex2celadm03      inactive        OFFLINE         Yes
         RECO_CD_10_fih3ex2celadm03      inactive        OFFLINE         Yes
         RECO_CD_11_fih3ex2celadm03      inactive        OFFLINE         Yes

CellCLI>  alter griddisk all active
GridDisk DATAC1_CD_00_fih3ex2celadm03 successfully altered
GridDisk DATAC1_CD_01_fih3ex2celadm03 successfully altered
GridDisk DATAC1_CD_02_fih3ex2celadm03 successfully altered
GridDisk DATAC1_CD_03_fih3ex2celadm03 successfully altered
GridDisk DATAC1_CD_04_fih3ex2celadm03 successfully altered
GridDisk DATAC1_CD_05_fih3ex2celadm03 successfully altered
GridDisk DATA_CD_06_fih3ex2celadm03 successfully altered
GridDisk DATA_CD_07_fih3ex2celadm03 successfully altered
GridDisk DATA_CD_08_fih3ex2celadm03 successfully altered
GridDisk DATA_CD_09_fih3ex2celadm03 successfully altered
GridDisk DATA_CD_10_fih3ex2celadm03 successfully altered
GridDisk DATA_CD_11_fih3ex2celadm03 successfully altered
GridDisk DBFS_DG_CD_02_fih3ex2celadm03 successfully altered
GridDisk DBFS_DG_CD_03_fih3ex2celadm03 successfully altered
GridDisk DBFS_DG_CD_04_fih3ex2celadm03 successfully altered
GridDisk DBFS_DG_CD_05_fih3ex2celadm03 successfully altered
GridDisk DBFS_DG_CD_06_fih3ex2celadm03 successfully altered
GridDisk DBFS_DG_CD_07_fih3ex2celadm03 successfully altered
GridDisk DBFS_DG_CD_08_fih3ex2celadm03 successfully altered
GridDisk DBFS_DG_CD_09_fih3ex2celadm03 successfully altered
GridDisk DBFS_DG_CD_10_fih3ex2celadm03 successfully altered
GridDisk DBFS_DG_CD_11_fih3ex2celadm03 successfully altered
GridDisk RECOC1_CD_00_fih3ex2celadm03 successfully altered
GridDisk RECOC1_CD_01_fih3ex2celadm03 successfully altered
GridDisk RECOC1_CD_02_fih3ex2celadm03 successfully altered
GridDisk RECOC1_CD_03_fih3ex2celadm03 successfully altered
GridDisk RECOC1_CD_04_fih3ex2celadm03 successfully altered
GridDisk RECOC1_CD_05_fih3ex2celadm03 successfully altered
GridDisk RECO_CD_06_fih3ex2celadm03 successfully altered
GridDisk RECO_CD_07_fih3ex2celadm03 successfully altered
GridDisk RECO_CD_08_fih3ex2celadm03 successfully altered
GridDisk RECO_CD_09_fih3ex2celadm03 successfully altered
GridDisk RECO_CD_10_fih3ex2celadm03 successfully altered
GridDisk RECO_CD_11_fih3ex2celadm03 successfully altered

CellCLI> list griddisk
         DATAC1_CD_00_fih3ex2celadm03    active
         DATAC1_CD_01_fih3ex2celadm03    active
         DATAC1_CD_02_fih3ex2celadm03    active
         DATAC1_CD_03_fih3ex2celadm03    active
         DATAC1_CD_04_fih3ex2celadm03    active
         DATAC1_CD_05_fih3ex2celadm03    active
         DATA_CD_06_fih3ex2celadm03      active
         DATA_CD_07_fih3ex2celadm03      active
         DATA_CD_08_fih3ex2celadm03      active
         DATA_CD_09_fih3ex2celadm03      active
         DATA_CD_10_fih3ex2celadm03      active
         DATA_CD_11_fih3ex2celadm03      active
         DBFS_DG_CD_02_fih3ex2celadm03   active
         DBFS_DG_CD_03_fih3ex2celadm03   active
         DBFS_DG_CD_04_fih3ex2celadm03   active
         DBFS_DG_CD_05_fih3ex2celadm03   active
         DBFS_DG_CD_06_fih3ex2celadm03   active
         DBFS_DG_CD_07_fih3ex2celadm03   active
         DBFS_DG_CD_08_fih3ex2celadm03   active
         DBFS_DG_CD_09_fih3ex2celadm03   active
         DBFS_DG_CD_10_fih3ex2celadm03   active
         DBFS_DG_CD_11_fih3ex2celadm03   active
         RECOC1_CD_00_fih3ex2celadm03    active
         RECOC1_CD_01_fih3ex2celadm03    active
         RECOC1_CD_02_fih3ex2celadm03    active
         RECOC1_CD_03_fih3ex2celadm03    active
         RECOC1_CD_04_fih3ex2celadm03    active
         RECOC1_CD_05_fih3ex2celadm03    active
         RECO_CD_06_fih3ex2celadm03      active
         RECO_CD_07_fih3ex2celadm03      active
         RECO_CD_08_fih3ex2celadm03      active
         RECO_CD_09_fih3ex2celadm03      active
         RECO_CD_10_fih3ex2celadm03      active
         RECO_CD_11_fih3ex2celadm03      active

CellCLI>  list griddisk attributes name,status,asmmodestatus,asmdeactivationoutcome
         DATAC1_CD_00_fih3ex2celadm03    active  SYNCING         Yes
         DATAC1_CD_01_fih3ex2celadm03    active  SYNCING         Yes
         DATAC1_CD_02_fih3ex2celadm03    active  SYNCING         Yes
         DATAC1_CD_03_fih3ex2celadm03    active  SYNCING         Yes
         DATAC1_CD_04_fih3ex2celadm03    active  SYNCING         Yes
         DATAC1_CD_05_fih3ex2celadm03    active  SYNCING         Yes
         DATA_CD_06_fih3ex2celadm03      active  SYNCING         Yes
         DATA_CD_07_fih3ex2celadm03      active  SYNCING         Yes
         DATA_CD_08_fih3ex2celadm03      active  SYNCING         Yes
         DATA_CD_09_fih3ex2celadm03      active  SYNCING         Yes
         DATA_CD_10_fih3ex2celadm03      active  SYNCING         Yes
         DATA_CD_11_fih3ex2celadm03      active  SYNCING         Yes
         DBFS_DG_CD_02_fih3ex2celadm03   active  OFFLINE         Yes
         DBFS_DG_CD_03_fih3ex2celadm03   active  OFFLINE         Yes
         DBFS_DG_CD_04_fih3ex2celadm03   active  OFFLINE         Yes
         DBFS_DG_CD_05_fih3ex2celadm03   active  OFFLINE         Yes
         DBFS_DG_CD_06_fih3ex2celadm03   active  OFFLINE         Yes
         DBFS_DG_CD_07_fih3ex2celadm03   active  OFFLINE         Yes
         DBFS_DG_CD_08_fih3ex2celadm03   active  OFFLINE         Yes
         DBFS_DG_CD_09_fih3ex2celadm03   active  OFFLINE         Yes
         DBFS_DG_CD_10_fih3ex2celadm03   active  OFFLINE         Yes
         DBFS_DG_CD_11_fih3ex2celadm03   active  OFFLINE         Yes
         RECOC1_CD_00_fih3ex2celadm03    active  OFFLINE         Yes
         RECOC1_CD_01_fih3ex2celadm03    active  OFFLINE         Yes
         RECOC1_CD_02_fih3ex2celadm03    active  OFFLINE         Yes
         RECOC1_CD_03_fih3ex2celadm03    active  OFFLINE         Yes
         RECOC1_CD_04_fih3ex2celadm03    active  OFFLINE         Yes
         RECOC1_CD_05_fih3ex2celadm03    active  OFFLINE         Yes
         RECO_CD_06_fih3ex2celadm03      active  OFFLINE         Yes
         RECO_CD_07_fih3ex2celadm03      active  OFFLINE         Yes
         RECO_CD_08_fih3ex2celadm03      active  OFFLINE         Yes
         RECO_CD_09_fih3ex2celadm03      active  OFFLINE         Yes
         RECO_CD_10_fih3ex2celadm03      active  OFFLINE         Yes
         RECO_CD_11_fih3ex2celadm03      active  OFFLINE         Yes

CellCLI>  list griddisk attributes name,status,asmmodestatus,asmdeactivationoutcome
         DATAC1_CD_00_fih3ex2celadm03    active  SYNCING         Yes
         DATAC1_CD_01_fih3ex2celadm03    active  SYNCING         Yes
         DATAC1_CD_02_fih3ex2celadm03    active  SYNCING         Yes
         DATAC1_CD_03_fih3ex2celadm03    active  SYNCING         Yes
         DATAC1_CD_04_fih3ex2celadm03    active  SYNCING         Yes
         DATAC1_CD_05_fih3ex2celadm03    active  SYNCING         Yes
         DATA_CD_06_fih3ex2celadm03      active  SYNCING         Yes
         DATA_CD_07_fih3ex2celadm03      active  SYNCING         Yes
         DATA_CD_08_fih3ex2celadm03      active  SYNCING         Yes
         DATA_CD_09_fih3ex2celadm03      active  SYNCING         Yes
         DATA_CD_10_fih3ex2celadm03      active  SYNCING         Yes
         DATA_CD_11_fih3ex2celadm03      active  SYNCING         Yes
         DBFS_DG_CD_02_fih3ex2celadm03   active  OFFLINE         Yes
         DBFS_DG_CD_03_fih3ex2celadm03   active  OFFLINE         Yes
         DBFS_DG_CD_04_fih3ex2celadm03   active  OFFLINE         Yes
         DBFS_DG_CD_05_fih3ex2celadm03   active  OFFLINE         Yes
         DBFS_DG_CD_06_fih3ex2celadm03   active  OFFLINE         Yes
         DBFS_DG_CD_07_fih3ex2celadm03   active  OFFLINE         Yes
         DBFS_DG_CD_08_fih3ex2celadm03   active  OFFLINE         Yes
         DBFS_DG_CD_09_fih3ex2celadm03   active  OFFLINE         Yes
         DBFS_DG_CD_10_fih3ex2celadm03   active  OFFLINE         Yes
         DBFS_DG_CD_11_fih3ex2celadm03   active  OFFLINE         Yes
         RECOC1_CD_00_fih3ex2celadm03    active  OFFLINE         Yes
         RECOC1_CD_01_fih3ex2celadm03    active  OFFLINE         Yes
         RECOC1_CD_02_fih3ex2celadm03    active  OFFLINE         Yes
         RECOC1_CD_03_fih3ex2celadm03    active  OFFLINE         Yes
         RECOC1_CD_04_fih3ex2celadm03    active  OFFLINE         Yes
         RECOC1_CD_05_fih3ex2celadm03    active  OFFLINE         Yes
         RECO_CD_06_fih3ex2celadm03      active  OFFLINE         Yes
         RECO_CD_07_fih3ex2celadm03      active  OFFLINE         Yes
         RECO_CD_08_fih3ex2celadm03      active  OFFLINE         Yes
         RECO_CD_09_fih3ex2celadm03      active  OFFLINE         Yes
         RECO_CD_10_fih3ex2celadm03      active  OFFLINE         Yes
         RECO_CD_11_fih3ex2celadm03      active  OFFLINE         Yes

CellCLI>  list griddisk attributes name,status,asmmodestatus,asmdeactivationoutcome
         DATAC1_CD_00_fih3ex2celadm03    active  SYNCING         Yes
         DATAC1_CD_01_fih3ex2celadm03    active  SYNCING         Yes
         DATAC1_CD_02_fih3ex2celadm03    active  SYNCING         Yes
         DATAC1_CD_03_fih3ex2celadm03    active  SYNCING         Yes
         DATAC1_CD_04_fih3ex2celadm03    active  SYNCING         Yes
         DATAC1_CD_05_fih3ex2celadm03    active  SYNCING         Yes
         DATA_CD_06_fih3ex2celadm03      active  SYNCING         Yes
         DATA_CD_07_fih3ex2celadm03      active  SYNCING         Yes
         DATA_CD_08_fih3ex2celadm03      active  SYNCING         Yes
         DATA_CD_09_fih3ex2celadm03      active  SYNCING         Yes
         DATA_CD_10_fih3ex2celadm03      active  SYNCING         Yes
         DATA_CD_11_fih3ex2celadm03      active  SYNCING         Yes
         DBFS_DG_CD_02_fih3ex2celadm03   active  OFFLINE         Yes
         DBFS_DG_CD_03_fih3ex2celadm03   active  OFFLINE         Yes
         DBFS_DG_CD_04_fih3ex2celadm03   active  OFFLINE         Yes
         DBFS_DG_CD_05_fih3ex2celadm03   active  OFFLINE         Yes
         DBFS_DG_CD_06_fih3ex2celadm03   active  OFFLINE         Yes
         DBFS_DG_CD_07_fih3ex2celadm03   active  OFFLINE         Yes
         DBFS_DG_CD_08_fih3ex2celadm03   active  OFFLINE         Yes
         DBFS_DG_CD_09_fih3ex2celadm03   active  OFFLINE         Yes
         DBFS_DG_CD_10_fih3ex2celadm03   active  OFFLINE         Yes
         DBFS_DG_CD_11_fih3ex2celadm03   active  OFFLINE         Yes
         RECOC1_CD_00_fih3ex2celadm03    active  OFFLINE         Yes
         RECOC1_CD_01_fih3ex2celadm03    active  OFFLINE         Yes
         RECOC1_CD_02_fih3ex2celadm03    active  OFFLINE         Yes
         RECOC1_CD_03_fih3ex2celadm03    active  OFFLINE         Yes
         RECOC1_CD_04_fih3ex2celadm03    active  OFFLINE         Yes
         RECOC1_CD_05_fih3ex2celadm03    active  OFFLINE         Yes
         RECO_CD_06_fih3ex2celadm03      active  OFFLINE         Yes
         RECO_CD_07_fih3ex2celadm03      active  OFFLINE         Yes
         RECO_CD_08_fih3ex2celadm03      active  OFFLINE         Yes
         RECO_CD_09_fih3ex2celadm03      active  OFFLINE         Yes
         RECO_CD_10_fih3ex2celadm03      active  OFFLINE         Yes
         RECO_CD_11_fih3ex2celadm03      active  OFFLINE         Yes

CellCLI>  list griddisk attributes name,status,asmmodestatus,asmdeactivationoutcome
         DATAC1_CD_00_fih3ex2celadm03    active  SYNCING         Yes
         DATAC1_CD_01_fih3ex2celadm03    active  SYNCING         Yes
         DATAC1_CD_02_fih3ex2celadm03    active  SYNCING         Yes
         DATAC1_CD_03_fih3ex2celadm03    active  SYNCING         Yes
         DATAC1_CD_04_fih3ex2celadm03    active  SYNCING         Yes
         DATAC1_CD_05_fih3ex2celadm03    active  SYNCING         Yes
         DATA_CD_06_fih3ex2celadm03      active  SYNCING         Yes
         DATA_CD_07_fih3ex2celadm03      active  SYNCING         Yes
         DATA_CD_08_fih3ex2celadm03      active  SYNCING         Yes
         DATA_CD_09_fih3ex2celadm03      active  SYNCING         Yes
         DATA_CD_10_fih3ex2celadm03      active  SYNCING         Yes
         DATA_CD_11_fih3ex2celadm03      active  SYNCING         Yes
         DBFS_DG_CD_02_fih3ex2celadm03   active  OFFLINE         Yes
         DBFS_DG_CD_03_fih3ex2celadm03   active  OFFLINE         Yes
         DBFS_DG_CD_04_fih3ex2celadm03   active  OFFLINE         Yes
         DBFS_DG_CD_05_fih3ex2celadm03   active  OFFLINE         Yes
         DBFS_DG_CD_06_fih3ex2celadm03   active  OFFLINE         Yes
         DBFS_DG_CD_07_fih3ex2celadm03   active  OFFLINE         Yes
         DBFS_DG_CD_08_fih3ex2celadm03   active  OFFLINE         Yes
         DBFS_DG_CD_09_fih3ex2celadm03   active  OFFLINE         Yes
         DBFS_DG_CD_10_fih3ex2celadm03   active  OFFLINE         Yes
         DBFS_DG_CD_11_fih3ex2celadm03   active  OFFLINE         Yes
         RECOC1_CD_00_fih3ex2celadm03    active  OFFLINE         Yes
         RECOC1_CD_01_fih3ex2celadm03    active  OFFLINE         Yes
         RECOC1_CD_02_fih3ex2celadm03    active  OFFLINE         Yes
         RECOC1_CD_03_fih3ex2celadm03    active  OFFLINE         Yes
         RECOC1_CD_04_fih3ex2celadm03    active  OFFLINE         Yes
         RECOC1_CD_05_fih3ex2celadm03    active  OFFLINE         Yes
         RECO_CD_06_fih3ex2celadm03      active  OFFLINE         Yes
         RECO_CD_07_fih3ex2celadm03      active  OFFLINE         Yes
         RECO_CD_08_fih3ex2celadm03      active  OFFLINE         Yes
         RECO_CD_09_fih3ex2celadm03      active  OFFLINE         Yes
         RECO_CD_10_fih3ex2celadm03      active  OFFLINE         Yes
         RECO_CD_11_fih3ex2celadm03      active  OFFLINE         Yes

CellCLI>  list griddisk attributes name,status,asmmodestatus,asmdeactivationoutcome
         DATAC1_CD_00_fih3ex2celadm03    active  SYNCING         Yes
         DATAC1_CD_01_fih3ex2celadm03    active  SYNCING         Yes
         DATAC1_CD_02_fih3ex2celadm03    active  SYNCING         Yes
         DATAC1_CD_03_fih3ex2celadm03    active  SYNCING         Yes
         DATAC1_CD_04_fih3ex2celadm03    active  SYNCING         Yes
         DATAC1_CD_05_fih3ex2celadm03    active  SYNCING         Yes
         DATA_CD_06_fih3ex2celadm03      active  SYNCING         Yes
         DATA_CD_07_fih3ex2celadm03      active  SYNCING         Yes
         DATA_CD_08_fih3ex2celadm03      active  SYNCING         Yes
         DATA_CD_09_fih3ex2celadm03      active  SYNCING         Yes
         DATA_CD_10_fih3ex2celadm03      active  SYNCING         Yes
         DATA_CD_11_fih3ex2celadm03      active  SYNCING         Yes
         DBFS_DG_CD_02_fih3ex2celadm03   active  OFFLINE         Yes
         DBFS_DG_CD_03_fih3ex2celadm03   active  OFFLINE         Yes
         DBFS_DG_CD_04_fih3ex2celadm03   active  OFFLINE         Yes
         DBFS_DG_CD_05_fih3ex2celadm03   active  OFFLINE         Yes
         DBFS_DG_CD_06_fih3ex2celadm03   active  OFFLINE         Yes
         DBFS_DG_CD_07_fih3ex2celadm03   active  OFFLINE         Yes
         DBFS_DG_CD_08_fih3ex2celadm03   active  OFFLINE         Yes
         DBFS_DG_CD_09_fih3ex2celadm03   active  OFFLINE         Yes
         DBFS_DG_CD_10_fih3ex2celadm03   active  OFFLINE         Yes
         DBFS_DG_CD_11_fih3ex2celadm03   active  OFFLINE         Yes
         RECOC1_CD_00_fih3ex2celadm03    active  OFFLINE         Yes
         RECOC1_CD_01_fih3ex2celadm03    active  OFFLINE         Yes
         RECOC1_CD_02_fih3ex2celadm03    active  OFFLINE         Yes
         RECOC1_CD_03_fih3ex2celadm03    active  OFFLINE         Yes
         RECOC1_CD_04_fih3ex2celadm03    active  OFFLINE         Yes
         RECOC1_CD_05_fih3ex2celadm03    active  OFFLINE         Yes
         RECO_CD_06_fih3ex2celadm03      active  OFFLINE         Yes
         RECO_CD_07_fih3ex2celadm03      active  OFFLINE         Yes
         RECO_CD_08_fih3ex2celadm03      active  OFFLINE         Yes
         RECO_CD_09_fih3ex2celadm03      active  OFFLINE         Yes
         RECO_CD_10_fih3ex2celadm03      active  OFFLINE         Yes
         RECO_CD_11_fih3ex2celadm03      active  OFFLINE         Yes

CellCLI>  list griddisk attributes name,status,asmmodestatus,asmdeactivationoutcome
         DATAC1_CD_00_fih3ex2celadm03    active  SYNCING         Yes
         DATAC1_CD_01_fih3ex2celadm03    active  SYNCING         Yes
         DATAC1_CD_02_fih3ex2celadm03    active  SYNCING         Yes
         DATAC1_CD_03_fih3ex2celadm03    active  SYNCING         Yes
         DATAC1_CD_04_fih3ex2celadm03    active  SYNCING         Yes
         DATAC1_CD_05_fih3ex2celadm03    active  SYNCING         Yes
         DATA_CD_06_fih3ex2celadm03      active  SYNCING         Yes
         DATA_CD_07_fih3ex2celadm03      active  SYNCING         Yes
         DATA_CD_08_fih3ex2celadm03      active  SYNCING         Yes
         DATA_CD_09_fih3ex2celadm03      active  SYNCING         Yes
         DATA_CD_10_fih3ex2celadm03      active  SYNCING         Yes
         DATA_CD_11_fih3ex2celadm03      active  SYNCING         Yes
         DBFS_DG_CD_02_fih3ex2celadm03   active  OFFLINE         Yes
         DBFS_DG_CD_03_fih3ex2celadm03   active  OFFLINE         Yes
         DBFS_DG_CD_04_fih3ex2celadm03   active  OFFLINE         Yes
         DBFS_DG_CD_05_fih3ex2celadm03   active  OFFLINE         Yes
         DBFS_DG_CD_06_fih3ex2celadm03   active  OFFLINE         Yes
         DBFS_DG_CD_07_fih3ex2celadm03   active  OFFLINE         Yes
         DBFS_DG_CD_08_fih3ex2celadm03   active  OFFLINE         Yes
         DBFS_DG_CD_09_fih3ex2celadm03   active  OFFLINE         Yes
         DBFS_DG_CD_10_fih3ex2celadm03   active  OFFLINE         Yes
         DBFS_DG_CD_11_fih3ex2celadm03   active  OFFLINE         Yes
         RECOC1_CD_00_fih3ex2celadm03    active  OFFLINE         Yes
         RECOC1_CD_01_fih3ex2celadm03    active  OFFLINE         Yes
         RECOC1_CD_02_fih3ex2celadm03    active  OFFLINE         Yes
         RECOC1_CD_03_fih3ex2celadm03    active  OFFLINE         Yes
         RECOC1_CD_04_fih3ex2celadm03    active  OFFLINE         Yes
         RECOC1_CD_05_fih3ex2celadm03    active  OFFLINE         Yes
         RECO_CD_06_fih3ex2celadm03      active  OFFLINE         Yes
         RECO_CD_07_fih3ex2celadm03      active  OFFLINE         Yes
         RECO_CD_08_fih3ex2celadm03      active  OFFLINE         Yes
         RECO_CD_09_fih3ex2celadm03      active  OFFLINE         Yes
         RECO_CD_10_fih3ex2celadm03      active  OFFLINE         Yes
         RECO_CD_11_fih3ex2celadm03      active  OFFLINE         Yes

CellCLI>  list griddisk attributes name,status,asmmodestatus,asmdeactivationoutcome
         DATAC1_CD_00_fih3ex2celadm03    active  SYNCING         Yes
         DATAC1_CD_01_fih3ex2celadm03    active  SYNCING         Yes
         DATAC1_CD_02_fih3ex2celadm03    active  SYNCING         Yes
         DATAC1_CD_03_fih3ex2celadm03    active  SYNCING         Yes
         DATAC1_CD_04_fih3ex2celadm03    active  SYNCING         Yes
         DATAC1_CD_05_fih3ex2celadm03    active  SYNCING         Yes
         DATA_CD_06_fih3ex2celadm03      active  SYNCING         Yes
         DATA_CD_07_fih3ex2celadm03      active  SYNCING         Yes
         DATA_CD_08_fih3ex2celadm03      active  SYNCING         Yes
         DATA_CD_09_fih3ex2celadm03      active  SYNCING         Yes
         DATA_CD_10_fih3ex2celadm03      active  SYNCING         Yes
         DATA_CD_11_fih3ex2celadm03      active  SYNCING         Yes
         DBFS_DG_CD_02_fih3ex2celadm03   active  OFFLINE         Yes
         DBFS_DG_CD_03_fih3ex2celadm03   active  OFFLINE         Yes
         DBFS_DG_CD_04_fih3ex2celadm03   active  OFFLINE         Yes
         DBFS_DG_CD_05_fih3ex2celadm03   active  OFFLINE         Yes
         DBFS_DG_CD_06_fih3ex2celadm03   active  OFFLINE         Yes
         DBFS_DG_CD_07_fih3ex2celadm03   active  OFFLINE         Yes
         DBFS_DG_CD_08_fih3ex2celadm03   active  OFFLINE         Yes
         DBFS_DG_CD_09_fih3ex2celadm03   active  OFFLINE         Yes
         DBFS_DG_CD_10_fih3ex2celadm03   active  OFFLINE         Yes
         DBFS_DG_CD_11_fih3ex2celadm03   active  OFFLINE         Yes
         RECOC1_CD_00_fih3ex2celadm03    active  OFFLINE         Yes
         RECOC1_CD_01_fih3ex2celadm03    active  OFFLINE         Yes
         RECOC1_CD_02_fih3ex2celadm03    active  OFFLINE         Yes
         RECOC1_CD_03_fih3ex2celadm03    active  OFFLINE         Yes
         RECOC1_CD_04_fih3ex2celadm03    active  OFFLINE         Yes
         RECOC1_CD_05_fih3ex2celadm03    active  OFFLINE         Yes
         RECO_CD_06_fih3ex2celadm03      active  OFFLINE         Yes
         RECO_CD_07_fih3ex2celadm03      active  OFFLINE         Yes
         RECO_CD_08_fih3ex2celadm03      active  OFFLINE         Yes
         RECO_CD_09_fih3ex2celadm03      active  OFFLINE         Yes
         RECO_CD_10_fih3ex2celadm03      active  OFFLINE         Yes
         RECO_CD_11_fih3ex2celadm03      active  OFFLINE         Yes

CellCLI>  list griddisk attributes name,status,asmmodestatus,asmdeactivationoutcome
         DATAC1_CD_00_fih3ex2celadm03    active  SYNCING         Yes
         DATAC1_CD_01_fih3ex2celadm03    active  SYNCING         Yes
         DATAC1_CD_02_fih3ex2celadm03    active  SYNCING         Yes
         DATAC1_CD_03_fih3ex2celadm03    active  SYNCING         Yes
         DATAC1_CD_04_fih3ex2celadm03    active  SYNCING         Yes
         DATAC1_CD_05_fih3ex2celadm03    active  SYNCING         Yes
         DATA_CD_06_fih3ex2celadm03      active  SYNCING         Yes
         DATA_CD_07_fih3ex2celadm03      active  SYNCING         Yes
         DATA_CD_08_fih3ex2celadm03      active  SYNCING         Yes
         DATA_CD_09_fih3ex2celadm03      active  SYNCING         Yes
         DATA_CD_10_fih3ex2celadm03      active  SYNCING         Yes
         DATA_CD_11_fih3ex2celadm03      active  SYNCING         Yes
         DBFS_DG_CD_02_fih3ex2celadm03   active  OFFLINE         Yes
         DBFS_DG_CD_03_fih3ex2celadm03   active  OFFLINE         Yes
         DBFS_DG_CD_04_fih3ex2celadm03   active  OFFLINE         Yes
         DBFS_DG_CD_05_fih3ex2celadm03   active  OFFLINE         Yes
         DBFS_DG_CD_06_fih3ex2celadm03   active  OFFLINE         Yes
         DBFS_DG_CD_07_fih3ex2celadm03   active  OFFLINE         Yes
         DBFS_DG_CD_08_fih3ex2celadm03   active  OFFLINE         Yes
         DBFS_DG_CD_09_fih3ex2celadm03   active  OFFLINE         Yes
         DBFS_DG_CD_10_fih3ex2celadm03   active  OFFLINE         Yes
         DBFS_DG_CD_11_fih3ex2celadm03   active  OFFLINE         Yes
         RECOC1_CD_00_fih3ex2celadm03    active  OFFLINE         Yes
         RECOC1_CD_01_fih3ex2celadm03    active  OFFLINE         Yes
         RECOC1_CD_02_fih3ex2celadm03    active  OFFLINE         Yes
         RECOC1_CD_03_fih3ex2celadm03    active  OFFLINE         Yes
         RECOC1_CD_04_fih3ex2celadm03    active  OFFLINE         Yes
         RECOC1_CD_05_fih3ex2celadm03    active  OFFLINE         Yes
         RECO_CD_06_fih3ex2celadm03      active  OFFLINE         Yes
         RECO_CD_07_fih3ex2celadm03      active  OFFLINE         Yes
         RECO_CD_08_fih3ex2celadm03      active  OFFLINE         Yes
         RECO_CD_09_fih3ex2celadm03      active  OFFLINE         Yes
         RECO_CD_10_fih3ex2celadm03      active  OFFLINE         Yes
         RECO_CD_11_fih3ex2celadm03      active  OFFLINE         Yes

CellCLI>

CellCLI>

CellCLI> exit
quitting

[root@fih3ex2celadm03 ~]#
[root@fih3ex2celadm03 ~]#
[root@fih3ex2celadm03 ~]#
[root@fih3ex2celadm03 ~]# cellcli
CellCLI: Release 18.1.7.0.0 - Production on Tue Nov 10 14:46:01 EET 2020

Copyright (c) 2007, 2016, Oracle and/or its affiliates. All rights reserved.

CellCLI> list cell
         fih3ex2celadm03         online

CellCLI> list cell detail
         name:                   fih3ex2celadm03
         accessLevelPerm:        remoteLoginEnabled
         bbuStatus:              normal
         cellVersion:            OSS_18.1.7.0.0AUG_LINUX.X64_180821
         cpuCount:               32/32
         diagHistoryDays:        7
         eighthRack:             FALSE
         fanCount:               8/8
         fanStatus:              normal
         flashCacheMode:         WriteThrough
         id:                     1509NM70JC
         interconnectCount:      1
         interconnect1:          ib0
         interconnect2:          ib1
         iormBoost:              0.0
         ipaddress1:             10.255.31.8/22
         ipaddress2:             10.255.31.9/22
         kernelVersion:          4.1.12-94.8.4.el6uek.x86_64
         locatorLEDStatus:       off
         makeModel:              Oracle Corporation ORACLE SERVER X5-2L High Capacity
         memoryGB:               94
         metricHistoryDays:      7
         notificationMethod:     snmp
         notificationPolicy:     critical,warning,clear
         offloadGroupEvents:
         powerCount:             2/2
         powerStatus:            normal
         ramCacheMaxSize:        0
         ramCacheMode:           Auto
         ramCacheSize:           0
         releaseImageStatus:     success
         releaseVersion:         18.1.7.0.0.180821
         rpmVersion:             cell-18.1.7.0.0_LINUX.X64_180821-1.x86_64
         releaseTrackingBug:     28519942
         rollbackVersion:        12.1.2.3.5.170418
         snmpSubscriber:         host=fih3ex2dbadm02.emea.nsn-net.net,port=1830,community=public
                                 host=fih3ex2dbadm01.emea.nsn-net.net,port=1830,community=public
                                 host=fih3ex2dbadm01.emea.nsn-net.net,port=3872,community=public
                                 host=fih3ex2dbadm02.emea.nsn-net.net,port=3872,community=public
                                 host=10.130.132.35,port=162,community=public,type=ASR,asrmPort=16161
         status:                 online
         temperatureReading:     22.0
         temperatureStatus:      normal
         upTime:                 0 days, 0:12
         usbStatus:              normal
         cellsrvStatus:          running
         msStatus:               running
         rsStatus:               running

CellCLI>

CellCLI>

CellCLI> exit
quitting

[root@fih3ex2celadm03 ~]#
[root@fih3ex2celadm03 ~]#
[root@fih3ex2celadm03 ~]#
[root@fih3ex2celadm03 ~]# su - oracle
su: user oracle does not exist
[root@fih3ex2celadm03 ~]# exit
logout
Connection to fih3ex2celadm03.emea.nsn-net.net closed.
[root@fih3ex2dbadm01 ~]# su - oracle
oracle@fih3ex2dbadm01 $
oracle@fih3ex2dbadm01 $
oracle@fih3ex2dbadm01 $ . oraenv
ORACLE_SID = [oracle] ? +ASM1
The Oracle base has been set to /u01/app/oracle
oracle@fih3ex2dbadm01 $
oracle@fih3ex2dbadm01 $
oracle@fih3ex2dbadm01 $ asmcmd
ASMCMD>
ASMCMD>
ASMCMD> lsdg
State    Type    Rebal  Sector  Block       AU   Total_MB   Free_MB  Req_mir_free_MB  Usable_file_MB  Offline_disks  Voting_files  Name
MOUNTED  NORMAL  Y         512   4096  4194304  108859392  26274596          3023872        11625362              0             N  DATAC1/
MOUNTED  NORMAL  Y         512   4096  4194304    1038240   1026136            34608          495764              0             Y  DBFS_DG/
MOUNTED  NORMAL  N         512   4096  4194304   18147840   8186980           756160         3715410             12             N  RECOC1/
ASMCMD> exit
oracle@fih3ex2dbadm01 $
oracle@fih3ex2dbadm01 $
oracle@fih3ex2dbadm01 $ sqlplus "/as sysasm"

SQL*Plus: Release 12.1.0.2.0 Production on Tue Nov 10 14:47:27 2020

Copyright (c) 1982, 2014, Oracle.  All rights reserved.


Connected to:
Oracle Database 12c Enterprise Edition Release 12.1.0.2.0 - 64bit Production
With the Real Application Clusters and Automatic Storage Management options

SQL>
SQL>
SQL> select * from v$asm_operation;

GROUP_NUMBER OPERA PASS      STAT      POWER     ACTUAL      SOFAR   EST_WORK
------------ ----- --------- ---- ---------- ---------- ---------- ----------
  EST_RATE EST_MINUTES ERROR_CODE                                       CON_ID
---------- ----------- -------------------------------------------- ----------
           1 REBAL RESYNC    WAIT         30
                                                                             0

           1 REBAL RESILVER  WAIT         30
                                                                             0

           1 REBAL REBALANCE WAIT         30
                                                                             0


GROUP_NUMBER OPERA PASS      STAT      POWER     ACTUAL      SOFAR   EST_WORK
------------ ----- --------- ---- ---------- ---------- ---------- ----------
  EST_RATE EST_MINUTES ERROR_CODE                                       CON_ID
---------- ----------- -------------------------------------------- ----------
           1 REBAL COMPACT   WAIT         30
                                                                             0

           2 REBAL RESYNC    DONE         30
                                                                             0

           2 REBAL RESILVER  DONE         30
                                                                             0


GROUP_NUMBER OPERA PASS      STAT      POWER     ACTUAL      SOFAR   EST_WORK
------------ ----- --------- ---- ---------- ---------- ---------- ----------
  EST_RATE EST_MINUTES ERROR_CODE                                       CON_ID
---------- ----------- -------------------------------------------- ----------
           2 REBAL REBALANCE DONE         30
                                                                             0

           2 REBAL COMPACT   WAIT         30
                                                                             0

           3 REBAL RESYNC    WAIT         30
                                                                             0


GROUP_NUMBER OPERA PASS      STAT      POWER     ACTUAL      SOFAR   EST_WORK
------------ ----- --------- ---- ---------- ---------- ---------- ----------
  EST_RATE EST_MINUTES ERROR_CODE                                       CON_ID
---------- ----------- -------------------------------------------- ----------
           3 REBAL RESILVER  WAIT         30
                                                                             0

           3 REBAL REBALANCE WAIT         30
                                                                             0

           3 REBAL COMPACT   WAIT         30
                                                                             0


12 rows selected.

SQL>
SQL>
SQL> set line 150
SQL>
SQL>
SQL> /

GROUP_NUMBER OPERA PASS      STAT      POWER     ACTUAL      SOFAR   EST_WORK   EST_RATE EST_MINUTES ERROR_CODE
------------ ----- --------- ---- ---------- ---------- ---------- ---------- ---------- ----------- --------------------------------------------
    CON_ID
----------
           1 REBAL RESYNC    WAIT         30
         0

           1 REBAL RESILVER  WAIT         30
         0

           1 REBAL REBALANCE WAIT         30
         0


GROUP_NUMBER OPERA PASS      STAT      POWER     ACTUAL      SOFAR   EST_WORK   EST_RATE EST_MINUTES ERROR_CODE
------------ ----- --------- ---- ---------- ---------- ---------- ---------- ---------- ----------- --------------------------------------------
    CON_ID
----------
           1 REBAL COMPACT   WAIT         30
         0

           2 REBAL RESYNC    DONE         30
         0

           2 REBAL RESILVER  DONE         30
         0


GROUP_NUMBER OPERA PASS      STAT      POWER     ACTUAL      SOFAR   EST_WORK   EST_RATE EST_MINUTES ERROR_CODE
------------ ----- --------- ---- ---------- ---------- ---------- ---------- ---------- ----------- --------------------------------------------
    CON_ID
----------
           2 REBAL REBALANCE DONE         30
         0

           2 REBAL COMPACT   WAIT         30
         0

           3 REBAL RESYNC    WAIT         30
         0


GROUP_NUMBER OPERA PASS      STAT      POWER     ACTUAL      SOFAR   EST_WORK   EST_RATE EST_MINUTES ERROR_CODE
------------ ----- --------- ---- ---------- ---------- ---------- ---------- ---------- ----------- --------------------------------------------
    CON_ID
----------
           3 REBAL RESILVER  WAIT         30
         0

           3 REBAL REBALANCE WAIT         30
         0

           3 REBAL COMPACT   WAIT         30
         0


12 rows selected.

SQL> set line 250
SQL>
SQL>
SQL>
SQL> /

GROUP_NUMBER OPERA PASS      STAT      POWER     ACTUAL      SOFAR   EST_WORK   EST_RATE EST_MINUTES ERROR_CODE                                       CON_ID
------------ ----- --------- ---- ---------- ---------- ---------- ---------- ---------- ----------- -------------------------------------------- ----------
           1 REBAL RESYNC    WAIT         30                                                                                                               0
           1 REBAL RESILVER  WAIT         30                                                                                                               0
           1 REBAL REBALANCE WAIT         30                                                                                                               0
           1 REBAL COMPACT   WAIT         30                                                                                                               0
           2 REBAL RESYNC    DONE         30                                                                                                               0
           2 REBAL RESILVER  DONE         30                                                                                                               0
           2 REBAL REBALANCE DONE         30                                                                                                               0
           2 REBAL COMPACT   WAIT         30                                                                                                               0
           3 REBAL RESYNC    WAIT         30                                                                                                               0
           3 REBAL RESILVER  WAIT         30                                                                                                               0
           3 REBAL REBALANCE WAIT         30                                                                                                               0

GROUP_NUMBER OPERA PASS      STAT      POWER     ACTUAL      SOFAR   EST_WORK   EST_RATE EST_MINUTES ERROR_CODE                                       CON_ID
------------ ----- --------- ---- ---------- ---------- ---------- ---------- ---------- ----------- -------------------------------------------- ----------
           3 REBAL COMPACT   WAIT         30                                                                                                               0

12 rows selected.

SQL> /

GROUP_NUMBER OPERA PASS      STAT      POWER     ACTUAL      SOFAR   EST_WORK   EST_RATE EST_MINUTES ERROR_CODE                                       CON_ID
------------ ----- --------- ---- ---------- ---------- ---------- ---------- ---------- ----------- -------------------------------------------- ----------
           1 REBAL RESYNC    WAIT         30                                                                                                               0
           1 REBAL RESILVER  WAIT         30                                                                                                               0
           1 REBAL REBALANCE WAIT         30                                                                                                               0
           1 REBAL COMPACT   WAIT         30                                                                                                               0
           2 REBAL RESYNC    DONE         30                                                                                                               0
           2 REBAL RESILVER  DONE         30                                                                                                               0
           2 REBAL REBALANCE DONE         30                                                                                                               0
           2 REBAL COMPACT   WAIT         30                                                                                                               0
           3 REBAL RESYNC    WAIT         30                                                                                                               0
           3 REBAL RESILVER  WAIT         30                                                                                                               0
           3 REBAL REBALANCE WAIT         30                                                                                                               0

GROUP_NUMBER OPERA PASS      STAT      POWER     ACTUAL      SOFAR   EST_WORK   EST_RATE EST_MINUTES ERROR_CODE                                       CON_ID
------------ ----- --------- ---- ---------- ---------- ---------- ---------- ---------- ----------- -------------------------------------------- ----------
           3 REBAL COMPACT   WAIT         30                                                                                                               0

12 rows selected.

SQL> /

GROUP_NUMBER OPERA PASS      STAT      POWER     ACTUAL      SOFAR   EST_WORK   EST_RATE EST_MINUTES ERROR_CODE                                       CON_ID
------------ ----- --------- ---- ---------- ---------- ---------- ---------- ---------- ----------- -------------------------------------------- ----------
           1 REBAL RESYNC    WAIT         30                                                                                                               0
           1 REBAL RESILVER  WAIT         30                                                                                                               0
           1 REBAL REBALANCE WAIT         30                                                                                                               0
           1 REBAL COMPACT   WAIT         30                                                                                                               0
           2 REBAL RESYNC    DONE         30                                                                                                               0
           2 REBAL RESILVER  DONE         30                                                                                                               0
           2 REBAL REBALANCE DONE         30                                                                                                               0
           2 REBAL COMPACT   WAIT         30                                                                                                               0
           3 REBAL RESYNC    WAIT         30                                                                                                               0
           3 REBAL RESILVER  WAIT         30                                                                                                               0
           3 REBAL REBALANCE WAIT         30                                                                                                               0

GROUP_NUMBER OPERA PASS      STAT      POWER     ACTUAL      SOFAR   EST_WORK   EST_RATE EST_MINUTES ERROR_CODE                                       CON_ID
------------ ----- --------- ---- ---------- ---------- ---------- ---------- ---------- ----------- -------------------------------------------- ----------
           3 REBAL COMPACT   WAIT         30                                                                                                               0

12 rows selected.

SQL> /

GROUP_NUMBER OPERA PASS      STAT      POWER     ACTUAL      SOFAR   EST_WORK   EST_RATE EST_MINUTES ERROR_CODE                                       CON_ID
------------ ----- --------- ---- ---------- ---------- ---------- ---------- ---------- ----------- -------------------------------------------- ----------
           1 REBAL RESYNC    WAIT         30                                                                                                               0
           1 REBAL RESILVER  WAIT         30                                                                                                               0
           1 REBAL REBALANCE WAIT         30                                                                                                               0
           1 REBAL COMPACT   WAIT         30                                                                                                               0
           2 REBAL RESYNC    DONE         30                                                                                                               0
           2 REBAL RESILVER  DONE         30                                                                                                               0
           2 REBAL REBALANCE DONE         30                                                                                                               0
           2 REBAL COMPACT   WAIT         30                                                                                                               0
           3 REBAL RESYNC    WAIT         30                                                                                                               0
           3 REBAL RESILVER  WAIT         30                                                                                                               0
           3 REBAL REBALANCE WAIT         30                                                                                                               0

GROUP_NUMBER OPERA PASS      STAT      POWER     ACTUAL      SOFAR   EST_WORK   EST_RATE EST_MINUTES ERROR_CODE                                       CON_ID
------------ ----- --------- ---- ---------- ---------- ---------- ---------- ---------- ----------- -------------------------------------------- ----------
           3 REBAL COMPACT   WAIT         30                                                                                                               0

12 rows selected.

SQL> /

GROUP_NUMBER OPERA PASS      STAT      POWER     ACTUAL      SOFAR   EST_WORK   EST_RATE EST_MINUTES ERROR_CODE                                       CON_ID
------------ ----- --------- ---- ---------- ---------- ---------- ---------- ---------- ----------- -------------------------------------------- ----------
           1 REBAL RESYNC    WAIT         30                                                                                                               0
           1 REBAL RESILVER  WAIT         30                                                                                                               0
           1 REBAL REBALANCE WAIT         30                                                                                                               0
           1 REBAL COMPACT   WAIT         30                                                                                                               0
           2 REBAL RESYNC    DONE         30                                                                                                               0
           2 REBAL RESILVER  DONE         30                                                                                                               0
           2 REBAL REBALANCE DONE         30                                                                                                               0
           2 REBAL COMPACT   WAIT         30                                                                                                               0
           3 REBAL RESYNC    WAIT         30                                                                                                               0
           3 REBAL RESILVER  WAIT         30                                                                                                               0
           3 REBAL REBALANCE WAIT         30                                                                                                               0

GROUP_NUMBER OPERA PASS      STAT      POWER     ACTUAL      SOFAR   EST_WORK   EST_RATE EST_MINUTES ERROR_CODE                                       CON_ID
------------ ----- --------- ---- ---------- ---------- ---------- ---------- ---------- ----------- -------------------------------------------- ----------
           3 REBAL COMPACT   WAIT         30                                                                                                               0

12 rows selected.

SQL>
SQL>
SQL> /

GROUP_NUMBER OPERA PASS      STAT      POWER     ACTUAL      SOFAR   EST_WORK   EST_RATE EST_MINUTES ERROR_CODE                                       CON_ID
------------ ----- --------- ---- ---------- ---------- ---------- ---------- ---------- ----------- -------------------------------------------- ----------
           1 REBAL RESYNC    WAIT         30                                                                                                               0
           1 REBAL RESILVER  WAIT         30                                                                                                               0
           1 REBAL REBALANCE WAIT         30                                                                                                               0
           1 REBAL COMPACT   WAIT         30                                                                                                               0
           3 REBAL RESYNC    RUN          30         30       3946       7025       5593           0                                                       0
           3 REBAL RESILVER  WAIT         30         30          0          0          0           0                                                       0
           3 REBAL REBALANCE WAIT         30         30          0          0          0           0                                                       0
           3 REBAL COMPACT   WAIT         30         30          0          0          0           0                                                       0

8 rows selected.

SQL> /

GROUP_NUMBER OPERA PASS      STAT      POWER     ACTUAL      SOFAR   EST_WORK   EST_RATE EST_MINUTES ERROR_CODE                                       CON_ID
------------ ----- --------- ---- ---------- ---------- ---------- ---------- ---------- ----------- -------------------------------------------- ----------
           1 REBAL RESYNC    WAIT         30                                                                                                               0
           1 REBAL RESILVER  WAIT         30                                                                                                               0
           1 REBAL REBALANCE WAIT         30                                                                                                               0
           1 REBAL COMPACT   WAIT         30                                                                                                               0
           3 REBAL RESYNC    RUN          30         30       4293       7025       5149           0                                                       0
           3 REBAL RESILVER  WAIT         30         30          0          0          0           0                                                       0
           3 REBAL REBALANCE WAIT         30         30          0          0          0           0                                                       0
           3 REBAL COMPACT   WAIT         30         30          0          0          0           0                                                       0

8 rows selected.

SQL> /

GROUP_NUMBER OPERA PASS      STAT      POWER     ACTUAL      SOFAR   EST_WORK   EST_RATE EST_MINUTES ERROR_CODE                                       CON_ID
------------ ----- --------- ---- ---------- ---------- ---------- ---------- ---------- ----------- -------------------------------------------- ----------
           1 REBAL RESYNC    WAIT         30                                                                                                               0
           1 REBAL RESILVER  WAIT         30                                                                                                               0
           1 REBAL REBALANCE WAIT         30                                                                                                               0
           1 REBAL COMPACT   WAIT         30                                                                                                               0
           3 REBAL RESYNC    RUN          30         30       4931       7025       5542           0                                                       0
           3 REBAL RESILVER  WAIT         30         30          0          0          0           0                                                       0
           3 REBAL REBALANCE WAIT         30         30          0          0          0           0                                                       0
           3 REBAL COMPACT   WAIT         30         30          0          0          0           0                                                       0

8 rows selected.

SQL> /

GROUP_NUMBER OPERA PASS      STAT      POWER     ACTUAL      SOFAR   EST_WORK   EST_RATE EST_MINUTES ERROR_CODE                                       CON_ID
------------ ----- --------- ---- ---------- ---------- ---------- ---------- ---------- ----------- -------------------------------------------- ----------
           1 REBAL RESYNC    WAIT         30                                                                                                               0
           1 REBAL RESILVER  WAIT         30                                                                                                               0
           1 REBAL REBALANCE WAIT         30                                                                                                               0
           1 REBAL COMPACT   WAIT         30                                                                                                               0
           3 REBAL RESYNC    RUN          30         30       4956       7025       5542           0                                                       0
           3 REBAL RESILVER  WAIT         30         30          0          0          0           0                                                       0
           3 REBAL REBALANCE WAIT         30         30          0          0          0           0                                                       0
           3 REBAL COMPACT   WAIT         30         30          0          0          0           0                                                       0

8 rows selected.

SQL> /

GROUP_NUMBER OPERA PASS      STAT      POWER     ACTUAL      SOFAR   EST_WORK   EST_RATE EST_MINUTES ERROR_CODE                                       CON_ID
------------ ----- --------- ---- ---------- ---------- ---------- ---------- ---------- ----------- -------------------------------------------- ----------
           1 REBAL RESYNC    WAIT         30                                                                                                               0
           1 REBAL RESILVER  WAIT         30                                                                                                               0
           1 REBAL REBALANCE WAIT         30                                                                                                               0
           1 REBAL COMPACT   WAIT         30                                                                                                               0
           3 REBAL RESYNC    RUN          30         30       5069       7025       5155           0                                                       0
           3 REBAL RESILVER  WAIT         30         30          0          0          0           0                                                       0
           3 REBAL REBALANCE WAIT         30         30          0          0          0           0                                                       0
           3 REBAL COMPACT   WAIT         30         30          0          0          0           0                                                       0

8 rows selected.

SQL> exit
Disconnected from Oracle Database 12c Enterprise Edition Release 12.1.0.2.0 - 64bit Production
With the Real Application Clusters and Automatic Storage Management options
oracle@fih3ex2dbadm01 $
oracle@fih3ex2dbadm01 $ asmcmd
ASMCMD>
ASMCMD>
ASMCMD> lsdg
State    Type    Rebal  Sector  Block       AU   Total_MB   Free_MB  Req_mir_free_MB  Usable_file_MB  Offline_disks  Voting_files  Name
MOUNTED  NORMAL  Y         512   4096  4194304  108859392  26274596          3023872        11625362              0             N  DATAC1/
MOUNTED  NORMAL  N         512   4096  4194304    1038240   1026136            34608          495764              0             Y  DBFS_DG/
MOUNTED  NORMAL  Y         512   4096  4194304   27221760  12277184           756160         5760512              0             N  RECOC1/
ASMCMD> exit
oracle@fih3ex2dbadm01 $
oracle@fih3ex2dbadm01 $ sqlplus "/as sysasm"

SQL*Plus: Release 12.1.0.2.0 Production on Tue Nov 10 14:51:56 2020

Copyright (c) 1982, 2014, Oracle.  All rights reserved.


Connected to:
Oracle Database 12c Enterprise Edition Release 12.1.0.2.0 - 64bit Production
With the Real Application Clusters and Automatic Storage Management options

SQL> set line 250
SQL>
SQL> select * from v$asm_operation;

GROUP_NUMBER OPERA PASS      STAT      POWER     ACTUAL      SOFAR   EST_WORK   EST_RATE EST_MINUTES ERROR_CODE                                       CON_ID
------------ ----- --------- ---- ---------- ---------- ---------- ---------- ---------- ----------- -------------------------------------------- ----------
           1 REBAL RESYNC    WAIT         30                                                                                                               0
           1 REBAL RESILVER  WAIT         30                                                                                                               0
           1 REBAL REBALANCE WAIT         30                                                                                                               0
           1 REBAL COMPACT   WAIT         30                                                                                                               0
           3 REBAL RESYNC    RUN          30         30       6150       7025       4832           0                                                       0
           3 REBAL RESILVER  WAIT         30         30          0          0          0           0                                                       0
           3 REBAL REBALANCE WAIT         30         30          0          0          0           0                                                       0
           3 REBAL COMPACT   WAIT         30         30          0          0          0           0                                                       0

8 rows selected.

SQL>
SQL>
SQL> /

GROUP_NUMBER OPERA PASS      STAT      POWER     ACTUAL      SOFAR   EST_WORK   EST_RATE EST_MINUTES ERROR_CODE                                       CON_ID
------------ ----- --------- ---- ---------- ---------- ---------- ---------- ---------- ----------- -------------------------------------------- ----------
           1 REBAL RESYNC    WAIT         30                                                                                                               0
           1 REBAL RESILVER  WAIT         30                                                                                                               0
           1 REBAL REBALANCE WAIT         30                                                                                                               0
           1 REBAL COMPACT   WAIT         30                                                                                                               0
           3 REBAL RESYNC    RUN          30         30       6150       7025       4832           0                                                       0
           3 REBAL RESILVER  WAIT         30         30          0          0          0           0                                                       0
           3 REBAL REBALANCE WAIT         30         30          0          0          0           0                                                       0
           3 REBAL COMPACT   WAIT         30         30          0          0          0           0                                                       0

8 rows selected.

SQL>
SQL>
SQL> /

GROUP_NUMBER OPERA PASS      STAT      POWER     ACTUAL      SOFAR   EST_WORK   EST_RATE EST_MINUTES ERROR_CODE                                       CON_ID
------------ ----- --------- ---- ---------- ---------- ---------- ---------- ---------- ----------- -------------------------------------------- ----------
           1 REBAL RESYNC    DONE         30                                                                                                               0
           1 REBAL RESILVER  DONE         30                                                                                                               0
           1 REBAL REBALANCE WAIT         30                                                                                                               0
           1 REBAL COMPACT   WAIT         30                                                                                                               0
           3 REBAL RESYNC    DONE         30         30       6255       7025          0           0                                                       0
           3 REBAL RESILVER  DONE         30         30          0          0          0           0                                                       0
           3 REBAL REBALANCE RUN          30         30       5676       9042       9724           0                                                       0
           3 REBAL COMPACT   WAIT         30         30          0          0          0           0                                                       0

8 rows selected.

SQL> /

GROUP_NUMBER OPERA PASS      STAT      POWER     ACTUAL      SOFAR   EST_WORK   EST_RATE EST_MINUTES ERROR_CODE                                       CON_ID
------------ ----- --------- ---- ---------- ---------- ---------- ---------- ---------- ----------- -------------------------------------------- ----------
           1 REBAL RESYNC    DONE         30                                                                                                               0
           1 REBAL RESILVER  DONE         30                                                                                                               0
           1 REBAL REBALANCE WAIT         30                                                                                                               0
           1 REBAL COMPACT   WAIT         30                                                                                                               0
           3 REBAL RESYNC    DONE         30         30       6255       7025          0           0                                                       0
           3 REBAL RESILVER  DONE         30         30          0          0          0           0                                                       0
           3 REBAL REBALANCE RUN          30         30       5729       9042       7793           0                                                       0
           3 REBAL COMPACT   WAIT         30         30          0          0          0           0                                                       0

8 rows selected.

SQL> /

GROUP_NUMBER OPERA PASS      STAT      POWER     ACTUAL      SOFAR   EST_WORK   EST_RATE EST_MINUTES ERROR_CODE                                       CON_ID
------------ ----- --------- ---- ---------- ---------- ---------- ---------- ---------- ----------- -------------------------------------------- ----------
           1 REBAL RESYNC    DONE         30                                                                                                               0
           1 REBAL RESILVER  DONE         30                                                                                                               0
           1 REBAL REBALANCE WAIT         30                                                                                                               0
           1 REBAL COMPACT   WAIT         30                                                                                                               0
           3 REBAL RESYNC    DONE         30         30       6255       7025          0           0                                                       0
           3 REBAL RESILVER  DONE         30         30          0          0          0           0                                                       0
           3 REBAL REBALANCE RUN          30         30       5813       9042      12872           0                                                       0
           3 REBAL COMPACT   WAIT         30         30          0          0          0           0                                                       0

8 rows selected.

SQL>
SQL>
SQL>
SQL> /

GROUP_NUMBER OPERA PASS      STAT      POWER     ACTUAL      SOFAR   EST_WORK   EST_RATE EST_MINUTES ERROR_CODE                                       CON_ID
------------ ----- --------- ---- ---------- ---------- ---------- ---------- ---------- ----------- -------------------------------------------- ----------
           1 REBAL RESYNC    DONE         30                                                                                                               0
           1 REBAL RESILVER  DONE         30                                                                                                               0
           1 REBAL REBALANCE WAIT         30                                                                                                               0
           1 REBAL COMPACT   WAIT         30                                                                                                               0

SQL>
SQL>
SQL>
SQL>
SQL>
SQL> /

GROUP_NUMBER OPERA PASS      STAT      POWER     ACTUAL      SOFAR   EST_WORK   EST_RATE EST_MINUTES ERROR_CODE                                       CON_ID
------------ ----- --------- ---- ---------- ---------- ---------- ---------- ---------- ----------- -------------------------------------------- ----------
           1 REBAL RESYNC    DONE         30                                                                                                               0
           1 REBAL RESILVER  DONE         30                                                                                                               0
           1 REBAL REBALANCE WAIT         30                                                                                                               0
           1 REBAL COMPACT   WAIT         30                                                                                                               0

SQL>
SQL>
SQL>
SQL>
SQL> exit
Disconnected from Oracle Database 12c Enterprise Edition Release 12.1.0.2.0 - 64bit Production
With the Real Application Clusters and Automatic Storage Management options
You have new mail in /var/spool/mail/oracle
oracle@fih3ex2dbadm01 $
oracle@fih3ex2dbadm01 $ dcli -g ~/cell_group -l root cellcli -e list alerthistory where endTime=null and alertShortName=Hardware and alertType=stateful and severity=critical
root@fih3ex2celadm01.emea.nsn-net.net's password: root@fih3ex2celadm02.emea.nsn-net.net's password: root@fih3ex2celadm03.emea.nsn-net.net's password:


Keyboard interrupt
killing child pid 238102...


oracle@fih3ex2dbadm01 $
oracle@fih3ex2dbadm01 $
oracle@fih3ex2dbadm01 $
